Archive member included to satisfy reference by file (symbol)

bootloader/commonboot/libc/libcommon_boot_libc.a(memset.c.obj)
                              (--whole-archive)
bootloader/commonboot/libc/libcommon_boot_libc.a(memcpy.c.obj)
                              (--whole-archive)
bootloader/commonboot/libc/libcommon_boot_libc.a(memcmp.c.obj)
                              (--whole-archive)
bootloader/commonboot/libc/libcommon_boot_libc.a(strcmp.c.obj)
                              (--whole-archive)
bootloader/commonboot/libc/libcommon_boot_libc.a(strlen.c.obj)
                              (--whole-archive)
bootloader/commonboot/libc/libcommon_boot_libc.a(memmove.c.obj)
                              (--whole-archive)
bootloader/commonboot/libcommon_boot.a(boot_reset.c.obj)
                              (--whole-archive)
bootloader/commonboot/libcommon_boot.a(boot_flash.c.obj)
                              (--whole-archive)
bootloader/commonboot/libcommon_boot.a(boot_debug.c.obj)
                              (--whole-archive)
bootloader/commonboot/libcommon_boot.a(boot_jump.c.obj)
                              (--whole-archive)
bootloader/flashboot_ws63/libflashboot_common.a(main.c.obj)
                              (--whole-archive)
bootloader/flashboot_ws63/libflashboot_common.a(riscv_init.S.obj)
                              (--whole-archive)
bootloader/flashboot_ws63/libflashboot_common.a(secure_verify_boot.c.obj)
                              (--whole-archive)
kernel/non_os/non_os/libnon_os.a(non_os_utils.c.obj)
                              (--whole-archive)
kernel/non_os/non_os/libnon_os.a(non_os_nmi.c.obj)
                              (--whole-archive)
kernel/non_os/malloc/libnonos_malloc.a(malloc.c.obj)
                              (--whole-archive)
kernel/osal/libosal.a(osal_atomic.c.obj)
                              (--whole-archive)
kernel/osal/libosal.a(osal_debug.c.obj)
                              (--whole-archive)
kernel/osal/libosal.a(osal_interrupt.c.obj)
                              (--whole-archive)
kernel/osal/libosal.a(osal_mutex.c.obj)
                              (--whole-archive)
kernel/osal/libosal.a(osal_semaphore.c.obj)
                              (--whole-archive)
kernel/osal/libosal.a(osal_spinlock.c.obj)
                              (--whole-archive)
kernel/osal/libosal.a(osal_wait.c.obj)
                              (--whole-archive)
kernel/osal/libosal.a(osal_task.c.obj)
                              (--whole-archive)
driver/pinmux/libpinctrl.a(pinctrl.c.obj)
                              (--whole-archive)
driver/pmp/libpmp.a(pmp.c.obj)
                              (--whole-archive)
driver/security_unified/libdrv_security_unified.a(hash_romable.c.obj)
                              (--whole-archive)
driver/security_unified/libdrv_security_unified.a(drv_flashboot_cipher.c.obj)
                              (--whole-archive)
driver/security_unified/libdrv_security_unified.a(drv_flashboot_symc.c.obj)
                              (--whole-archive)
driver/security_unified/libdrv_security_unified.a(crypto_drv_common.c.obj)
                              (--whole-archive)
driver/security_unified/libdrv_security_unified.a(drv_keyslot.c.obj)
                              (--whole-archive)
driver/security_unified/libdrv_security_unified.a(drv_klad.c.obj)
                              (--whole-archive)
driver/security_unified/libdrv_security_unified.a(drv_fapc.c.obj)
                              (--whole-archive)
driver/security_unified/libdrv_security_unified.a(crypto_curve_param.c.obj)
                              (--whole-archive)
driver/security_unified/libdrv_security_unified.a(drv_pke_sm2_verify.c.obj)
                              (--whole-archive)
driver/security_unified/libdrv_security_unified.a(drv_pke_ecdsa.c.obj)
                              (--whole-archive)
driver/security_unified/libdrv_security_unified.a(drv_pke_weak_func.c.obj)
                              (--whole-archive)
driver/security_unified/libdrv_security_unified.a(drv_pke_sm2_dsa_hash.c.obj)
                              (--whole-archive)
driver/security_unified/libdrv_security_unified.a(hal_rom_table.c.obj)
                              (--whole-archive)
driver/security_unified/libdrv_security_unified.a(drv_rom_table.c.obj)
                              (--whole-archive)
driver/security_unified/libdrv_security_unified.a(drv_rom_cipher.c.obj)
                              (--whole-archive)
driver/systick/libsystick.a(systick.c.obj)
                              (--whole-archive)
driver/tcxo/libtcxo.a(tcxo.c.obj)
                              (--whole-archive)
driver/timer/libdrv_timer.a(timer.c.obj)
                              (--whole-archive)
driver/uart/libuart.a(uart.c.obj)
                              (--whole-archive)
driver/watchdog/libwatchdog.a(watchdog.c.obj)
[...]
Memory Configuration

Name             Origin             Length             Attributes
STACK            0x0000000000a03100 0x0000000000002400 xrw
SRAM             0x0000000000a05500 0x000000000001dc00 xrw
FLASHBOOT_ROM_ADDR 0x0000000000a28300 0x0000000000010000 xrw
*default*        0x0000000000000000 0xffffffffffffffff

Linker script and memory map


.text.entry     0x0000000000a28300      0x248
                0x0000000000a28300                . = ALIGN (0x4)
 *(.text.entry)
 .text.entry    0x0000000000a28300      0x120 bootloader/flashboot_ws63/libflashboot_common.a(riscv_init.S.obj)
                0x0000000000a28300                _start
 *(.isr_vector)
 .isr_vector    0x0000000000a28420      0x128 drivers/chips/ws63/libchip_ws63.a(vectors.c.obj)
                0x0000000000a28548                . = ALIGN (0x4)

.stacks         0x0000000000a03100     0x2400
                0x0000000000a03100                . = ALIGN (0x10)
                0x0000000000a03100                g_system_stack_begin = ORIGIN (STACK)
                0x0000000000a04d00                . = (. + 0x1c00)
 *fill*         0x0000000000a03100     0x1c00 
                0x0000000000a04d00                __stack_top__ = .
                0x0000000000a05100                . = (. + 0x400)
 *fill*         0x0000000000a04d00      0x400 
                0x0000000000a05100                __irq_stack_top__ = .
                0x0000000000a05500                . = (. + 0x400)
 *fill*         0x0000000000a05100      0x400 
                0x0000000000a05500                __excp_stack_top__ = .
                0x0000000000a05500                . = ALIGN (0x10)
                0x0000000000a05500                g_system_stack_end = (ORIGIN (STACK) + LENGTH (STACK))

.text           0x0000000000a28550     0xb950
                0x0000000000a28550                . = ALIGN (0x4)
 *(.text)
 .text          0x0000000000a28550       0x4c drivers/chips/ws63/libchip_ws63.a(vectors.s.obj)
 .text          0x0000000000a2859c        0x4 d:/hisparkstudio/bearpi-pico_h3863-master/tools/bin/compiler/riscv/cc_riscv32_musl_105/cc_riscv32_musl_win/bin/../lib/gcc/riscv32-linux-musl/7.3.0\libgcc.a(_udivdi3.o)
                0x0000000000a2859c                __udivdi3
 .text          0x0000000000a285a0        0xc d:/hisparkstudio/bearpi-pico_h3863-master/tools/bin/compiler/riscv/cc_riscv32_musl_105/cc_riscv32_musl_win/bin/../lib/gcc/riscv32-linux-musl/7.3.0\libgcc.a(_umoddi3.o)
                0x0000000000a285a0                __umoddi3
 .text          0x0000000000a285ac      0x3f8 d:/hisparkstudio/bearpi-pico_h3863-master/tools/bin/compiler/riscv/cc_riscv32_musl_105/cc_riscv32_musl_win/bin/../lib/gcc/riscv32-linux-musl/7.3.0\libgcc.a(_udivmoddi4.o)
                0x0000000000a285ac                __udivmoddi4
 *(.text*)
 .text.memset   0x0000000000a289a4       0xae bootloader/commonboot/libc/libcommon_boot_libc.a(memset.c.obj)
                0x0000000000a289a4                memset
 .text.memcpy   0x0000000000a28a52      0x29c bootloader/commonboot/libc/libcommon_boot_libc.a(memcpy.c.obj)
                0x0000000000a28a52                memcpy
 .text.memcmp   0x0000000000a28cee       0x1e bootloader/commonboot/libc/libcommon_boot_libc.a(memcmp.c.obj)
                0x0000000000a28cee                memcmp
 .text.strlen   0x0000000000a28d0c       0x3e bootloader/commonboot/libc/libcommon_boot_libc.a(strlen.c.obj)
                0x0000000000a28d0c                strlen
 .text.memmove  0x0000000000a28d4a       0xbe bootloader/commonboot/libc/libcommon_boot_libc.a(memmove.c.obj)
                0x0000000000a28d4a                memmove
 .text.reset    0x0000000000a28e08       0x12 bootloader/commonboot/libcommon_boot.a(boot_reset.c.obj)
                0x0000000000a28e08                reset
 .text.boot_fail
                0x0000000000a28e1a        0x2 bootloader/commonboot/libcommon_boot.a(boot_reset.c.obj)
                0x0000000000a28e1a                boot_fail
 .text.boot_regist_flash_cmd
                0x0000000000a28e1c       0x1c bootloader/commonboot/libcommon_boot.a(boot_flash.c.obj)
                0x0000000000a28e1c                boot_regist_flash_cmd
 .text.jump_to_execute_addr
                0x0000000000a28e38        0x8 bootloader/commonboot/libcommon_boot.a(boot_jump.c.obj)
                0x0000000000a28e38                jump_to_execute_addr
 .text.ws63_set_try_fix_cnt
                0x0000000000a28e40       0x10 bootloader/flashboot_ws63/libflashboot_common.a(main.c.obj)
 .text.sfc_flash_erase
                0x0000000000a28e50        0xa bootloader/flashboot_ws63/libflashboot_common.a(main.c.obj)
 .text.sfc_flash_write
                0x0000000000a28e5a        0xa bootloader/flashboot_ws63/libflashboot_common.a(main.c.obj)
 .text.sfc_flash_read
                0x0000000000a28e64        0xa bootloader/flashboot_ws63/libflashboot_common.a(main.c.obj)
 .text.sfc_flash_init
                0x0000000000a28e6e        0xa bootloader/flashboot_ws63/libflashboot_common.a(main.c.obj)
 .text.start_fastboot
                0x0000000000a28e78      0x452 bootloader/flashboot_ws63/libflashboot_common.a(main.c.obj)
                0x0000000000a28e78                start_fastboot
 .text.check_image_id
                0x0000000000a292ca       0x4a bootloader/flashboot_ws63/libflashboot_common.a(secure_verify_boot.c.obj)
 .text.check_verify_enable
                0x0000000000a29314       0x34 bootloader/flashboot_ws63/libflashboot_common.a(secure_verify_boot.c.obj)
 .text.check_msid
                0x0000000000a29348       0x34 bootloader/flashboot_ws63/libflashboot_common.a(secure_verify_boot.c.obj)
 .text.secure_authenticate.constprop.2
                0x0000000000a2937c       0x6c bootloader/flashboot_ws63/libflashboot_common.a(secure_verify_boot.c.obj)
 .text.check_die_id.constprop.3
                0x0000000000a293e8       0x3e bootloader/flashboot_ws63/libflashboot_common.a(secure_verify_boot.c.obj)
 .text.check_version
                0x0000000000a29426       0x76 bootloader/flashboot_ws63/libflashboot_common.a(secure_verify_boot.c.obj)
 .text.verify_image_head
                0x0000000000a2949c      0x1dc bootloader/flashboot_ws63/libflashboot_common.a(secure_verify_boot.c.obj)
                0x0000000000a2949c                verify_image_head
 .text.verify_image_body
                0x0000000000a29678       0x7c bootloader/flashboot_ws63/libflashboot_common.a(secure_verify_boot.c.obj)
                0x0000000000a29678                verify_image_body
 .text.non_os_enter_critical
                0x0000000000a296f4       0x7a kernel/non_os/non_os/libnon_os.a(non_os_utils.c.obj)
                0x0000000000a296f4                non_os_enter_critical
 .text.non_os_exit_critical
                0x0000000000a2976e       0x6c kernel/non_os/non_os/libnon_os.a(non_os_utils.c.obj)
                0x0000000000a2976e                non_os_exit_critical
 .text.malloc_register_funcs
                0x0000000000a297da       0x16 kernel/non_os/malloc/libnonos_malloc.a(malloc.c.obj)
                0x0000000000a297da                malloc_register_funcs
 .text.rom_malloc_init
                0x0000000000a297f0       0x3e kernel/non_os/malloc/libnonos_malloc.a(malloc.c.obj)
                0x0000000000a297f0                rom_malloc_init
 .text.malloc_init
                0x0000000000a2982e        0x2 kernel/non_os/malloc/libnonos_malloc.a(malloc.c.obj)
                0x0000000000a2982e                malloc_init
 .text.rom_malloc
                0x0000000000a29830       0xd8 kernel/non_os/malloc/libnonos_malloc.a(malloc.c.obj)
                0x0000000000a29830                rom_malloc
 .text.malloc   0x0000000000a29908        0x8 kernel/non_os/malloc/libnonos_malloc.a(malloc.c.obj)
                0x0000000000a29908                malloc
 .text.rom_free
                0x0000000000a29910       0x2e kernel/non_os/malloc/libnonos_malloc.a(malloc.c.obj)
                0x0000000000a29910                rom_free
 .text.free     0x0000000000a2993e        0x2 kernel/non_os/malloc/libnonos_malloc.a(malloc.c.obj)
                0x0000000000a2993e                free
 .text.osal_irq_lock
                0x0000000000a29940        0x8 kernel/osal/libosal.a(osal_interrupt.c.obj)
                0x0000000000a29940                osal_irq_lock
 .text.osal_irq_restore
                0x0000000000a29948        0x2 kernel/osal/libosal.a(osal_interrupt.c.obj)
                0x0000000000a29948                osal_irq_restore
 .text.uapi_pmp_config
                0x0000000000a2994a       0x7c driver/pmp/libpmp.a(pmp.c.obj)
                0x0000000000a2994a                uapi_pmp_config
 .text.drv_rom_hash
                0x0000000000a299c6      0x148 driver/security_unified/libdrv_security_unified.a(hash_romable.c.obj)
                0x0000000000a299c6                drv_rom_hash
 .text.drv_rom_cipher_create_keyslot
                0x0000000000a29b0e       0x7c driver/security_unified/libdrv_security_unified.a(drv_flashboot_cipher.c.obj)
                0x0000000000a29b0e                drv_rom_cipher_create_keyslot
 .text.drv_rom_cipher_destroy_keyslot
                0x0000000000a29b8a        0x2 driver/security_unified/libdrv_security_unified.a(drv_flashboot_cipher.c.obj)
                0x0000000000a29b8a                drv_rom_cipher_destroy_keyslot
 .text.drv_rom_cipher_config_odrk1
                0x0000000000a29b8c       0x64 driver/security_unified/libdrv_security_unified.a(drv_flashboot_cipher.c.obj)
                0x0000000000a29b8c                drv_rom_cipher_config_odrk1
 .text.drv_rom_cipher_fapc_config
                0x0000000000a29bf0       0x46 driver/security_unified/libdrv_security_unified.a(drv_flashboot_cipher.c.obj)
                0x0000000000a29bf0                drv_rom_cipher_fapc_config
 .text.drv_rom_cipher_fapc_bypass_config
                0x0000000000a29c36        0x2 driver/security_unified/libdrv_security_unified.a(drv_flashboot_cipher.c.obj)
                0x0000000000a29c36                drv_rom_cipher_fapc_bypass_config
 .text.inner_symc_crypto
                0x0000000000a29c38      0x12c driver/security_unified/libdrv_security_unified.a(drv_flashboot_symc.c.obj)
 .text.drv_rom_cipher_symc_init
                0x0000000000a29d64       0x50 driver/security_unified/libdrv_security_unified.a(drv_flashboot_symc.c.obj)
                0x0000000000a29d64                drv_rom_cipher_symc_init
 .text.drv_rom_cipher_symc_deinit
                0x0000000000a29db4       0x10 driver/security_unified/libdrv_security_unified.a(drv_flashboot_symc.c.obj)
                0x0000000000a29db4                drv_rom_cipher_symc_deinit
 .text.drv_rom_cipher_symc_decrypt
                0x0000000000a29dc4        0xa driver/security_unified/libdrv_security_unified.a(drv_flashboot_symc.c.obj)
                0x0000000000a29dc4                drv_rom_cipher_symc_decrypt
 .text.crypto_get_cpu_type
                0x0000000000a29dce       0x14 driver/security_unified/libdrv_security_unified.a(crypto_drv_common.c.obj)
                0x0000000000a29dce                crypto_get_cpu_type
 .text.crypto_sm_support
                0x0000000000a29de2        0x4 driver/security_unified/libdrv_security_unified.a(crypto_drv_common.c.obj)
                0x0000000000a29de2                crypto_sm_support
 .text.crypto_get_value_by_index
                0x0000000000a29de6       0x2a driver/security_unified/libdrv_security_unified.a(crypto_drv_common.c.obj)
                0x0000000000a29de6                crypto_get_value_by_index
 .text.drv_keyslot_create
                0x0000000000a29e10       0x56 driver/security_unified/libdrv_security_unified.a(drv_keyslot.c.obj)
                0x0000000000a29e10                drv_keyslot_create
 .text.drv_keyslot_destroy
                0x0000000000a29e66       0x38 driver/security_unified/libdrv_security_unified.a(drv_keyslot.c.obj)
                0x0000000000a29e66                drv_keyslot_destroy
 .text.drv_klad_create
                0x0000000000a29e9e       0x36 driver/security_unified/libdrv_security_unified.a(drv_klad.c.obj)
                0x0000000000a29e9e                drv_klad_create
 .text.drv_klad_destroy
                0x0000000000a29ed4       0x34 driver/security_unified/libdrv_security_unified.a(drv_klad.c.obj)
                0x0000000000a29ed4                drv_klad_destroy
 .text.drv_klad_attach
                0x0000000000a29f08       0x62 driver/security_unified/libdrv_security_unified.a(drv_klad.c.obj)
                0x0000000000a29f08                drv_klad_attach
 .text.drv_klad_detach
                0x0000000000a29f6a       0x3e driver/security_unified/libdrv_security_unified.a(drv_klad.c.obj)
                0x0000000000a29f6a                drv_klad_detach
 .text.drv_klad_set_attr
                0x0000000000a29fa8       0x66 driver/security_unified/libdrv_security_unified.a(drv_klad.c.obj)
                0x0000000000a29fa8                drv_klad_set_attr
 .text.drv_klad_set_effective_key
                0x0000000000a2a00e       0xb8 driver/security_unified/libdrv_security_unified.a(drv_klad.c.obj)
                0x0000000000a2a00e                drv_klad_set_effective_key
 .text.drv_fapc_set_iv
                0x0000000000a2a0c6       0x10 driver/security_unified/libdrv_security_unified.a(drv_fapc.c.obj)
                0x0000000000a2a0c6                drv_fapc_set_iv
 .text.drv_fapc_set_config
                0x0000000000a2a0d6       0x88 driver/security_unified/libdrv_security_unified.a(drv_fapc.c.obj)
                0x0000000000a2a0d6                drv_fapc_set_config
 .text.drv_fapc_set_bypass_config
                0x0000000000a2a15e       0x28 driver/security_unified/libdrv_security_unified.a(drv_fapc.c.obj)
                0x0000000000a2a15e                drv_fapc_set_bypass_config
 .text.hal_hash_lock
                0x0000000000a2a186        0x8 driver/security_unified/libdrv_security_unified.a(hal_rom_table.c.obj)
                0x0000000000a2a186                hal_hash_lock
 .text.hal_hash_unlock
                0x0000000000a2a18e        0x8 driver/security_unified/libdrv_security_unified.a(hal_rom_table.c.obj)
                0x0000000000a2a18e                hal_hash_unlock
 .text.hal_cipher_hash_config
                0x0000000000a2a196        0x8 driver/security_unified/libdrv_security_unified.a(hal_rom_table.c.obj)
                0x0000000000a2a196                hal_cipher_hash_config
 .text.hal_cipher_hash_add_in_node
                0x0000000000a2a19e        0x8 driver/security_unified/libdrv_security_unified.a(hal_rom_table.c.obj)
                0x0000000000a2a19e                hal_cipher_hash_add_in_node
 .text.hal_cipher_hash_start
                0x0000000000a2a1a6        0x8 driver/security_unified/libdrv_security_unified.a(hal_rom_table.c.obj)
                0x0000000000a2a1a6                hal_cipher_hash_start
 .text.hal_cipher_hash_wait_done
                0x0000000000a2a1ae        0x8 driver/security_unified/libdrv_security_unified.a(hal_rom_table.c.obj)
                0x0000000000a2a1ae                hal_cipher_hash_wait_done
 .text.drv_rom_cipher_pke_bp256r_verify
                0x0000000000a2a1b6        0x8 driver/security_unified/libdrv_security_unified.a(drv_rom_table.c.obj)
                0x0000000000a2a1b6                drv_rom_cipher_pke_bp256r_verify
 .text.drv_rom_cipher_sha256
                0x0000000000a2a1be       0x30 driver/security_unified/libdrv_security_unified.a(drv_rom_cipher.c.obj)
                0x0000000000a2a1be                drv_rom_cipher_sha256
 .text.uapi_systick_get_count
                0x0000000000a2a1ee       0x30 driver/systick/libsystick.a(systick.c.obj)
                0x0000000000a2a1ee                uapi_systick_get_count
 .text.uapi_systick_get_us
                0x0000000000a2a21e       0x2c driver/systick/libsystick.a(systick.c.obj)
                0x0000000000a2a21e                uapi_systick_get_us
 .text.uapi_tcxo_init
                0x0000000000a2a24a       0x36 driver/tcxo/libtcxo.a(tcxo.c.obj)
                0x0000000000a2a24a                uapi_tcxo_init
 .text.uapi_tcxo_get_count
                0x0000000000a2a280       0x30 driver/tcxo/libtcxo.a(tcxo.c.obj)
                0x0000000000a2a280                uapi_tcxo_get_count
 .text.uapi_tcxo_delay_ms
                0x0000000000a2a2b0       0x50 driver/tcxo/libtcxo.a(tcxo.c.obj)
                0x0000000000a2a2b0                uapi_tcxo_delay_ms
 .text.uapi_tcxo_delay_us
                0x0000000000a2a300       0x3e driver/tcxo/libtcxo.a(tcxo.c.obj)
                0x0000000000a2a300                uapi_tcxo_delay_us
 .text.uart_helper_invoke_current_fragment_callback
                0x0000000000a2a33e       0x1e driver/uart/libuart.a(uart.c.obj)
 .text.uart_helper_move_to_next_fragment
                0x0000000000a2a35c       0x3e driver/uart/libuart.a(uart.c.obj)
 .text.uart_helper_send_next_char
                0x0000000000a2a39a       0x2e driver/uart/libuart.a(uart.c.obj)
 .text.uart_error_isr
                0x0000000000a2a3c8       0x80 driver/uart/libuart.a(uart.c.obj)
 .text.uart_evt_callback
                0x0000000000a2a448      0x1c4 driver/uart/libuart.a(uart.c.obj)
 .text.uapi_uart_init
                0x0000000000a2a60c       0xce driver/uart/libuart.a(uart.c.obj)
                0x0000000000a2a60c                uapi_uart_init
 .text.uapi_uart_write
                0x0000000000a2a6da       0x72 driver/uart/libuart.a(uart.c.obj)
                0x0000000000a2a6da                uapi_uart_write
 .text.uapi_watchdog_init
                0x0000000000a2a74c       0x52 driver/watchdog/libwatchdog.a(watchdog.c.obj)
                0x0000000000a2a74c                uapi_watchdog_init
 .text.uapi_watchdog_enable
                0x0000000000a2a79e       0x44 driver/watchdog/libwatchdog.a(watchdog.c.obj)
                0x0000000000a2a79e                uapi_watchdog_enable
 .text.uapi_watchdog_disable
                0x0000000000a2a7e2       0x36 driver/watchdog/libwatchdog.a(watchdog.c.obj)
                0x0000000000a2a7e2                uapi_watchdog_disable
 .text.uapi_watchdog_deinit
                0x0000000000a2a818       0x3a driver/watchdog/libwatchdog.a(watchdog.c.obj)
                0x0000000000a2a818                uapi_watchdog_deinit
 .text.uapi_watchdog_kick
                0x0000000000a2a852       0x2c driver/watchdog/libwatchdog.a(watchdog.c.obj)
                0x0000000000a2a852                uapi_watchdog_kick
 .text.uapi_efuse_init
                0x0000000000a2a87e       0x10 driver/efuse/libefuse.a(efuse.c.obj)
                0x0000000000a2a87e                uapi_efuse_init
 .text.uapi_efuse_read_bit
                0x0000000000a2a88e       0x56 driver/efuse/libefuse.a(efuse.c.obj)
                0x0000000000a2a88e                uapi_efuse_read_bit
 .text.uapi_efuse_read_buffer
                0x0000000000a2a8e4       0x5a driver/efuse/libefuse.a(efuse.c.obj)
                0x0000000000a2a8e4                uapi_efuse_read_buffer
 .text.hal_efuse_register_funcs
                0x0000000000a2a93e       0x16 hal/efuse/libhal_efuse_v151.a(hal_efuse.c.obj)
                0x0000000000a2a93e                hal_efuse_register_funcs
 .text.hal_efuse_get_funcs
                0x0000000000a2a954        0xa hal/efuse/libhal_efuse_v151.a(hal_efuse.c.obj)
                0x0000000000a2a954                hal_efuse_get_funcs
 .text.hal_efuse_deinit
                0x0000000000a2a95e        0xc hal/efuse/libhal_efuse_v151.a(hal_efuse_v151.c.obj)
 .text.hal_efuse_get_writeread_addr
                0x0000000000a2a96a       0x26 hal/efuse/libhal_efuse_v151.a(hal_efuse_v151.c.obj)
 .text.hal_efuse_init
                0x0000000000a2a990       0x2e hal/efuse/libhal_efuse_v151.a(hal_efuse_v151.c.obj)
 .text.hal_efuse_read_byte
                0x0000000000a2a9be       0x60 hal/efuse/libhal_efuse_v151.a(hal_efuse_v151.c.obj)
 .text.hal_efuse_get_die_id
                0x0000000000a2aa1e       0x34 hal/efuse/libhal_efuse_v151.a(hal_efuse_v151.c.obj)
 .text.hal_efuse_write_operation
                0x0000000000a2aa52       0x98 hal/efuse/libhal_efuse_v151.a(hal_efuse_v151.c.obj)
 .text.hal_efuse_write_buffer_operation
                0x0000000000a2aaea       0x3c hal/efuse/libhal_efuse_v151.a(hal_efuse_v151.c.obj)
 .text.hal_efuse_set_clock_period
                0x0000000000a2ab26        0xa hal/efuse/libhal_efuse_v151.a(hal_efuse_v151.c.obj)
                0x0000000000a2ab26                hal_efuse_set_clock_period
 .text.hal_efuse_funcs_get
                0x0000000000a2ab30        0x8 hal/efuse/libhal_efuse_v151.a(hal_efuse_v151.c.obj)
                0x0000000000a2ab30                hal_efuse_funcs_get
 .text.hal_efuse_regs_init
                0x0000000000a2ab38       0x32 hal/efuse/libhal_efuse_v151.a(hal_efuse_v151_reg_op.c.obj)
                0x0000000000a2ab38                hal_efuse_regs_init
 .text.hal_pmp_register_funcs
                0x0000000000a2ab6a       0x16 hal/pmp/libhal_pmp.a(hal_pmp.c.obj)
                0x0000000000a2ab6a                hal_pmp_register_funcs
 .text.hal_pmp_get_funcs
                0x0000000000a2ab80        0xa hal/pmp/libhal_pmp.a(hal_pmp.c.obj)
                0x0000000000a2ab80                hal_pmp_get_funcs
 .text.hal_pmp_riscv31_config
                0x0000000000a2ab8a       0x4c hal/pmp/libhal_pmp.a(hal_pmp_riscv31.c.obj)
 .text.hal_pmp_riscv31_funcs_get
                0x0000000000a2abd6        0x8 hal/pmp/libhal_pmp.a(hal_pmp_riscv31.c.obj)
                0x0000000000a2abd6                hal_pmp_riscv31_funcs_get
 .text.hal_pmp_riscv31_regs_set_pmpaddr
                0x0000000000a2abde       0x9e hal/pmp/libhal_pmp.a(hal_pmp_riscv31_regs_op.c.obj)
                0x0000000000a2abde                hal_pmp_riscv31_regs_set_pmpaddr
 .text.hal_pmp_riscv31_regs_set_memxattr
                0x0000000000a2ac7c       0x50 hal/pmp/libhal_pmp.a(hal_pmp_riscv31_regs_op.c.obj)
                0x0000000000a2ac7c                hal_pmp_riscv31_regs_set_memxattr
 .text.hal_pmp_riscv31_regs_set_pmpxcfg
                0x0000000000a2accc       0x76 hal/pmp/libhal_pmp.a(hal_pmp_riscv31_regs_op.c.obj)
                0x0000000000a2accc                hal_pmp_riscv31_regs_set_pmpxcfg
 .text.hal_reboot_chip
                0x0000000000a2ad42       0x10 hal/reboot/libhal_reboot.a(hal_reboot.c.obj)
                0x0000000000a2ad42                hal_reboot_chip
 .text.hal_rkp_lock
                0x0000000000a2ad52       0x42 hal/security_unified/libhal_security_unified.a(hal_rkp.c.obj)
                0x0000000000a2ad52                hal_rkp_lock
 .text.hal_rkp_unlock
                0x0000000000a2ad94       0x10 hal/security_unified/libhal_security_unified.a(hal_rkp.c.obj)
                0x0000000000a2ad94                hal_rkp_unlock
 .text.hal_rkp_kdf_wait_done
                0x0000000000a2ada4       0x40 hal/security_unified/libhal_security_unified.a(hal_rkp.c.obj)
                0x0000000000a2ada4                hal_rkp_kdf_wait_done
 .text.hal_rkp_kdf_hard_calculation
                0x0000000000a2ade4      0x102 hal/security_unified/libhal_security_unified.a(hal_rkp.c.obj)
                0x0000000000a2ade4                hal_rkp_kdf_hard_calculation
 .text.inner_kslot_chn_is_locked
                0x0000000000a2aee6       0x36 hal/security_unified/libhal_security_unified.a(hal_keyslot.c.obj)
 .text.inner_chk_kslot_busy
                0x0000000000a2af1c       0x2a hal/security_unified/libhal_security_unified.a(hal_keyslot.c.obj)
 .text.inner_kslot_is_busy
                0x0000000000a2af46       0x14 hal/security_unified/libhal_security_unified.a(hal_keyslot.c.obj)
 .text.hal_keyslot_lock
                0x0000000000a2af5a       0x9c hal/security_unified/libhal_security_unified.a(hal_keyslot.c.obj)
                0x0000000000a2af5a                hal_keyslot_lock
 .text.hal_keyslot_unlock
                0x0000000000a2aff6       0xb6 hal/security_unified/libhal_security_unified.a(hal_keyslot.c.obj)
                0x0000000000a2aff6                hal_keyslot_unlock
 .text.inner_klad_set_key_odd
                0x0000000000a2b0ac       0x1c hal/security_unified/libhal_security_unified.a(hal_klad.c.obj)
 .text.inner_klad_wait_com_route_done
                0x0000000000a2b0c8       0x52 hal/security_unified/libhal_security_unified.a(hal_klad.c.obj)
 .text.hal_klad_lock
                0x0000000000a2b11a       0x5a hal/security_unified/libhal_security_unified.a(hal_klad.c.obj)
                0x0000000000a2b11a                hal_klad_lock
 .text.hal_klad_unlock
                0x0000000000a2b174       0x3c hal/security_unified/libhal_security_unified.a(hal_klad.c.obj)
                0x0000000000a2b174                hal_klad_unlock
 .text.hal_klad_set_key_crypto_cfg
                0x0000000000a2b1b0       0x6a hal/security_unified/libhal_security_unified.a(hal_klad.c.obj)
                0x0000000000a2b1b0                hal_klad_set_key_crypto_cfg
 .text.hal_klad_set_key_dest_cfg
                0x0000000000a2b21a       0x38 hal/security_unified/libhal_security_unified.a(hal_klad.c.obj)
                0x0000000000a2b21a                hal_klad_set_key_dest_cfg
 .text.hal_klad_set_key_secure_cfg
                0x0000000000a2b252       0x52 hal/security_unified/libhal_security_unified.a(hal_klad.c.obj)
                0x0000000000a2b252                hal_klad_set_key_secure_cfg
 .text.hal_klad_set_key_addr
                0x0000000000a2b2a4       0x32 hal/security_unified/libhal_security_unified.a(hal_klad.c.obj)
                0x0000000000a2b2a4                hal_klad_set_key_addr
 .text.hal_klad_start_com_route
                0x0000000000a2b2d6       0xc6 hal/security_unified/libhal_security_unified.a(hal_klad.c.obj)
                0x0000000000a2b2d6                hal_klad_start_com_route
 .text.hal_fapc_set_region_addr
                0x0000000000a2b39c       0x22 hal/security_unified/libhal_security_unified.a(hal_fapc.c.obj)
                0x0000000000a2b39c                hal_fapc_set_region_addr
 .text.hal_fapc_set_region_permission
                0x0000000000a2b3be        0x4 hal/security_unified/libhal_security_unified.a(hal_fapc.c.obj)
                0x0000000000a2b3be                hal_fapc_set_region_permission
 .text.hal_fapc_set_region_mac_addr
                0x0000000000a2b3c2        0x4 hal/security_unified/libhal_security_unified.a(hal_fapc.c.obj)
                0x0000000000a2b3c2                hal_fapc_set_region_mac_addr
 .text.hal_fapc_set_region_mode
                0x0000000000a2b3c6       0x3a hal/security_unified/libhal_security_unified.a(hal_fapc.c.obj)
                0x0000000000a2b3c6                hal_fapc_set_region_mode
 .text.hal_fapc_region_enable
                0x0000000000a2b400        0x4 hal/security_unified/libhal_security_unified.a(hal_fapc.c.obj)
                0x0000000000a2b400                hal_fapc_region_enable
 .text.hal_fapc_region_lock
                0x0000000000a2b404       0x24 hal/security_unified/libhal_security_unified.a(hal_fapc.c.obj)
                0x0000000000a2b404                hal_fapc_region_lock
 .text.hal_fapc_set_region_iv
                0x0000000000a2b428       0x48 hal/security_unified/libhal_security_unified.a(hal_fapc.c.obj)
                0x0000000000a2b428                hal_fapc_set_region_iv
 .text.hal_fapc_set_region_iv_start_addr
                0x0000000000a2b470       0x1c hal/security_unified/libhal_security_unified.a(hal_fapc.c.obj)
                0x0000000000a2b470                hal_fapc_set_region_iv_start_addr
 .text.hal_tcxo_init
                0x0000000000a2b48c       0x2c hal/tcxo/libhal_tcxo.a(hal_tcxo_v150.c.obj)
                0x0000000000a2b48c                hal_tcxo_init
 .text.hal_tcxo_get
                0x0000000000a2b4b8       0x30 hal/tcxo/libhal_tcxo.a(hal_tcxo_v150.c.obj)
                0x0000000000a2b4b8                hal_tcxo_get
 .text.hal_tcxo_v150_regs_init
                0x0000000000a2b4e8       0x20 hal/tcxo/libhal_tcxo.a(hal_tcxo_v150_regs_op.c.obj)
                0x0000000000a2b4e8                hal_tcxo_v150_regs_init
 .text.hal_tcxo_reg_count_get
                0x0000000000a2b508        0xe hal/tcxo/libhal_tcxo.a(hal_tcxo_v150_regs_op.c.obj)
                0x0000000000a2b508                hal_tcxo_reg_count_get
 .text.hal_uart_register_funcs
                0x0000000000a2b516       0x1e hal/uart/libhal_uart.a(hal_uart.c.obj)
                0x0000000000a2b516                hal_uart_register_funcs
 .text.hal_uart_init
                0x0000000000a2b534       0x3e hal/uart/libhal_uart.a(hal_uart.c.obj)
                0x0000000000a2b534                hal_uart_init
 .text.hal_uart_write
                0x0000000000a2b572       0x12 hal/uart/libhal_uart.a(hal_uart.c.obj)
                0x0000000000a2b572                hal_uart_write
 .text.hal_uart_read
                0x0000000000a2b584       0x12 hal/uart/libhal_uart.a(hal_uart.c.obj)
                0x0000000000a2b584                hal_uart_read
 .text.hal_uart_ctrl
                0x0000000000a2b596       0x1c hal/uart/libhal_uart.a(hal_uart.c.obj)
                0x0000000000a2b596                hal_uart_ctrl
 .text.hal_uart_v151_ctrl_get_rxfifo_passnum
                0x0000000000a2b5b2       0x12 hal/uart/libhal_uart.a(hal_uart_v151.c.obj)
 .text.hal_uart_v151_get_uart_rxfifo_threshold
                0x0000000000a2b5c4       0x22 hal/uart/libhal_uart.a(hal_uart_v151.c.obj)
 .text.hal_uart_v151_deinit
                0x0000000000a2b5e6       0x12 hal/uart/libhal_uart.a(hal_uart_v151.c.obj)
 .text.hal_uart_set_diven
                0x0000000000a2b5f8       0x18 hal/uart/libhal_uart.a(hal_uart_v151.c.obj)
 .text.hal_uart_is_tx_fifo_full
                0x0000000000a2b610       0x16 hal/uart/libhal_uart.a(hal_uart_v151.c.obj)
 .text.hal_uart_is_tx_fifo_empty
                0x0000000000a2b626       0x18 hal/uart/libhal_uart.a(hal_uart_v151.c.obj)
 .text.hal_uart_is_busy
                0x0000000000a2b63e       0x1e hal/uart/libhal_uart.a(hal_uart_v151.c.obj)
 .text.hal_uart_is_rx_fifo_empty
                0x0000000000a2b65c       0x18 hal/uart/libhal_uart.a(hal_uart_v151.c.obj)
 .text.hal_uart_v151_write
                0x0000000000a2b674       0x26 hal/uart/libhal_uart.a(hal_uart_v151.c.obj)
 .text.hal_uart_v151_read
                0x0000000000a2b69a       0x28 hal/uart/libhal_uart.a(hal_uart_v151.c.obj)
 .text.hal_uart_v151_ctrl
                0x0000000000a2b6c2       0x1c hal/uart/libhal_uart.a(hal_uart_v151.c.obj)
 .text.hal_uart_init_fifo
                0x0000000000a2b6de       0x3c hal/uart/libhal_uart.a(hal_uart_v151.c.obj)
                0x0000000000a2b6de                hal_uart_init_fifo
 .text.hal_uart_v151_ctrl_set_txfifo_int_level
                0x0000000000a2b71a       0x20 hal/uart/libhal_uart.a(hal_uart_v151.c.obj)
 .text.hal_uart_v151_ctrl_set_rxfifo_int_level
                0x0000000000a2b73a       0x22 hal/uart/libhal_uart.a(hal_uart_v151.c.obj)
 .text.hal_uart_set_baud_rate
                0x0000000000a2b75c       0x42 hal/uart/libhal_uart.a(hal_uart_v151.c.obj)
                0x0000000000a2b75c                hal_uart_set_baud_rate
 .text.hal_uart_set_data_bits
                0x0000000000a2b79e       0x1a hal/uart/libhal_uart.a(hal_uart_v151.c.obj)
                0x0000000000a2b79e                hal_uart_set_data_bits
 .text.hal_uart_set_stop_bits
                0x0000000000a2b7b8       0x1c hal/uart/libhal_uart.a(hal_uart_v151.c.obj)
                0x0000000000a2b7b8                hal_uart_set_stop_bits
 .text.hal_uart_auto_flow_ctl_en
                0x0000000000a2b7d4       0x1c hal/uart/libhal_uart.a(hal_uart_v151.c.obj)
                0x0000000000a2b7d4                hal_uart_auto_flow_ctl_en
 .text.hal_uart_enable_interrupt
                0x0000000000a2b7f0       0x4a hal/uart/libhal_uart.a(hal_uart_v151.c.obj)
                0x0000000000a2b7f0                hal_uart_enable_interrupt
 .text.hal_uart_en_para_err_int
                0x0000000000a2b83a        0xe hal/uart/libhal_uart.a(hal_uart_v151.c.obj)
 .text.hal_uart_en_idle_int
                0x0000000000a2b848        0xe hal/uart/libhal_uart.a(hal_uart_v151.c.obj)
 .text.hal_uart_en_rx_int
                0x0000000000a2b856        0xe hal/uart/libhal_uart.a(hal_uart_v151.c.obj)
 .text.hal_uart_en_tx_int
                0x0000000000a2b864        0xe hal/uart/libhal_uart.a(hal_uart_v151.c.obj)
 .text.hal_uart_check_en
                0x0000000000a2b872       0x1c hal/uart/libhal_uart.a(hal_uart_v151.c.obj)
                0x0000000000a2b872                hal_uart_check_en
 .text.hal_uart_parity_en
                0x0000000000a2b88e       0x1a hal/uart/libhal_uart.a(hal_uart_v151.c.obj)
                0x0000000000a2b88e                hal_uart_parity_en
 .text.hal_uart_set_parity
                0x0000000000a2b8a8       0x26 hal/uart/libhal_uart.a(hal_uart_v151.c.obj)
                0x0000000000a2b8a8                hal_uart_set_parity
 .text.hal_uart_v151_ctrl_set_attr
                0x0000000000a2b8ce       0x2c hal/uart/libhal_uart.a(hal_uart_v151.c.obj)
 .text.hal_uart_tx_pause_en
                0x0000000000a2b8fa       0x18 hal/uart/libhal_uart.a(hal_uart_v151.c.obj)
                0x0000000000a2b8fa                hal_uart_tx_pause_en
 .text.hal_uart_v151_init
                0x0000000000a2b912       0x9e hal/uart/libhal_uart.a(hal_uart_v151.c.obj)
 .text.hal_uart_v151_funcs_get
                0x0000000000a2b9b0        0x8 hal/uart/libhal_uart.a(hal_uart_v151.c.obj)
                0x0000000000a2b9b0                hal_uart_v151_funcs_get
 .text.hal_watchdog_register_funcs
                0x0000000000a2b9b8       0x16 hal/watchdog/libhal_watchdog.a(hal_watchdog.c.obj)
                0x0000000000a2b9b8                hal_watchdog_register_funcs
 .text.hal_watchdog_unregister_funcs
                0x0000000000a2b9ce        0xe hal/watchdog/libhal_watchdog.a(hal_watchdog.c.obj)
                0x0000000000a2b9ce                hal_watchdog_unregister_funcs
 .text.hal_watchdog_get_funcs
                0x0000000000a2b9dc        0xa hal/watchdog/libhal_watchdog.a(hal_watchdog.c.obj)
                0x0000000000a2b9dc                hal_watchdog_get_funcs
 .text.hal_watchdog_regs_init
                0x0000000000a2b9e6       0x1e hal/watchdog/libhal_watchdog.a(hal_watchdog.c.obj)
                0x0000000000a2b9e6                hal_watchdog_regs_init
 .text.hal_watchdog_regs_deinit
                0x0000000000a2ba04        0xc hal/watchdog/libhal_watchdog.a(hal_watchdog.c.obj)
                0x0000000000a2ba04                hal_watchdog_regs_deinit
 .text.hal_watchdog_v151_kick
                0x0000000000a2ba10       0x12 hal/watchdog/libhal_watchdog.a(hal_watchdog_v151.c.obj)
 .text.hal_watchdog_v151_get_attr
                0x0000000000a2ba22        0xa hal/watchdog/libhal_watchdog.a(hal_watchdog_v151.c.obj)
 .text.hal_register_watchdog_v151_callback
                0x0000000000a2ba2c        0xa hal/watchdog/libhal_watchdog.a(hal_watchdog_v151.c.obj)
 .text.hal_watchdog_v151_deinit
                0x0000000000a2ba36        0x2 hal/watchdog/libhal_watchdog.a(hal_watchdog_v151.c.obj)
 .text.hal_watchdog_v151_init
                0x0000000000a2ba38        0x2 hal/watchdog/libhal_watchdog.a(hal_watchdog_v151.c.obj)
 .text.hal_watchdog_v151_get_left_time
                0x0000000000a2ba3a       0x50 hal/watchdog/libhal_watchdog.a(hal_watchdog_v151.c.obj)
 .text.hal_watchdog_v151_clear_interrupt
                0x0000000000a2ba8a       0x12 hal/watchdog/libhal_watchdog.a(hal_watchdog_v151.c.obj)
 .text.hal_watchdog_v151_disable
                0x0000000000a2ba9c       0x14 hal/watchdog/libhal_watchdog.a(hal_watchdog_v151.c.obj)
 .text.hal_watchdog_v151_set_attr
                0x0000000000a2bab0       0x70 hal/watchdog/libhal_watchdog.a(hal_watchdog_v151.c.obj)
 .text.hal_watchdog_v151_enable
                0x0000000000a2bb20       0x3c hal/watchdog/libhal_watchdog.a(hal_watchdog_v151.c.obj)
 .text.hal_watchdog_v151_funcs_get
                0x0000000000a2bb5c        0x8 hal/watchdog/libhal_watchdog.a(hal_watchdog_v151.c.obj)
                0x0000000000a2bb5c                hal_watchdog_v151_funcs_get
 .text.hal_sfc_regs_init
                0x0000000000a2bb64       0x5a hal/sfc/libhal_sfc.a(hal_sfc.c.obj)
                0x0000000000a2bb64                hal_sfc_regs_init
 .text.hal_sfc_regs_set_cmd_addr
                0x0000000000a2bbbe       0x1e hal/sfc/libhal_sfc.a(hal_sfc_v150.c.obj)
 .text.hal_sfc_regs_wait_ready.constprop.3
                0x0000000000a2bbdc       0x60 hal/sfc/libhal_sfc.a(hal_sfc_v150.c.obj)
 .text.hal_sfc_execute_type_cmd
                0x0000000000a2bc3c       0x5c hal/sfc/libhal_sfc.a(hal_sfc_v150.c.obj)
 .text.hal_sfc_write_enable
                0x0000000000a2bc98       0x16 hal/sfc/libhal_sfc.a(hal_sfc_v150.c.obj)
 .text.hal_sfc_reg_write_once
                0x0000000000a2bcae       0x7c hal/sfc/libhal_sfc.a(hal_sfc_v150.c.obj)
 .text.hal_sfc_get_flash_id
                0x0000000000a2bd2a       0x44 hal/sfc/libhal_sfc.a(hal_sfc_v150.c.obj)
                0x0000000000a2bd2a                hal_sfc_get_flash_id
 .text.hal_sfc_init
                0x0000000000a2bd6e       0xe2 hal/sfc/libhal_sfc.a(hal_sfc_v150.c.obj)
                0x0000000000a2bd6e                hal_sfc_init
 .text.hal_sfc_reg_read
                0x0000000000a2be50       0x8c hal/sfc/libhal_sfc.a(hal_sfc_v150.c.obj)
                0x0000000000a2be50                hal_sfc_reg_read
 .text.hal_sfc_reg_write
                0x0000000000a2bedc       0x60 hal/sfc/libhal_sfc.a(hal_sfc_v150.c.obj)
                0x0000000000a2bedc                hal_sfc_reg_write
 .text.hal_sfc_reg_erase
                0x0000000000a2bf3c       0x32 hal/sfc/libhal_sfc.a(hal_sfc_v150.c.obj)
                0x0000000000a2bf3c                hal_sfc_reg_erase
 .text.hal_sfc_regs_set_opt
                0x0000000000a2bf6e       0x38 hal/sfc/libhal_sfc.a(hal_sfc_v150_regs_op.c.obj)
                0x0000000000a2bf6e                hal_sfc_regs_set_opt
 .text.hal_sfc_regs_set_opt_attr
                0x0000000000a2bfa6       0x2e hal/sfc/libhal_sfc.a(hal_sfc_v150_regs_op.c.obj)
                0x0000000000a2bfa6                hal_sfc_regs_set_opt_attr
 .text.hal_sfc_regs_wait_config
                0x0000000000a2bfd4       0x10 hal/sfc/libhal_sfc.a(hal_sfc_v150_regs_op.c.obj)
                0x0000000000a2bfd4                hal_sfc_regs_wait_config
 .text.hal_sfc_regs_set_bus_read
                0x0000000000a2bfe4       0x3c hal/sfc/libhal_sfc.a(hal_sfc_v150_regs_op.c.obj)
                0x0000000000a2bfe4                hal_sfc_regs_set_bus_read
 .text.hal_sfc_regs_set_bus_write
                0x0000000000a2c020       0x36 hal/sfc/libhal_sfc.a(hal_sfc_v150_regs_op.c.obj)
                0x0000000000a2c020                hal_sfc_regs_set_bus_write
 .text.pmp_enable
                0x0000000000a2c056       0x40 drivers/chips/ws63/porting/arch/libpmp_cfg_ws63.a(pmp_cfg.c.obj)
                0x0000000000a2c056                pmp_enable
 .text.uart_port_register_hal_funcs
                0x0000000000a2c096       0x12 drivers/chips/ws63/porting/uart/libuart_port.a(uart_porting.c.obj)
                0x0000000000a2c096                uart_port_register_hal_funcs
 .text.uart_port_set_clock_value
                0x0000000000a2c0a8        0xa drivers/chips/ws63/porting/uart/libuart_port.a(uart_porting.c.obj)
                0x0000000000a2c0a8                uart_port_set_clock_value
 .text.uart_port_get_clock_value
                0x0000000000a2c0b2        0xa drivers/chips/ws63/porting/uart/libuart_port.a(uart_porting.c.obj)
                0x0000000000a2c0b2                uart_port_get_clock_value
 .text.uart_port_config_pinmux
                0x0000000000a2c0bc       0x10 drivers/chips/ws63/porting/uart/libuart_port.a(uart_porting.c.obj)
                0x0000000000a2c0bc                uart_port_config_pinmux
 .text.uart_port_register_irq
                0x0000000000a2c0cc        0x2 drivers/chips/ws63/porting/uart/libuart_port.a(uart_porting.c.obj)
                0x0000000000a2c0cc                uart_port_register_irq
 .text.uart_port_unregister_irq
                0x0000000000a2c0ce        0x2 drivers/chips/ws63/porting/uart/libuart_port.a(uart_porting.c.obj)
                0x0000000000a2c0ce                uart_port_unregister_irq
 .text.print_str
                0x0000000000a2c0d0       0x66 drivers/chips/ws63/porting/uart/libuart_port.a(uart_porting.c.obj)
                0x0000000000a2c0d0                print_str
 .text.uart_porting_lock
                0x0000000000a2c136        0x4 drivers/chips/ws63/porting/uart/libuart_port.a(uart_porting.c.obj)
                0x0000000000a2c136                uart_porting_lock
 .text.uart_porting_unlock
                0x0000000000a2c13a        0x6 drivers/chips/ws63/porting/uart/libuart_port.a(uart_porting.c.obj)
                0x0000000000a2c13a                uart_porting_unlock
 .text.hal_systick_get_count
                0x0000000000a2c140       0x10 drivers/chips/ws63/porting/systick/libsystick_port.a(hal_systick_ws63.c.obj)
                0x0000000000a2c140                hal_systick_get_count
 .text.systick_clock_get
                0x0000000000a2c150        0xa drivers/chips/ws63/porting/systick/libsystick_port.a(systick_porting.c.obj)
                0x0000000000a2c150                systick_clock_get
 .text.tcxo_porting_base_addr_get
                0x0000000000a2c15a        0x8 drivers/chips/ws63/porting/tcxo/libtcxo_port.a(tcxo_porting.c.obj)
                0x0000000000a2c15a                tcxo_porting_base_addr_get
 .text.tcxo_porting_ticks_per_usec_get
                0x0000000000a2c162        0xa drivers/chips/ws63/porting/tcxo/libtcxo_port.a(tcxo_porting.c.obj)
                0x0000000000a2c162                tcxo_porting_ticks_per_usec_get
 .text.tcxo_porting_ticks_per_usec_set
                0x0000000000a2c16c        0xa drivers/chips/ws63/porting/tcxo/libtcxo_port.a(tcxo_porting.c.obj)
                0x0000000000a2c16c                tcxo_porting_ticks_per_usec_set
 .text.watchdog_port_register_hal_funcs
                0x0000000000a2c176        0xc drivers/chips/ws63/porting/watchdog/libwatchdog_port.a(watchdog_porting.c.obj)
                0x0000000000a2c176                watchdog_port_register_hal_funcs
 .text.watchdog_port_unregister_hal_funcs
                0x0000000000a2c182        0x4 drivers/chips/ws63/porting/watchdog/libwatchdog_port.a(watchdog_porting.c.obj)
                0x0000000000a2c182                watchdog_port_unregister_hal_funcs
 .text.watchdog_port_register_irq
                0x0000000000a2c186        0x2 drivers/chips/ws63/porting/watchdog/libwatchdog_port.a(watchdog_porting.c.obj)
                0x0000000000a2c186                watchdog_port_register_irq
 .text.watchdog_port_set_clock
                0x0000000000a2c188       0x16 drivers/chips/ws63/porting/watchdog/libwatchdog_port.a(watchdog_porting.c.obj)
                0x0000000000a2c188                watchdog_port_set_clock
 .text.watchdog_port_get_clock
                0x0000000000a2c19e        0xa drivers/chips/ws63/porting/watchdog/libwatchdog_port.a(watchdog_porting.c.obj)
                0x0000000000a2c19e                watchdog_port_get_clock
 .text.pmp_port_register_hal_funcs
                0x0000000000a2c1a8        0xc drivers/chips/ws63/porting/pmp/libpmp_port.a(pmp_porting.c.obj)
                0x0000000000a2c1a8                pmp_port_register_hal_funcs
 .text.sfc_port_get_flash_spi_infos
                0x0000000000a2c1b4        0x8 drivers/chips/ws63/porting/sfc/flash_config/libsfc_flash_config_ws63.a(flash_config_info.c.obj)
                0x0000000000a2c1b4                sfc_port_get_flash_spi_infos
 .text.sfc_port_get_flash_num
                0x0000000000a2c1bc        0x4 drivers/chips/ws63/porting/sfc/flash_config/libsfc_flash_config_ws63.a(flash_config_info.c.obj)
                0x0000000000a2c1bc                sfc_port_get_flash_num
 .text.sfc_port_get_unknown_flash_info
                0x0000000000a2c1c0        0x8 drivers/chips/ws63/porting/sfc/flash_config/libsfc_flash_config_ws63.a(flash_config_info.c.obj)
                0x0000000000a2c1c0                sfc_port_get_unknown_flash_info
 .text.sfc_port_get_sfc_start_addr
                0x0000000000a2c1c8        0x6 drivers/chips/ws63/porting/sfc/porting/libsfc_port_ws63.a(sfc_porting.c.obj)
                0x0000000000a2c1c8                sfc_port_get_sfc_start_addr
 .text.sfc_port_get_sfc_end_addr
                0x0000000000a2c1ce        0x8 drivers/chips/ws63/porting/sfc/porting/libsfc_port_ws63.a(sfc_porting.c.obj)
                0x0000000000a2c1ce                sfc_port_get_sfc_end_addr
 .text.sfc_port_get_sfc_global_conf_base_addr
                0x0000000000a2c1d6        0x8 drivers/chips/ws63/porting/sfc/porting/libsfc_port_ws63.a(sfc_porting.c.obj)
                0x0000000000a2c1d6                sfc_port_get_sfc_global_conf_base_addr
 .text.sfc_port_get_sfc_bus_regs_base_addr
                0x0000000000a2c1de        0x8 drivers/chips/ws63/porting/sfc/porting/libsfc_port_ws63.a(sfc_porting.c.obj)
                0x0000000000a2c1de                sfc_port_get_sfc_bus_regs_base_addr
 .text.sfc_port_get_sfc_bus_dma_regs_base_addr
                0x0000000000a2c1e6        0x8 drivers/chips/ws63/porting/sfc/porting/libsfc_port_ws63.a(sfc_porting.c.obj)
                0x0000000000a2c1e6                sfc_port_get_sfc_bus_dma_regs_base_addr
 .text.sfc_port_get_sfc_cmd_regs_base_addr
                0x0000000000a2c1ee        0x8 drivers/chips/ws63/porting/sfc/porting/libsfc_port_ws63.a(sfc_porting.c.obj)
                0x0000000000a2c1ee                sfc_port_get_sfc_cmd_regs_base_addr
 .text.sfc_port_get_sfc_cmd_databuf_base_addr
                0x0000000000a2c1f6        0x8 drivers/chips/ws63/porting/sfc/porting/libsfc_port_ws63.a(sfc_porting.c.obj)
                0x0000000000a2c1f6                sfc_port_get_sfc_cmd_databuf_base_addr
 .text.sfc_port_get_delay_once_time
                0x0000000000a2c1fe        0xa drivers/chips/ws63/porting/sfc/porting/libsfc_port_ws63.a(sfc_porting.c.obj)
                0x0000000000a2c1fe                sfc_port_get_delay_once_time
 .text.sfc_port_get_delay_times
                0x0000000000a2c208        0xa drivers/chips/ws63/porting/sfc/porting/libsfc_port_ws63.a(sfc_porting.c.obj)
                0x0000000000a2c208                sfc_port_get_delay_times
 .text.sfc_port_lock_init
                0x0000000000a2c212        0x2 drivers/chips/ws63/porting/sfc/porting/libsfc_port_ws63.a(sfc_porting.c.obj)
                0x0000000000a2c212                sfc_port_lock_init
 .text.sfc_port_lock
                0x0000000000a2c214        0x4 drivers/chips/ws63/porting/sfc/porting/libsfc_port_ws63.a(sfc_porting.c.obj)
                0x0000000000a2c214                sfc_port_lock
 .text.sfc_port_unlock
                0x0000000000a2c218        0x2 drivers/chips/ws63/porting/sfc/porting/libsfc_port_ws63.a(sfc_porting.c.obj)
                0x0000000000a2c218                sfc_port_unlock
 .text.hal_sfc_regs_wait_ready.constprop.0
                0x0000000000a2c21a       0x5c drivers/chips/ws63/porting/sfc/porting/libsfc_port_ws63.a(sfc_protect.c.obj)
 .text.sfc_port_write_sr
                0x0000000000a2c276       0x76 drivers/chips/ws63/porting/sfc/porting/libsfc_port_ws63.a(sfc_protect.c.obj)
                0x0000000000a2c276                sfc_port_write_sr
 .text.sfc_port_read_sr
                0x0000000000a2c2ec       0x32 drivers/chips/ws63/porting/sfc/porting/libsfc_port_ws63.a(sfc_protect.c.obj)
                0x0000000000a2c2ec                sfc_port_read_sr
 .text.sfc_port_write_lock
                0x0000000000a2c31e       0x32 drivers/chips/ws63/porting/sfc/porting/libsfc_port_ws63.a(sfc_protect.c.obj)
                0x0000000000a2c31e                sfc_port_write_lock
 .text.sfc_port_write_unlock
                0x0000000000a2c350       0x1a drivers/chips/ws63/porting/sfc/porting/libsfc_port_ws63.a(sfc_protect.c.obj)
                0x0000000000a2c350                sfc_port_write_unlock
 .text.sfc_port_fix_sr
                0x0000000000a2c36a       0x24 drivers/chips/ws63/porting/sfc/porting/libsfc_port_ws63.a(sfc_protect.c.obj)
                0x0000000000a2c36a                sfc_port_fix_sr
 .text.sfc_port_gd25q32_read_sr
                0x0000000000a2c38e       0x82 drivers/chips/ws63/porting/sfc/porting/libsfc_port_ws63.a(sfc_protect_gd25q32.c.obj)
 .text.sfc_port_fix_sr_gd25q32
                0x0000000000a2c410       0x7e drivers/chips/ws63/porting/sfc/porting/libsfc_port_ws63.a(sfc_protect_gd25q32.c.obj)
                0x0000000000a2c410                sfc_port_fix_sr_gd25q32
 .text.build_flash_ctrl
                0x0000000000a2c48e       0x52 drivers/chips/ws63/porting/sfc/driver/libsfc_boot.a(sfc.c.obj)
 .text.check_opt_param
                0x0000000000a2c4e0       0x36 drivers/chips/ws63/porting/sfc/driver/libsfc_boot.a(sfc.c.obj)
 .text.check_init_param
                0x0000000000a2c516       0x46 drivers/chips/ws63/porting/sfc/driver/libsfc_boot.a(sfc.c.obj)
 .text.uapi_sfc_init
                0x0000000000a2c55c       0xaa drivers/chips/ws63/porting/sfc/driver/libsfc_boot.a(sfc.c.obj)
                0x0000000000a2c55c                uapi_sfc_init
 .text.uapi_sfc_reg_read
                0x0000000000a2c606       0xd4 drivers/chips/ws63/porting/sfc/driver/libsfc_boot.a(sfc.c.obj)
                0x0000000000a2c606                uapi_sfc_reg_read
 .text.uapi_sfc_reg_write
                0x0000000000a2c6da       0xfe drivers/chips/ws63/porting/sfc/driver/libsfc_boot.a(sfc.c.obj)
                0x0000000000a2c6da                uapi_sfc_reg_write
 .text.uapi_sfc_reg_erase
                0x0000000000a2c7d8       0xbe drivers/chips/ws63/porting/sfc/driver/libsfc_boot.a(sfc.c.obj)
                0x0000000000a2c7d8                uapi_sfc_reg_erase
 .text.efuse_read_item.part.1
                0x0000000000a2c896       0x98 drivers/chips/ws63/porting/efuse/libefuse_port.a(efuse_porting.c.obj)
 .text.efuse_port_register_hal_funcs
                0x0000000000a2c92e        0xc drivers/chips/ws63/porting/efuse/libefuse_port.a(efuse_porting.c.obj)
                0x0000000000a2c92e                efuse_port_register_hal_funcs
 .text.hal_efuse_get_region
                0x0000000000a2c93a        0x6 drivers/chips/ws63/porting/efuse/libefuse_port.a(efuse_porting.c.obj)
                0x0000000000a2c93a                hal_efuse_get_region
 .text.hal_efuse_get_byte_offset
                0x0000000000a2c940        0x4 drivers/chips/ws63/porting/efuse/libefuse_port.a(efuse_porting.c.obj)
                0x0000000000a2c940                hal_efuse_get_byte_offset
 .text.efuse_read_item
                0x0000000000a2c944        0xe drivers/chips/ws63/porting/efuse/libefuse_port.a(efuse_porting.c.obj)
                0x0000000000a2c944                efuse_read_item
 .text.set_efuse_period
                0x0000000000a2c952       0x16 drivers/chips/ws63/porting/efuse/libefuse_port.a(efuse_porting.c.obj)
                0x0000000000a2c952                set_efuse_period
 .text.malloc_port
                0x0000000000a2c968        0x4 drivers/chips/ws63/porting/mem/libnonos_malloc_port.a(malloc_porting.c.obj)
 .text.malloc_port_init
                0x0000000000a2c96c       0x3a drivers/chips/ws63/porting/mem/libnonos_malloc_port.a(malloc_porting.c.obj)
                0x0000000000a2c96c                malloc_port_init
 .text.reboot_port_reboot_chip
                0x0000000000a2c9a6       0x22 drivers/chips/ws63/porting/reboot/libreboot_port.a(reboot_porting.c.obj)
                0x0000000000a2c9a6                reboot_port_reboot_chip
 .text.get_tcxo_freq
                0x0000000000a2c9c8        0xa drivers/chips/ws63/porting/soc/libsoc_port.a(soc_porting.c.obj)
                0x0000000000a2c9c8                get_tcxo_freq
 .text.boot_clock_adapt
                0x0000000000a2c9d2       0x44 drivers/chips/ws63/porting/soc/libsoc_port.a(soc_porting.c.obj)
                0x0000000000a2c9d2                boot_clock_adapt
 .text.switch_flash_clock_to_pll
                0x0000000000a2ca16       0x2c drivers/chips/ws63/porting/soc/libsoc_port.a(soc_porting.c.obj)
                0x0000000000a2ca16                switch_flash_clock_to_pll
 .text.config_sfc_ctrl_ds
                0x0000000000a2ca42       0x66 drivers/chips/ws63/porting/soc/libsoc_port.a(soc_porting.c.obj)
                0x0000000000a2ca42                config_sfc_ctrl_ds
 .text.serial_putc
                0x0000000000a2caa8       0x20 drivers/chips/ws63/boot/boot_porting/libchip_boot_port.a(serial.c.obj)
                0x0000000000a2caa8                serial_putc
 .text.serial_puts
                0x0000000000a2cac8       0x24 drivers/chips/ws63/boot/boot_porting/libchip_boot_port.a(serial.c.obj)
                0x0000000000a2cac8                serial_puts
 .text.serial_puthex
                0x0000000000a2caec       0x64 drivers/chips/ws63/boot/boot_porting/libchip_boot_port.a(serial.c.obj)
                0x0000000000a2caec                serial_puthex
 .text.boot_msg0
                0x0000000000a2cb50       0x12 drivers/chips/ws63/boot/boot_porting/libchip_boot_port.a(serial.c.obj)
                0x0000000000a2cb50                boot_msg0
 .text.boot_msg1
                0x0000000000a2cb62       0x1c drivers/chips/ws63/boot/boot_porting/libchip_boot_port.a(serial.c.obj)
                0x0000000000a2cb62                boot_msg1
 .text.boot_msg2
                0x0000000000a2cb7e       0x32 drivers/chips/ws63/boot/boot_porting/libchip_boot_port.a(serial.c.obj)
                0x0000000000a2cb7e                boot_msg2
 .text.hiburn_uart_init
                0x0000000000a2cbb0       0x7c drivers/chips/ws63/boot/boot_porting/libchip_boot_port.a(serial.c.obj)
                0x0000000000a2cbb0                hiburn_uart_init
 .text.set_reset_count
                0x0000000000a2cc2c       0x14 drivers/chips/ws63/boot/boot_porting/libchip_boot_port.a(reset_porting.c.obj)
                0x0000000000a2cc2c                set_reset_count
 .text.update_reset_count
                0x0000000000a2cc40       0x3a drivers/chips/ws63/boot/boot_porting/libchip_boot_port.a(reset_porting.c.obj)
                0x0000000000a2cc40                update_reset_count
 .text.interrupt0_handler
                0x0000000000a2cc7a       0x40 drivers/chips/ws63/libchip_ws63.a(interrupt_handler.c.obj)
                0x0000000000a2cc7a                interrupt0_handler
 .text.interrupt1_handler
                0x0000000000a2ccba       0x40 drivers/chips/ws63/libchip_ws63.a(interrupt_handler.c.obj)
                0x0000000000a2ccba                interrupt1_handler
 .text.interrupt2_handler
                0x0000000000a2ccfa       0x40 drivers/chips/ws63/libchip_ws63.a(interrupt_handler.c.obj)
                0x0000000000a2ccfa                interrupt2_handler
 .text.interrupt3_handler
                0x0000000000a2cd3a       0x40 drivers/chips/ws63/libchip_ws63.a(interrupt_handler.c.obj)
                0x0000000000a2cd3a                interrupt3_handler
 .text.interrupt4_handler
                0x0000000000a2cd7a       0x40 drivers/chips/ws63/libchip_ws63.a(interrupt_handler.c.obj)
                0x0000000000a2cd7a                interrupt4_handler
 .text.interrupt5_handler
                0x0000000000a2cdba       0x40 drivers/chips/ws63/libchip_ws63.a(interrupt_handler.c.obj)
                0x0000000000a2cdba                interrupt5_handler
 .text.local_interrupt_handler
                0x0000000000a2cdfa       0x50 drivers/chips/ws63/libchip_ws63.a(interrupt_handler.c.obj)
                0x0000000000a2cdfa                local_interrupt_handler
 .text.interrupt_number_get
                0x0000000000a2ce4a        0xc drivers/chips/ws63/libchip_ws63.a(interrupt_handler.c.obj)
                0x0000000000a2ce4a                interrupt_number_get
 .text.isr_not_implemented
                0x0000000000a2ce56        0x2 drivers/chips/ws63/libchip_ws63.a(vectors.c.obj)
                0x0000000000a2ce56                usb_handler
                0x0000000000a2ce56                pmu_cmu_interrupt_handler
                0x0000000000a2ce56                pmu_sleep_handler
                0x0000000000a2ce56                b_wdt_handler
                0x0000000000a2ce56                i2c_2_handler
                0x0000000000a2ce56                pmu_32k_cali_handler
                0x0000000000a2ce56                hal_timer_isr
                0x0000000000a2ce56                pwm_4_handler
                0x0000000000a2ce56                irq_uarth0_handler
                0x0000000000a2ce56                qspi0_2cs_handler
                0x0000000000a2ce56                pwm_2_handler
                0x0000000000a2ce56                pwm_0_handler
                0x0000000000a2ce56                pmu_wakeup_handler
                0x0000000000a2ce56                spi_m_s_1_handler
                0x0000000000a2ce56                sec_int_handler
                0x0000000000a2ce56                spi_m_handler
                0x0000000000a2ce56                mcu_pclr_lock_handler
                0x0000000000a2ce56                qdec_handler
                0x0000000000a2ce56                eh2h_brg_int_handler
                0x0000000000a2ce56                hal_rtc_timer_isr
                0x0000000000a2ce56                mem_sub_monitor_handler
                0x0000000000a2ce56                spi_m_s_0_handler
                0x0000000000a2ce56                irq_uartl2_handler
                0x0000000000a2ce56                spi3_m_s_handler
                0x0000000000a2ce56                bt_int1_handler
                0x0000000000a2ce56                b_sub_monitor_handler
                0x0000000000a2ce56                pwm_3_handler
                0x0000000000a2ce56                irq_uartl0_handler
                0x0000000000a2ce56                i2c_0_handler
                0x0000000000a2ce56                pwm_1_handler
                0x0000000000a2ce56                pwm_5_handler
                0x0000000000a2ce56                eflash_handler
                0x0000000000a2ce56                irq_dma_handler
                0x0000000000a2ce56                i2c_1_handler
                0x0000000000a2ce56                reserve_handler
                0x0000000000a2ce56                spi4_s_handler
                0x0000000000a2ce56                bt_int0_handler
                0x0000000000a2ce56                irq_shareram_monitor_handler
                0x0000000000a2ce56                key_scan_handler
                0x0000000000a2ce56                irq_tsensor_handler
                0x0000000000a2ce56                irq_sdma_handler
                0x0000000000a2ce56                qspi1_2cs_handler
                0x0000000000a2ce56                irq_gpio_handler
 .text.isr_get_ramexceptiontable_addr
                0x0000000000a2ce58        0x8 drivers/chips/ws63/libchip_ws63.a(vectors.c.obj)
                0x0000000000a2ce58                isr_get_ramexceptiontable_addr
 .text.do_hard_fault_handler
                0x0000000000a2ce60       0x68 middleware/chips/ws63/exception/libdfx_exception.a(exception_riscv.c.obj)
                0x0000000000a2ce60                do_hard_fault_handler
 .text.exc_info_display.part.2
                0x0000000000a2cec8      0x226 middleware/chips/ws63/exception/libdfx_exception.a(exception_riscv.c.obj)
 .text.do_process_exception
                0x0000000000a2d0ee       0x16 middleware/chips/ws63/exception/libdfx_exception.a(exception_riscv.c.obj)
 .text.do_trap_unknown
                0x0000000000a2d104       0x16 middleware/chips/ws63/exception/libdfx_exception.a(exception_riscv.c.obj)
                0x0000000000a2d104                do_trap_unknown
 .text.do_trap_insn_misaligned
                0x0000000000a2d11a       0x16 middleware/chips/ws63/exception/libdfx_exception.a(exception_riscv.c.obj)
                0x0000000000a2d11a                do_trap_insn_misaligned
 .text.do_trap_insn_fault
                0x0000000000a2d130       0x16 middleware/chips/ws63/exception/libdfx_exception.a(exception_riscv.c.obj)
                0x0000000000a2d130                do_trap_insn_fault
 .text.do_trap_insn_illegal
                0x0000000000a2d146       0x16 middleware/chips/ws63/exception/libdfx_exception.a(exception_riscv.c.obj)
                0x0000000000a2d146                do_trap_insn_illegal
 .text.do_trap_load_misaligned
                0x0000000000a2d15c       0x16 middleware/chips/ws63/exception/libdfx_exception.a(exception_riscv.c.obj)
                0x0000000000a2d15c                do_trap_load_misaligned
 .text.do_trap_load_fault
                0x0000000000a2d172       0x16 middleware/chips/ws63/exception/libdfx_exception.a(exception_riscv.c.obj)
                0x0000000000a2d172                do_trap_load_fault
 .text.do_trap_store_misaligned
                0x0000000000a2d188       0x16 middleware/chips/ws63/exception/libdfx_exception.a(exception_riscv.c.obj)
                0x0000000000a2d188                do_trap_store_misaligned
 .text.do_trap_store_fault
                0x0000000000a2d19e       0x16 middleware/chips/ws63/exception/libdfx_exception.a(exception_riscv.c.obj)
                0x0000000000a2d19e                do_trap_store_fault
 .text.do_trap_ecall_u
                0x0000000000a2d1b4       0x16 middleware/chips/ws63/exception/libdfx_exception.a(exception_riscv.c.obj)
                0x0000000000a2d1b4                do_trap_ecall_u
 .text.do_trap_ecall_s
                0x0000000000a2d1ca       0x16 middleware/chips/ws63/exception/libdfx_exception.a(exception_riscv.c.obj)
                0x0000000000a2d1ca                do_trap_ecall_s
 .text.do_trap_ecall_m
                0x0000000000a2d1e0       0x16 middleware/chips/ws63/exception/libdfx_exception.a(exception_riscv.c.obj)
                0x0000000000a2d1e0                do_trap_ecall_m
 .text.do_trap_break
                0x0000000000a2d1f6       0x16 middleware/chips/ws63/exception/libdfx_exception.a(exception_riscv.c.obj)
                0x0000000000a2d1f6                do_trap_break
 .text.do_insn_page_fault
                0x0000000000a2d20c       0x16 middleware/chips/ws63/exception/libdfx_exception.a(exception_riscv.c.obj)
                0x0000000000a2d20c                do_insn_page_fault
 .text.do_load_page_fault
                0x0000000000a2d222       0x16 middleware/chips/ws63/exception/libdfx_exception.a(exception_riscv.c.obj)
                0x0000000000a2d222                do_load_page_fault
 .text.do_store_page_fault
                0x0000000000a2d238       0x16 middleware/chips/ws63/exception/libdfx_exception.a(exception_riscv.c.obj)
                0x0000000000a2d238                do_store_page_fault
 .text.do_hard_fault
                0x0000000000a2d24e       0x16 middleware/chips/ws63/exception/libdfx_exception.a(exception_riscv.c.obj)
                0x0000000000a2d24e                do_hard_fault
 .text.do_lockup
                0x0000000000a2d264       0x16 middleware/chips/ws63/exception/libdfx_exception.a(exception_riscv.c.obj)
                0x0000000000a2d264                do_lockup
 .text.default_handler
                0x0000000000a2d27a       0x14 middleware/chips/ws63/exception/libdfx_exception.a(exception_riscv.c.obj)
                0x0000000000a2d27a                default_handler
 .text.nmi_handler
                0x0000000000a2d28e       0x14 middleware/chips/ws63/exception/libdfx_exception.a(exception_riscv.c.obj)
                0x0000000000a2d28e                nmi_handler
 .text.partition_get_addr
                0x0000000000a2d2a2        0x8 middleware/chips/ws63/partition/libpartition_ws63.a(partition_porting.c.obj)
                0x0000000000a2d2a2                partition_get_addr
 .text.partition_get_path_map
                0x0000000000a2d2aa        0xc middleware/chips/ws63/partition/libpartition_ws63.a(partition_porting.c.obj)
                0x0000000000a2d2aa                partition_get_path_map
 .text.upg_progress_callbck
                0x0000000000a2d2b6       0x5e middleware/chips/ws63/update/common/libupdate_common_ws63.a(upg_common_porting.c.obj)
 .text.check_fota_msid
                0x0000000000a2d314       0x38 middleware/chips/ws63/update/common/libupdate_common_ws63.a(upg_common_porting.c.obj)
 .text.ws63_upg_putc
                0x0000000000a2d34c        0x4 middleware/chips/ws63/update/common/libupdate_common_ws63.a(upg_common_porting.c.obj)
 .text.upg_free_port
                0x0000000000a2d350       0x18 middleware/chips/ws63/update/common/libupdate_common_ws63.a(upg_common_porting.c.obj)
 .text.upg_malloc_port
                0x0000000000a2d368       0x1c middleware/chips/ws63/update/common/libupdate_common_ws63.a(upg_common_porting.c.obj)
 .text.upg_get_ids_map
                0x0000000000a2d384        0xc middleware/chips/ws63/update/common/libupdate_common_ws63.a(upg_common_porting.c.obj)
                0x0000000000a2d384                upg_get_ids_map
 .text.upg_img_in_set
                0x0000000000a2d390       0x26 middleware/chips/ws63/update/common/libupdate_common_ws63.a(upg_common_porting.c.obj)
                0x0000000000a2d390                upg_img_in_set
 .text.upg_get_upgrade_flag_flash_start_addr
                0x0000000000a2d3b6       0x1e middleware/chips/ws63/update/common/libupdate_common_ws63.a(upg_common_porting.c.obj)
                0x0000000000a2d3b6                upg_get_upgrade_flag_flash_start_addr
 .text.upg_get_progress_status_start_addr
                0x0000000000a2d3d4       0x24 middleware/chips/ws63/update/common/libupdate_common_ws63.a(upg_common_porting.c.obj)
                0x0000000000a2d3d4                upg_get_progress_status_start_addr
 .text.upg_get_fota_partiton_area_addr
                0x0000000000a2d3f8       0x1c middleware/chips/ws63/update/common/libupdate_common_ws63.a(upg_common_porting.c.obj)
                0x0000000000a2d3f8                upg_get_fota_partiton_area_addr
 .text.upg_reboot
                0x0000000000a2d414       0x10 middleware/chips/ws63/update/common/libupdate_common_ws63.a(upg_common_porting.c.obj)
                0x0000000000a2d414                upg_reboot
 .text.upg_progress_callback_register
                0x0000000000a2d424       0x1c middleware/chips/ws63/update/common/libupdate_common_ws63.a(upg_common_porting.c.obj)
                0x0000000000a2d424                upg_progress_callback_register
 .text.upg_watchdog_kick
                0x0000000000a2d440        0x4 middleware/chips/ws63/update/common/libupdate_common_ws63.a(upg_common_porting.c.obj)
                0x0000000000a2d440                upg_watchdog_kick
 .text.upg_get_flash_base_addr
                0x0000000000a2d444        0x6 middleware/chips/ws63/update/common/libupdate_common_ws63.a(upg_common_porting.c.obj)
                0x0000000000a2d444                upg_get_flash_base_addr
 .text.upg_get_flash_size
                0x0000000000a2d44a        0x6 middleware/chips/ws63/update/common/libupdate_common_ws63.a(upg_common_porting.c.obj)
                0x0000000000a2d44a                upg_get_flash_size
 .text.upg_flash_read
                0x0000000000a2d450       0x16 middleware/chips/ws63/update/common/libupdate_common_ws63.a(upg_common_porting.c.obj)
                0x0000000000a2d450                upg_flash_read
 .text.upg_flash_erase
                0x0000000000a2d466       0xae middleware/chips/ws63/update/common/libupdate_common_ws63.a(upg_common_porting.c.obj)
                0x0000000000a2d466                upg_flash_erase
 .text.upg_flash_write
                0x0000000000a2d514       0x30 middleware/chips/ws63/update/common/libupdate_common_ws63.a(upg_common_porting.c.obj)
                0x0000000000a2d514                upg_flash_write
 .text.upg_get_root_public_key
                0x0000000000a2d544       0x1e middleware/chips/ws63/update/common/libupdate_common_ws63.a(upg_common_porting.c.obj)
                0x0000000000a2d544                upg_get_root_public_key
 .text.upg_check_fota_information
                0x0000000000a2d562       0x1e middleware/chips/ws63/update/common/libupdate_common_ws63.a(upg_common_porting.c.obj)
                0x0000000000a2d562                upg_check_fota_information
 .text.ws63_upg_init
                0x0000000000a2d580       0x3e middleware/chips/ws63/update/common/libupdate_common_ws63.a(upg_common_porting.c.obj)
                0x0000000000a2d580                ws63_upg_init
 .text.upg_erase_whole_image
                0x0000000000a2d5be       0x16 middleware/chips/ws63/update/common/libupdate_common_ws63.a(upg_common_porting.c.obj)
                0x0000000000a2d5be                upg_erase_whole_image
 .text.upg_cryto_init
                0x0000000000a2d5d4      0x10e middleware/chips/ws63/update/local_update/libupdate_local_ws63.a(upg_encry_porting.c.obj)
                0x0000000000a2d5d4                upg_cryto_init
 .text.upg_cryto_deinit
                0x0000000000a2d6e2       0x30 middleware/chips/ws63/update/local_update/libupdate_local_ws63.a(upg_encry_porting.c.obj)
                0x0000000000a2d6e2                upg_cryto_deinit
 .text.upg_process_cryto_info
                0x0000000000a2d712       0x18 middleware/chips/ws63/update/local_update/libupdate_local_ws63.a(upg_encry_porting.c.obj)
                0x0000000000a2d712                upg_process_cryto_info
 .text.upg_decry_fota_pkt
                0x0000000000a2d72a       0x40 middleware/chips/ws63/update/local_update/libupdate_local_ws63.a(upg_encry_porting.c.obj)
                0x0000000000a2d72a                upg_decry_fota_pkt
 .text.upg_encry_fota_pkt
                0x0000000000a2d76a       0x40 middleware/chips/ws63/update/local_update/libupdate_local_ws63.a(upg_encry_porting.c.obj)
                0x0000000000a2d76a                upg_encry_fota_pkt
 .text.mfg_malloc
                0x0000000000a2d7aa       0x1c middleware/chips/ws63/factory/libfactory_ws63.a(factory.c.obj)
 .text.mfg_free
                0x0000000000a2d7c6       0x18 middleware/chips/ws63/factory/libfactory_ws63.a(factory.c.obj)
 .text.mfg_flash_read
                0x0000000000a2d7de       0x44 middleware/chips/ws63/factory/libfactory_ws63.a(factory.c.obj)
                0x0000000000a2d7de                mfg_flash_read
 .text.mfg_flash_write_info
                0x0000000000a2d822       0xfc middleware/chips/ws63/factory/libfactory_ws63.a(factory.c.obj)
                0x0000000000a2d822                mfg_flash_write_info
 .text.mfg_flash_write
                0x0000000000a2d91e       0x44 middleware/chips/ws63/factory/libfactory_ws63.a(factory.c.obj)
                0x0000000000a2d91e                mfg_flash_write
 .text.mfg_get_ftm_run_region
                0x0000000000a2d962       0x90 middleware/chips/ws63/factory/libfactory_ws63.a(factory.c.obj)
                0x0000000000a2d962                mfg_get_ftm_run_region
 .text.cpu_utils_set_system_status_by_cause
                0x0000000000a2d9f2        0x8 utils/dfx/dfx_reboot/cpu_utils/libcpu_utils.a(cpu_utils.c.obj)
                0x0000000000a2d9f2                cpu_utils_set_system_status_by_cause
 .text.cpu_utils_reset_chip_with_log
                0x0000000000a2d9fa       0x16 utils/dfx/dfx_reboot/cpu_utils/libcpu_utils.a(cpu_utils.c.obj)
                0x0000000000a2d9fa                cpu_utils_reset_chip_with_log
 .text.panic_deal
                0x0000000000a2da10       0x84 utils/dfx/libdfx_panic.a(panic.c.obj)
                0x0000000000a2da10                panic_deal
 .text.panic    0x0000000000a2da94       0x26 utils/dfx/libdfx_panic.a(panic_rom.c.obj)
                0x0000000000a2da94                panic
 .text.duplicate_preserve_mem
                0x0000000000a2daba       0x18 utils/dfx/libdfx_preserve.a(preserve.c.obj)
 .text.set_cpu_utils_system_boot_magic
                0x0000000000a2dad2       0x50 utils/dfx/libdfx_preserve.a(preserve.c.obj)
                0x0000000000a2dad2                set_cpu_utils_system_boot_magic
 .text.set_cpu_utils_reset_cause
                0x0000000000a2db22       0x12 utils/dfx/libdfx_preserve.a(preserve.c.obj)
                0x0000000000a2db22                set_cpu_utils_reset_cause
 .text.set_update_reset_cause_on_boot
                0x0000000000a2db34        0xc utils/dfx/libdfx_preserve.a(preserve.c.obj)
                0x0000000000a2db34                set_update_reset_cause_on_boot
 .text.set_last_panic
                0x0000000000a2db40       0x1c utils/dfx/libdfx_preserve.a(preserve.c.obj)
                0x0000000000a2db40                set_last_panic
 .text.set_exception_info_riscv
                0x0000000000a2db5c       0x1c utils/dfx/libdfx_preserve.a(preserve.c.obj)
                0x0000000000a2db5c                set_exception_info_riscv
 .text.set_exception_info
                0x0000000000a2db78       0x20 utils/dfx/libdfx_preserve.a(preserve.c.obj)
                0x0000000000a2db78                set_exception_info
 .text.set_exception_stack_frame
                0x0000000000a2db98       0x14 utils/dfx/libdfx_preserve.a(preserve.c.obj)
                0x0000000000a2db98                set_exception_stack_frame
 .text.uapi_partition_init
                0x0000000000a2dbac       0x7e utils/partition/libpartition.a(partition.c.obj)
                0x0000000000a2dbac                uapi_partition_init
 .text.uapi_partition_get_info
                0x0000000000a2dc2a       0x80 utils/partition/libpartition.a(partition.c.obj)
                0x0000000000a2dc2a                uapi_partition_get_info
 .text.upg_malloc
                0x0000000000a2dcaa       0x1a utils/update/common/libupdate_common.a(upg_alloc.c.obj)
                0x0000000000a2dcaa                upg_malloc
 .text.upg_free
                0x0000000000a2dcc4       0x30 utils/update/common/libupdate_common.a(upg_alloc.c.obj)
                0x0000000000a2dcc4                upg_free
 .text.upg_get_ctx
                0x0000000000a2dcf4        0x8 utils/update/common/libupdate_common.a(upg_common.c.obj)
                0x0000000000a2dcf4                upg_get_ctx
 .text.upg_alloc_and_get_upgrade_flag
                0x0000000000a2dcfc       0x62 utils/update/common/libupdate_common.a(upg_common.c.obj)
                0x0000000000a2dcfc                upg_alloc_and_get_upgrade_flag
 .text.upg_get_image_info
                0x0000000000a2dd5e       0x46 utils/update/common/libupdate_common.a(upg_common.c.obj)
                0x0000000000a2dd5e                upg_get_image_info
 .text.upg_read_fota_pkg_data
                0x0000000000a2dda4       0x4c utils/update/common/libupdate_common.a(upg_common.c.obj)
                0x0000000000a2dda4                upg_read_fota_pkg_data
 .text.uapi_upg_get_storage_size
                0x0000000000a2ddf0       0x26 utils/update/common/libupdate_common.a(upg_common.c.obj)
                0x0000000000a2ddf0                uapi_upg_get_storage_size
 .text.upg_get_partition_info
                0x0000000000a2de16       0x4a utils/update/common/libupdate_common.a(upg_common.c.obj)
                0x0000000000a2de16                upg_get_partition_info
 .text.upg_get_package_header
                0x0000000000a2de60       0x22 utils/update/common/libupdate_common.a(upg_common.c.obj)
                0x0000000000a2de60                upg_get_package_header
 .text.upg_get_pkg_image_hash_table
                0x0000000000a2de82       0x34 utils/update/common/libupdate_common.a(upg_common.c.obj)
                0x0000000000a2de82                upg_get_pkg_image_hash_table
 .text.upg_get_pkg_image_header
                0x0000000000a2deb6       0x2e utils/update/common/libupdate_common.a(upg_common.c.obj)
                0x0000000000a2deb6                upg_get_pkg_image_header
 .text.upg_get_pkg_image_data
                0x0000000000a2dee4       0x66 utils/update/common/libupdate_common.a(upg_common.c.obj)
                0x0000000000a2dee4                upg_get_pkg_image_data
 .text.upg_copy_pkg_image_data
                0x0000000000a2df4a       0x44 utils/update/common/libupdate_common.a(upg_common.c.obj)
                0x0000000000a2df4a                upg_copy_pkg_image_data
 .text.upg_set_firmware_update_status
                0x0000000000a2df8e       0xf2 utils/update/common/libupdate_common.a(upg_common.c.obj)
                0x0000000000a2df8e                upg_set_firmware_update_status
 .text.upg_get_image_update_status
                0x0000000000a2e080       0x7a utils/update/common/libupdate_common.a(upg_common.c.obj)
                0x0000000000a2e080                upg_get_image_update_status
 .text.upg_flash_erase_metadata_pages
                0x0000000000a2e0fa        0x4 utils/update/common/libupdate_common.a(upg_common.c.obj)
                0x0000000000a2e0fa                upg_flash_erase_metadata_pages
 .text.upg_set_temporary_result
                0x0000000000a2e0fe        0xa utils/update/common/libupdate_common.a(upg_common.c.obj)
                0x0000000000a2e0fe                upg_set_temporary_result
 .text.upg_set_update_result
                0x0000000000a2e108       0x20 utils/update/common/libupdate_common.a(upg_common.c.obj)
                0x0000000000a2e108                upg_set_update_result
 .text.upg_check_image_update_complete
                0x0000000000a2e128       0x40 utils/update/common/libupdate_common.a(upg_common.c.obj)
                0x0000000000a2e128                upg_check_image_update_complete
 .text.upg_set_complete_flag
                0x0000000000a2e168       0xb8 utils/update/common/libupdate_common.a(upg_common.c.obj)
                0x0000000000a2e168                upg_set_complete_flag
 .text.upg_get_func_list
                0x0000000000a2e220        0xa utils/update/common/libupdate_common.a(upg_common.c.obj)
                0x0000000000a2e220                upg_get_func_list
 .text.upg_is_inited
                0x0000000000a2e22a        0xa utils/update/common/libupdate_common.a(upg_common.c.obj)
                0x0000000000a2e22a                upg_is_inited
 .text.uapi_upg_init
                0x0000000000a2e234       0x9c utils/update/common/libupdate_common.a(upg_common.c.obj)
                0x0000000000a2e234                uapi_upg_init
 .text.hash_operation.isra.1.constprop.11
                0x0000000000a2e2d0       0x20 utils/update/common/libupdate_common.a(upg_verify.c.obj)
 .text.verify_hash_cmp
                0x0000000000a2e2f0       0x1a utils/update/common/libupdate_common.a(upg_verify.c.obj)
                0x0000000000a2e2f0                verify_hash_cmp
 .text.upg_verify_hash
                0x0000000000a2e30a       0x54 utils/update/common/libupdate_common.a(upg_verify.c.obj)
 .text.secure_authenticate
                0x0000000000a2e35e       0x8c utils/update/common/libupdate_common.a(upg_verify.c.obj)
                0x0000000000a2e35e                secure_authenticate
 .text.verify_fota_info.isra.4
                0x0000000000a2e3ea       0x4e utils/update/common/libupdate_common.a(upg_verify.c.obj)
 .text.uapi_upg_verify_file_head
                0x0000000000a2e438       0xda utils/update/common/libupdate_common.a(upg_verify.c.obj)
                0x0000000000a2e438                uapi_upg_verify_file_head
 .text.uapi_upg_verify_file_image
                0x0000000000a2e512       0x8c utils/update/common/libupdate_common.a(upg_verify.c.obj)
                0x0000000000a2e512                uapi_upg_verify_file_image
 .text.uapi_upg_verify_file
                0x0000000000a2e59e       0xd2 utils/update/common/libupdate_common.a(upg_verify.c.obj)
                0x0000000000a2e59e                uapi_upg_verify_file
 .text.uapi_upg_reset_upgrade_flag
                0x0000000000a2e670       0x76 utils/update/storage/libupdate_storage.a(upg_storage.c.obj)
                0x0000000000a2e670                uapi_upg_reset_upgrade_flag
 .text.uapi_upg_request_upgrade
                0x0000000000a2e6e6      0x102 utils/update/storage/libupdate_storage.a(upg_storage.c.obj)
                0x0000000000a2e6e6                uapi_upg_request_upgrade
 .text.upg_encry_and_write_pkt
                0x0000000000a2e7e8       0xa0 utils/update/local_update/libupdate_local.a(upg_encry.c.obj)
                0x0000000000a2e7e8                upg_encry_and_write_pkt
 .text.upg_lzma_alloc
                0x0000000000a2e888       0x1e utils/update/local_update/libupdate_local.a(upg_lzmadec.c.obj)
 .text.upg_lzma_free
                0x0000000000a2e8a6        0xa utils/update/local_update/libupdate_local.a(upg_lzmadec.c.obj)
 .text.upg_lzma_init_buf
                0x0000000000a2e8b0       0x3c utils/update/local_update/libupdate_local.a(upg_lzmadec.c.obj)
                0x0000000000a2e8b0                upg_lzma_init_buf
 .text.upg_lzma_init
                0x0000000000a2e8ec       0xa2 utils/update/local_update/libupdate_local.a(upg_lzmadec.c.obj)
                0x0000000000a2e8ec                upg_lzma_init
 .text.upg_lzma_deinit
                0x0000000000a2e98e       0x44 utils/update/local_update/libupdate_local.a(upg_lzmadec.c.obj)
                0x0000000000a2e98e                upg_lzma_deinit
 .text.upg_lzma_write_image
                0x0000000000a2e9d2       0x48 utils/update/local_update/libupdate_local.a(upg_lzmadec.c.obj)
                0x0000000000a2e9d2                upg_lzma_write_image
 .text.upg_lzma_decode_to_midbuf
                0x0000000000a2ea1a       0xbc utils/update/local_update/libupdate_local.a(upg_lzmadec.c.obj)
                0x0000000000a2ea1a                upg_lzma_decode_to_midbuf
 .text.upg_lzma_decode
                0x0000000000a2ead6       0x7c utils/update/local_update/libupdate_local.a(upg_lzmadec.c.obj)
                0x0000000000a2ead6                upg_lzma_decode
 .text.upg_check_first_entry
                0x0000000000a2eb52       0x3e utils/update/local_update/libupdate_local.a(upg_process.c.obj)
                0x0000000000a2eb52                upg_check_first_entry
 .text.uapi_upg_start
                0x0000000000a2eb90      0x3f6 utils/update/local_update/libupdate_local.a(upg_process.c.obj)
                0x0000000000a2eb90                uapi_upg_start
 .text.uapi_upg_register_progress_callback
                0x0000000000a2ef86        0xe utils/update/local_update/libupdate_local.a(upg_process.c.obj)
                0x0000000000a2ef86                uapi_upg_register_progress_callback
 .text.upg_calculate_and_notify_process
                0x0000000000a2ef94       0x42 utils/update/local_update/libupdate_local.a(upg_process.c.obj)
                0x0000000000a2ef94                upg_calculate_and_notify_process
 .text.upg_write_new_image_data
                0x0000000000a2efd6       0x52 utils/update/local_update/libupdate_local.a(upg_process.c.obj)
                0x0000000000a2efd6                upg_write_new_image_data
 .text.uapi_upg_lzma_ota_image
                0x0000000000a2f028       0x88 utils/update/local_update/libupdate_local.a(upg_upgrade.c.obj)
                0x0000000000a2f028                uapi_upg_lzma_ota_image
 .text.uapi_upg_compress_image_update
                0x0000000000a2f0b0       0x6a utils/update/local_update/libupdate_local.a(upg_upgrade.c.obj)
                0x0000000000a2f0b0                uapi_upg_compress_image_update
 .text.uapi_upg_diff_image_update
                0x0000000000a2f11a        0x8 utils/update/local_update/libupdate_local.a(upg_upgrade.c.obj)
                0x0000000000a2f11a                uapi_upg_diff_image_update
 .text.uapi_upg_full_image_update
                0x0000000000a2f122       0x9e utils/update/local_update/libupdate_local.a(upg_upgrade.c.obj)
                0x0000000000a2f122                uapi_upg_full_image_update
 .text.LzmaDec_TryDummy
                0x0000000000a2f1c0      0x458 open_source/7-zip-lzma-sdk/liblzma_22.00.a(LzmaDec.c.obj)
 .text.LzmaDec_DecodeReal2
                0x0000000000a2f618      0xec0 open_source/7-zip-lzma-sdk/liblzma_22.00.a(LzmaDec.c.obj)
 .text.LzmaDec_Init
                0x0000000000a304d8       0x18 open_source/7-zip-lzma-sdk/liblzma_22.00.a(LzmaDec.c.obj)
                0x0000000000a304d8                LzmaDec_Init
 .text.LzmaDec_DecodeToDic
                0x0000000000a304f0      0x32e open_source/7-zip-lzma-sdk/liblzma_22.00.a(LzmaDec.c.obj)
                0x0000000000a304f0                LzmaDec_DecodeToDic
 .text.LzmaDec_DecodeToBuf
                0x0000000000a3081e       0x94 open_source/7-zip-lzma-sdk/liblzma_22.00.a(LzmaDec.c.obj)
                0x0000000000a3081e                LzmaDec_DecodeToBuf
 .text.LzmaDec_FreeProbs
                0x0000000000a308b2       0x12 open_source/7-zip-lzma-sdk/liblzma_22.00.a(LzmaDec.c.obj)
                0x0000000000a308b2                LzmaDec_FreeProbs
 .text.LzmaDec_AllocateProbs2.isra.2
                0x0000000000a308c4       0x4c open_source/7-zip-lzma-sdk/liblzma_22.00.a(LzmaDec.c.obj)
 .text.LzmaProps_Decode
                0x0000000000a30910       0x4e open_source/7-zip-lzma-sdk/liblzma_22.00.a(LzmaDec.c.obj)
                0x0000000000a30910                LzmaProps_Decode
 .text.LzmaDec_AllocateProbs
                0x0000000000a3095e       0x2a open_source/7-zip-lzma-sdk/liblzma_22.00.a(LzmaDec.c.obj)
                0x0000000000a3095e                LzmaDec_AllocateProbs
 .text.SecMemcpyError
                0x0000000000a30988       0x5e open_source/libboundscheck/liblibboundscheck.a(memcpy_s.c.obj)
 .text.memcpy_s
                0x0000000000a309e6       0x38 open_source/libboundscheck/liblibboundscheck.a(memcpy_s.c.obj)
                0x0000000000a309e6                memcpy_s
 .text.memmove_s
                0x0000000000a30a1e       0x44 open_source/libboundscheck/liblibboundscheck.a(memmove_s.c.obj)
                0x0000000000a30a1e                memmove_s
 .text.memset_s
                0x0000000000a30a62       0x42 open_source/libboundscheck/liblibboundscheck.a(memset_s.c.obj)
                0x0000000000a30a62                memset_s
 .text.SecWriteMultiChar
                0x0000000000a30aa4       0x2c open_source/libboundscheck/liblibboundscheck.a(secureprintoutput_a.c.obj)
 .text.SecOutput
                0x0000000000a30ad0      0x892 open_source/libboundscheck/liblibboundscheck.a(secureprintoutput_a.c.obj)
 .text.SecVsnprintfImpl
                0x0000000000a31362       0x42 open_source/libboundscheck/liblibboundscheck.a(secureprintoutput_a.c.obj)
                0x0000000000a31362                SecVsnprintfImpl
 .text.vsnprintf_s
                0x0000000000a313a4       0x50 open_source/libboundscheck/liblibboundscheck.a(vsnprintf_s.c.obj)
                0x0000000000a313a4                vsnprintf_s
 *(.rodata)
 *fill*         0x0000000000a313f4        0x0 
 .rodata        0x0000000000a313f4        0xc hal/sfc/libhal_sfc.a(hal_sfc_v150.c.obj)
 *fill*         0x0000000000a31400        0x0 
 .rodata        0x0000000000a31400      0x886 drivers/chips/ws63/libchip_ws63.a(vectors.s.obj)
                0x0000000000a31450                trap_entry
                0x0000000000a3154c                trap_vector
                0x0000000000a316ec                nmi_vector
                0x0000000000a31c68                global_interrupt_lock
                0x0000000000a31c74                global_interrupt_unlock
                0x0000000000a31c80                global_interrupt_restore
 *fill*         0x0000000000a31c86        0x2 
 .rodata        0x0000000000a31c88        0x3 utils/update/common/libupdate_common.a(upg_common.c.obj)
 *fill*         0x0000000000a31c8b        0x1 
 .rodata        0x0000000000a31c8c        0x3 utils/update/local_update/libupdate_local.a(upg_process.c.obj)
 *fill*         0x0000000000a31c8f        0x1 
 .rodata        0x0000000000a31c90      0x100 d:/hisparkstudio/bearpi-pico_h3863-master/tools/bin/compiler/riscv/cc_riscv32_musl_105/cc_riscv32_musl_win/bin/../lib/gcc/riscv32-linux-musl/7.3.0\libgcc.a(_clz.o)
                0x0000000000a31c90                __clz_tab
 *(.rodata*)
 .rodata.sfc_cfg
                0x0000000000a31d90        0xc bootloader/flashboot_ws63/libflashboot_common.a(main.c.obj)
                0x0000000000a31d90                sfc_cfg
 .rodata.start_fastboot.str1.4
                0x0000000000a31d9c      0x462 bootloader/flashboot_ws63/libflashboot_common.a(main.c.obj)
 *fill*         0x0000000000a321fe        0x2 
 .rodata.check_die_id.constprop.3.str1.4
                0x0000000000a32200       0x34 bootloader/flashboot_ws63/libflashboot_common.a(secure_verify_boot.c.obj)
 .rodata.check_image_id.str1.4
                0x0000000000a32234       0x10 bootloader/flashboot_ws63/libflashboot_common.a(secure_verify_boot.c.obj)
 .rodata.check_msid.str1.4
                0x0000000000a32244       0x33 bootloader/flashboot_ws63/libflashboot_common.a(secure_verify_boot.c.obj)
 *fill*         0x0000000000a32277        0x1 
 .rodata.check_verify_enable.str1.4
                0x0000000000a32278       0x24 bootloader/flashboot_ws63/libflashboot_common.a(secure_verify_boot.c.obj)
 .rodata.check_version.str1.4
                0x0000000000a3229c       0x16 bootloader/flashboot_ws63/libflashboot_common.a(secure_verify_boot.c.obj)
 *fill*         0x0000000000a322b2        0x2 
 .rodata.g_verify_table
                0x0000000000a322b4       0xa8 bootloader/flashboot_ws63/libflashboot_common.a(secure_verify_boot.c.obj)
 .rodata.secure_authenticate.constprop.2.str1.4
                0x0000000000a3235c       0x6b bootloader/flashboot_ws63/libflashboot_common.a(secure_verify_boot.c.obj)
 *fill*         0x0000000000a323c7        0x1 
 .rodata.verify_image_body.str1.4
                0x0000000000a323c8       0x79 bootloader/flashboot_ws63/libflashboot_common.a(secure_verify_boot.c.obj)
 *fill*         0x0000000000a32441        0x3 
 .rodata.verify_image_head.str1.4
                0x0000000000a32444      0x28d bootloader/flashboot_ws63/libflashboot_common.a(secure_verify_boot.c.obj)
 *fill*         0x0000000000a326d1        0x3 
 .rodata.g_sha256_ival
                0x0000000000a326d4       0x20 driver/security_unified/libdrv_security_unified.a(hash_romable.c.obj)
 .rodata.g_sm3_ival
                0x0000000000a326f4       0x20 driver/security_unified/libdrv_security_unified.a(hash_romable.c.obj)
 .rodata.uart_evt_callback
                0x0000000000a32714       0x14 driver/uart/libuart.a(uart.c.obj)
 .rodata.hal_uart_enable_interrupt
                0x0000000000a32728       0x38 hal/uart/libhal_uart.a(hal_uart_v151.c.obj)
 .rodata.CSWTCH.8
                0x0000000000a32760        0x3 hal/uart/libhal_uart.a(hal_uart_v151.c.obj)
 *fill*         0x0000000000a32763        0x1 
 .rodata.g_hal_uart_ctrl_func_array
                0x0000000000a32764       0x54 hal/uart/libhal_uart.a(hal_uart_v151.c.obj)
 .rodata.g_uart_base_addrs
                0x0000000000a327b8        0xc drivers/chips/ws63/porting/uart/libuart_port.a(uart_porting.c.obj)
                0x0000000000a327b8                g_uart_base_addrs
 .rodata.g_default_erase_cmds
                0x0000000000a327c4        0xc drivers/chips/ws63/porting/sfc/flash_config/libsfc_flash_config_ws63.a(flash_config_info.c.obj)
 .rodata.g_default_quad_enable
                0x0000000000a327d0        0x6 drivers/chips/ws63/porting/sfc/flash_config/libsfc_flash_config_ws63.a(flash_config_info.c.obj)
 *fill*         0x0000000000a327d6        0x2 
 .rodata.g_default_read_cmds
                0x0000000000a327d8        0x4 drivers/chips/ws63/porting/sfc/flash_config/libsfc_flash_config_ws63.a(flash_config_info.c.obj)
 .rodata.g_default_write_cmds
                0x0000000000a327dc        0x8 drivers/chips/ws63/porting/sfc/flash_config/libsfc_flash_config_ws63.a(flash_config_info.c.obj)
 .rodata.g_flash_common_erase_cmds
                0x0000000000a327e4       0x10 drivers/chips/ws63/porting/sfc/flash_config/libsfc_flash_config_ws63.a(flash_config_info.c.obj)
 .rodata.g_flash_common_read_cmds
                0x0000000000a327f4       0x18 drivers/chips/ws63/porting/sfc/flash_config/libsfc_flash_config_ws63.a(flash_config_info.c.obj)
 .rodata.g_flash_common_write_cmds
                0x0000000000a3280c       0x18 drivers/chips/ws63/porting/sfc/flash_config/libsfc_flash_config_ws63.a(flash_config_info.c.obj)
 .rodata.g_flash_gd_bus_enable
                0x0000000000a32824       0x12 drivers/chips/ws63/porting/sfc/flash_config/libsfc_flash_config_ws63.a(flash_config_info.c.obj)
 *fill*         0x0000000000a32836        0x2 
 .rodata.g_flash_spi_info_list
                0x0000000000a32838       0x1c drivers/chips/ws63/porting/sfc/flash_config/libsfc_flash_config_ws63.a(flash_config_info.c.obj)
 .rodata.g_flash_spi_unknown_info
                0x0000000000a32854       0x1c drivers/chips/ws63/porting/sfc/flash_config/libsfc_flash_config_ws63.a(flash_config_info.c.obj)
 .rodata.sfc_port_fix_sr_gd25q32.str1.4
                0x0000000000a32870       0x25 drivers/chips/ws63/porting/sfc/porting/libsfc_port_ws63.a(sfc_protect_gd25q32.c.obj)
 *fill*         0x0000000000a32895        0x3 