Archive member included to satisfy reference by file (symbol)

bootloader/commonboot/libc/libcommon_boot_libc.a(memset.c.obj)
                              (--whole-archive)
bootloader/commonboot/libc/libcommon_boot_libc.a(memcpy.c.obj)
                              (--whole-archive)
bootloader/commonboot/libc/libcommon_boot_libc.a(memcmp.c.obj)
                              (--whole-archive)
bootloader/commonboot/libc/libcommon_boot_libc.a(strcmp.c.obj)
                              (--whole-archive)
bootloader/commonboot/libc/libcommon_boot_libc.a(strlen.c.obj)
                              (--whole-archive)
bootloader/commonboot/libc/libcommon_boot_libc.a(memmove.c.obj)
                              (--whole-archive)
bootloader/commonboot/libcommon_boot.a(boot_reset.c.obj)
                              (--whole-archive)
bootloader/commonboot/libcommon_boot.a(boot_flash.c.obj)
                              (--whole-archive)
bootloader/commonboot/libcommon_boot.a(boot_debug.c.obj)
                              (--whole-archive)
bootloader/commonboot/libcommon_boot.a(boot_transfer.c.obj)
                              (--whole-archive)
bootloader/commonboot/libcommon_boot.a(boot_cmd_loop.c.obj)
                              (--whole-archive)
bootloader/commonboot/libcommon_boot.a(boot_ymodem.c.obj)
                              (--whole-archive)
bootloader/commonboot/libcommon_boot.a(boot_crc16.c.obj)
                              (--whole-archive)
bootloader/commonboot/libcommon_boot.a(boot_load.c.obj)
                              (--whole-archive)
bootloader/commonboot/libcommon_boot.a(boot_efuse_opt.c.obj)
                              (--whole-archive)
bootloader/provision_ws63/libloaderboot_common.a(main.c.obj)
                              (--whole-archive)
bootloader/provision_ws63/libloaderboot_common.a(riscv_init.S.obj)
                              (--whole-archive)
bootloader/provision_ws63/libloaderboot_common.a(boot_uart_auth.c.obj)
                              (--whole-archive)
bootloader/provision_ws63/libloaderboot_common.a(boot_erase.c.obj)
                              (--whole-archive)
kernel/non_os/non_os/libnon_os.a(non_os_utils.c.obj)
                              (--whole-archive)
kernel/non_os/non_os/libnon_os.a(non_os_nmi.c.obj)
                              (--whole-archive)
kernel/non_os/malloc/libnonos_malloc.a(malloc.c.obj)
                              (--whole-archive)
kernel/osal/libosal.a(osal_atomic.c.obj)
                              (--whole-archive)
kernel/osal/libosal.a(osal_debug.c.obj)
                              (--whole-archive)
kernel/osal/libosal.a(osal_interrupt.c.obj)
                              (--whole-archive)
kernel/osal/libosal.a(osal_mutex.c.obj)
                              (--whole-archive)
kernel/osal/libosal.a(osal_semaphore.c.obj)
                              (--whole-archive)
kernel/osal/libosal.a(osal_spinlock.c.obj)
                              (--whole-archive)
kernel/osal/libosal.a(osal_wait.c.obj)
                              (--whole-archive)
kernel/osal/libosal.a(osal_task.c.obj)
                              (--whole-archive)
driver/pinmux/libpinctrl.a(pinctrl.c.obj)
                              (--whole-archive)
driver/security_unified/libdrv_security_unified.a(hash_romable.c.obj)
                              (--whole-archive)
driver/security_unified/libdrv_security_unified.a(drv_flashboot_cipher.c.obj)
                              (--whole-archive)
driver/security_unified/libdrv_security_unified.a(drv_flashboot_symc.c.obj)
                              (--whole-archive)
driver/security_unified/libdrv_security_unified.a(crypto_drv_common.c.obj)
                              (--whole-archive)
driver/security_unified/libdrv_security_unified.a(drv_keyslot.c.obj)
                              (--whole-archive)
driver/security_unified/libdrv_security_unified.a(drv_klad.c.obj)
                              (--whole-archive)
driver/security_unified/libdrv_security_unified.a(drv_fapc.c.obj)
                              (--whole-archive)
driver/security_unified/libdrv_security_unified.a(crypto_curve_param.c.obj)
                              (--whole-archive)
driver/security_unified/libdrv_security_unified.a(drv_pke_sm2_verify.c.obj)
                              (--whole-archive)
driver/security_unified/libdrv_security_unified.a(drv_pke_ecdsa.c.obj)
                              (--whole-archive)
driver/security_unified/libdrv_security_unified.a(drv_pke_weak_func.c.obj)
                              (--whole-archive)
driver/security_unified/libdrv_security_unified.a(drv_rom_cipher.c.obj)
                              (--whole-archive)
driver/systick/libsystick.a(systick.c.obj)
                              (--whole-archive)
driver/tcxo/libtcxo.a(tcxo.c.obj)
                              (--whole-archive)
[...]
Memory Configuration

Name             Origin             Length             Attributes
STACK            0x0000000000a00000 0x0000000000002400 xrw
SRAM             0x0000000000a02400 0x000000000001dc00 xrw
LOADERBOOT_ROM_ADDR 0x0000000000a20380 0x000000000000a000 xrw
*default*        0x0000000000000000 0xffffffffffffffff

Linker script and memory map


.text.entry     0x0000000000a20380      0x264
                0x0000000000a20380                . = ALIGN (0x4)
 *(.text.entry)
 .text.entry    0x0000000000a20380      0x13c bootloader/provision_ws63/libloaderboot_common.a(riscv_init.S.obj)
                0x0000000000a20380                _start
 *(.isr_vector)
 .isr_vector    0x0000000000a204bc      0x128 drivers/chips/ws63/libchip_ws63.a(vectors.c.obj)
                0x0000000000a205e4                . = ALIGN (0x4)

.stacks         0x0000000000a00000     0x2400
                0x0000000000a00000                . = ALIGN (0x10)
                0x0000000000a00000                g_system_stack_begin = ORIGIN (STACK)
                0x0000000000a01c00                . = (. + 0x1c00)
 *fill*         0x0000000000a00000     0x1c00 
                0x0000000000a01c00                __stack_top__ = .
                0x0000000000a02000                . = (. + 0x400)
 *fill*         0x0000000000a01c00      0x400 
                0x0000000000a02000                __irq_stack_top__ = .
                0x0000000000a02400                . = (. + 0x400)
 *fill*         0x0000000000a02000      0x400 
                0x0000000000a02400                __excp_stack_top__ = .
                0x0000000000a02400                . = ALIGN (0x10)
                0x0000000000a02400                g_system_stack_end = (ORIGIN (STACK) + LENGTH (STACK))

.text           0x0000000000a205f0     0x72e0
                0x0000000000a205f0                . = ALIGN (0x4)
 *(.text)
 .text          0x0000000000a205f0       0x4c drivers/chips/ws63/libchip_ws63.a(vectors.s.obj)
 .text          0x0000000000a2063c        0x4 d:/hisparkstudio/bearpi-pico_h3863-master/tools/bin/compiler/riscv/cc_riscv32_musl_105/cc_riscv32_musl_win/bin/../lib/gcc/riscv32-linux-musl/7.3.0\libgcc.a(_udivdi3.o)
                0x0000000000a2063c                __udivdi3
 .text          0x0000000000a20640        0xc d:/hisparkstudio/bearpi-pico_h3863-master/tools/bin/compiler/riscv/cc_riscv32_musl_105/cc_riscv32_musl_win/bin/../lib/gcc/riscv32-linux-musl/7.3.0\libgcc.a(_umoddi3.o)
                0x0000000000a20640                __umoddi3
 .text          0x0000000000a2064c      0x3f8 d:/hisparkstudio/bearpi-pico_h3863-master/tools/bin/compiler/riscv/cc_riscv32_musl_105/cc_riscv32_musl_win/bin/../lib/gcc/riscv32-linux-musl/7.3.0\libgcc.a(_udivmoddi4.o)
                0x0000000000a2064c                __udivmoddi4
 *(.text*)
 .text.memset   0x0000000000a20a44       0xae bootloader/commonboot/libc/libcommon_boot_libc.a(memset.c.obj)
                0x0000000000a20a44                memset
 .text.memcpy   0x0000000000a20af2      0x29c bootloader/commonboot/libc/libcommon_boot_libc.a(memcpy.c.obj)
                0x0000000000a20af2                memcpy
 .text.memcmp   0x0000000000a20d8e       0x1e bootloader/commonboot/libc/libcommon_boot_libc.a(memcmp.c.obj)
                0x0000000000a20d8e                memcmp
 .text.strlen   0x0000000000a20dac       0x3e bootloader/commonboot/libc/libcommon_boot_libc.a(strlen.c.obj)
                0x0000000000a20dac                strlen
 .text.reset    0x0000000000a20dea       0x12 bootloader/commonboot/libcommon_boot.a(boot_reset.c.obj)
                0x0000000000a20dea                reset
 .text.boot_get_flash_funcs
                0x0000000000a20dfc        0x8 bootloader/commonboot/libcommon_boot.a(boot_flash.c.obj)
                0x0000000000a20dfc                boot_get_flash_funcs
 .text.boot_regist_flash_cmd
                0x0000000000a20e04       0x1c bootloader/commonboot/libcommon_boot.a(boot_flash.c.obj)
                0x0000000000a20e04                boot_regist_flash_cmd
 .text.upload_send_file_info
                0x0000000000a20e20       0xc0 bootloader/commonboot/libcommon_boot.a(boot_transfer.c.obj)
 .text.upload_send_data
                0x0000000000a20ee0       0xe2 bootloader/commonboot/libcommon_boot.a(boot_transfer.c.obj)
 .text.upload_send_null_info
                0x0000000000a20fc2       0x54 bootloader/commonboot/libcommon_boot.a(boot_transfer.c.obj)
 .text.download_image
                0x0000000000a21016       0x6e bootloader/commonboot/libcommon_boot.a(boot_transfer.c.obj)
                0x0000000000a21016                download_image
 .text.download_factory_image
                0x0000000000a21084        0x2 bootloader/commonboot/libcommon_boot.a(boot_transfer.c.obj)
                0x0000000000a21084                download_factory_image
 .text.upload_data
                0x0000000000a21086      0x136 bootloader/commonboot/libcommon_boot.a(boot_transfer.c.obj)
                0x0000000000a21086                upload_data
 .text.loader_download_image
                0x0000000000a211bc       0xb4 bootloader/commonboot/libcommon_boot.a(boot_cmd_loop.c.obj)
                0x0000000000a211bc                loader_download_image
 .text.loader_upload_data
                0x0000000000a21270       0x42 bootloader/commonboot/libcommon_boot.a(boot_cmd_loop.c.obj)
                0x0000000000a21270                loader_upload_data
 .text.loader_set_baudrate
                0x0000000000a212b2       0x12 bootloader/commonboot/libcommon_boot.a(boot_cmd_loop.c.obj)
                0x0000000000a212b2                loader_set_baudrate
 .text.loader_ack
                0x0000000000a212c4       0x58 bootloader/commonboot/libcommon_boot.a(boot_cmd_loop.c.obj)
                0x0000000000a212c4                loader_ack
 .text.loader_reset
                0x0000000000a2131c       0x1e bootloader/commonboot/libcommon_boot.a(boot_cmd_loop.c.obj)
                0x0000000000a2131c                loader_reset
 .text.cmd_loop
                0x0000000000a2133a      0x184 bootloader/commonboot/libcommon_boot.a(boot_cmd_loop.c.obj)
                0x0000000000a2133a                cmd_loop
 .text.ymodem_flush
                0x0000000000a214be       0x20 bootloader/commonboot/libcommon_boot.a(boot_ymodem.c.obj)
 .text.ymodem_get_packet
                0x0000000000a214de      0x194 bootloader/commonboot/libcommon_boot.a(boot_ymodem.c.obj)
 .text.ymodem_open
                0x0000000000a21672      0x14e bootloader/commonboot/libcommon_boot.a(boot_ymodem.c.obj)
                0x0000000000a21672                ymodem_open
 .text.ymodem_close
                0x0000000000a217c0       0x18 bootloader/commonboot/libcommon_boot.a(boot_ymodem.c.obj)
                0x0000000000a217c0                ymodem_close
 .text.ymodem_read
                0x0000000000a217d8       0xfa bootloader/commonboot/libcommon_boot.a(boot_ymodem.c.obj)
                0x0000000000a217d8                ymodem_read
 .text.ymodem_get_length
                0x0000000000a218d2        0xe bootloader/commonboot/libcommon_boot.a(boot_ymodem.c.obj)
                0x0000000000a218d2                ymodem_get_length
 .text.crc16_ccitt
                0x0000000000a218e0       0x30 bootloader/commonboot/libcommon_boot.a(boot_crc16.c.obj)
                0x0000000000a218e0                crc16_ccitt
 .text.loader_serial_ymodem
                0x0000000000a21910       0xb2 bootloader/commonboot/libcommon_boot.a(boot_load.c.obj)
                0x0000000000a21910                loader_serial_ymodem
 .text.loader_burn_efuse
                0x0000000000a219c2      0x188 bootloader/commonboot/libcommon_boot.a(boot_efuse_opt.c.obj)
                0x0000000000a219c2                loader_burn_efuse
 .text.loader_read_efuse
                0x0000000000a21b4a       0x82 bootloader/commonboot/libcommon_boot.a(boot_efuse_opt.c.obj)
                0x0000000000a21b4a                loader_read_efuse
 .text.sfc_flash_read
                0x0000000000a21bcc        0xa bootloader/provision_ws63/libloaderboot_common.a(main.c.obj)
 .text.sfc_flash_init
                0x0000000000a21bd6        0xa bootloader/provision_ws63/libloaderboot_common.a(main.c.obj)
 .text.sfc_flash_erase
                0x0000000000a21be0       0x12 bootloader/provision_ws63/libloaderboot_common.a(main.c.obj)
 .text.sfc_flash_write
                0x0000000000a21bf2       0x30 bootloader/provision_ws63/libloaderboot_common.a(main.c.obj)
 .text.start_loaderboot
                0x0000000000a21c22       0xe2 bootloader/provision_ws63/libloaderboot_common.a(main.c.obj)
                0x0000000000a21c22                start_loaderboot
 .text.serial_port_set_baudrate
                0x0000000000a21d04       0x58 bootloader/provision_ws63/libloaderboot_common.a(main.c.obj)
                0x0000000000a21d04                serial_port_set_baudrate
 .text.uart_ack
                0x0000000000a21d5c       0x40 bootloader/provision_ws63/libloaderboot_common.a(boot_uart_auth.c.obj)
 .text.uart_baudrate_rcv
                0x0000000000a21d9c       0x52 bootloader/provision_ws63/libloaderboot_common.a(boot_uart_auth.c.obj)
                0x0000000000a21d9c                uart_baudrate_rcv
 .text.loader_download_is_flash_all_erased
                0x0000000000a21dee        0xa bootloader/provision_ws63/libloaderboot_common.a(boot_erase.c.obj)
                0x0000000000a21dee                loader_download_is_flash_all_erased
 .text.loader_erase_all_process
                0x0000000000a21df8       0x4a bootloader/provision_ws63/libloaderboot_common.a(boot_erase.c.obj)
                0x0000000000a21df8                loader_erase_all_process
 .text.non_os_enter_critical
                0x0000000000a21e42       0x7a kernel/non_os/non_os/libnon_os.a(non_os_utils.c.obj)
                0x0000000000a21e42                non_os_enter_critical
 .text.non_os_exit_critical
                0x0000000000a21ebc       0x6c kernel/non_os/non_os/libnon_os.a(non_os_utils.c.obj)
                0x0000000000a21ebc                non_os_exit_critical
 .text.malloc_register_funcs
                0x0000000000a21f28       0x16 kernel/non_os/malloc/libnonos_malloc.a(malloc.c.obj)
                0x0000000000a21f28                malloc_register_funcs
 .text.rom_malloc_init
                0x0000000000a21f3e       0x3e kernel/non_os/malloc/libnonos_malloc.a(malloc.c.obj)
                0x0000000000a21f3e                rom_malloc_init
 .text.malloc_init
                0x0000000000a21f7c        0x2 kernel/non_os/malloc/libnonos_malloc.a(malloc.c.obj)
                0x0000000000a21f7c                malloc_init
 .text.rom_malloc
                0x0000000000a21f7e       0xd8 kernel/non_os/malloc/libnonos_malloc.a(malloc.c.obj)
                0x0000000000a21f7e                rom_malloc
 .text.malloc   0x0000000000a22056        0x8 kernel/non_os/malloc/libnonos_malloc.a(malloc.c.obj)
                0x0000000000a22056                malloc
 .text.rom_free
                0x0000000000a2205e       0x2e kernel/non_os/malloc/libnonos_malloc.a(malloc.c.obj)
                0x0000000000a2205e                rom_free
 .text.free     0x0000000000a2208c        0x2 kernel/non_os/malloc/libnonos_malloc.a(malloc.c.obj)
                0x0000000000a2208c                free
 .text.osal_irq_lock
                0x0000000000a2208e        0x8 kernel/osal/libosal.a(osal_interrupt.c.obj)
                0x0000000000a2208e                osal_irq_lock
 .text.osal_irq_restore
                0x0000000000a22096        0x2 kernel/osal/libosal.a(osal_interrupt.c.obj)
                0x0000000000a22096                osal_irq_restore
 .text.drv_rom_hash
                0x0000000000a22098      0x14e driver/security_unified/libdrv_security_unified.a(hash_romable.c.obj)
                0x0000000000a22098                drv_rom_hash
 .text.crypto_get_phys_addr
                0x0000000000a221e6       0x12 driver/security_unified/libdrv_security_unified.a(crypto_drv_common.c.obj)
                0x0000000000a221e6                crypto_get_phys_addr
 .text.drv_cipher_register_func
                0x0000000000a221f8       0x28 driver/security_unified/libdrv_security_unified.a(crypto_drv_common.c.obj)
                0x0000000000a221f8                drv_cipher_register_func
 .text.crypto_get_cpu_type
                0x0000000000a22220       0x14 driver/security_unified/libdrv_security_unified.a(crypto_drv_common.c.obj)
                0x0000000000a22220                crypto_get_cpu_type
 .text.crypto_curve_param_init
                0x0000000000a22234        0xe driver/security_unified/libdrv_security_unified.a(crypto_curve_param.c.obj)
                0x0000000000a22234                crypto_curve_param_init
 .text.drv_cipher_pke_init_ecc_param
                0x0000000000a22242       0x12 driver/security_unified/libdrv_security_unified.a(drv_pke_ecdsa.c.obj)
                0x0000000000a22242                drv_cipher_pke_init_ecc_param
 .text.drv_cipher_pke_init
                0x0000000000a22254       0x12 driver/security_unified/libdrv_security_unified.a(drv_pke_ecdsa.c.obj)
                0x0000000000a22254                drv_cipher_pke_init
 .text.drv_cipher_pke_deinit
                0x0000000000a22266       0x12 driver/security_unified/libdrv_security_unified.a(drv_pke_ecdsa.c.obj)
                0x0000000000a22266                drv_cipher_pke_deinit
 .text.inner_get_phys_addr
                0x0000000000a22278        0x2 driver/security_unified/libdrv_security_unified.a(drv_rom_cipher.c.obj)
 .text.drv_rom_cipher_sha256
                0x0000000000a2227a       0x32 driver/security_unified/libdrv_security_unified.a(drv_rom_cipher.c.obj)
                0x0000000000a2227a                drv_rom_cipher_sha256
 .text.drv_rom_cipher_init
                0x0000000000a222ac       0x2a driver/security_unified/libdrv_security_unified.a(drv_rom_cipher.c.obj)
                0x0000000000a222ac                drv_rom_cipher_init
 .text.drv_rom_cipher_deinit
                0x0000000000a222d6       0x10 driver/security_unified/libdrv_security_unified.a(drv_rom_cipher.c.obj)
                0x0000000000a222d6                drv_rom_cipher_deinit
 .text.uapi_systick_get_count
                0x0000000000a222e6       0x2a driver/systick/libsystick.a(systick.c.obj)
                0x0000000000a222e6                uapi_systick_get_count
 .text.uapi_systick_get_us
                0x0000000000a22310       0x2c driver/systick/libsystick.a(systick.c.obj)
                0x0000000000a22310                uapi_systick_get_us
 .text.uapi_tcxo_init
                0x0000000000a2233c       0x30 driver/tcxo/libtcxo.a(tcxo.c.obj)
                0x0000000000a2233c                uapi_tcxo_init
 .text.uapi_tcxo_get_count
                0x0000000000a2236c       0x2a driver/tcxo/libtcxo.a(tcxo.c.obj)
                0x0000000000a2236c                uapi_tcxo_get_count
 .text.uapi_tcxo_delay_ms
                0x0000000000a22396       0x50 driver/tcxo/libtcxo.a(tcxo.c.obj)
                0x0000000000a22396                uapi_tcxo_delay_ms
 .text.uapi_tcxo_delay_us
                0x0000000000a223e6       0x3e driver/tcxo/libtcxo.a(tcxo.c.obj)
                0x0000000000a223e6                uapi_tcxo_delay_us
 .text.uart_helper_invoke_current_fragment_callback
                0x0000000000a22424       0x1e driver/uart/libuart.a(uart.c.obj)
 .text.uart_helper_move_to_next_fragment
                0x0000000000a22442       0x3e driver/uart/libuart.a(uart.c.obj)
 .text.uart_helper_send_next_char
                0x0000000000a22480       0x2e driver/uart/libuart.a(uart.c.obj)
 .text.uart_error_isr
                0x0000000000a224ae       0x80 driver/uart/libuart.a(uart.c.obj)
 .text.uart_evt_callback
                0x0000000000a2252e      0x1c4 driver/uart/libuart.a(uart.c.obj)
 .text.uapi_uart_init
                0x0000000000a226f2       0xce driver/uart/libuart.a(uart.c.obj)
                0x0000000000a226f2                uapi_uart_init
 .text.uapi_uart_deinit
                0x0000000000a227c0       0x60 driver/uart/libuart.a(uart.c.obj)
                0x0000000000a227c0                uapi_uart_deinit
 .text.uapi_uart_write
                0x0000000000a22820       0x72 driver/uart/libuart.a(uart.c.obj)
                0x0000000000a22820                uapi_uart_write
 .text.uapi_uart_read
                0x0000000000a22892       0x72 driver/uart/libuart.a(uart.c.obj)
                0x0000000000a22892                uapi_uart_read
 .text.uapi_uart_rx_fifo_is_empty
                0x0000000000a22904       0x2e driver/uart/libuart.a(uart.c.obj)
                0x0000000000a22904                uapi_uart_rx_fifo_is_empty
 .text.uapi_watchdog_init
                0x0000000000a22932       0x52 driver/watchdog/libwatchdog.a(watchdog.c.obj)
                0x0000000000a22932                uapi_watchdog_init
 .text.uapi_watchdog_enable
                0x0000000000a22984       0x44 driver/watchdog/libwatchdog.a(watchdog.c.obj)
                0x0000000000a22984                uapi_watchdog_enable
 .text.uapi_watchdog_disable
                0x0000000000a229c8       0x36 driver/watchdog/libwatchdog.a(watchdog.c.obj)
                0x0000000000a229c8                uapi_watchdog_disable
 .text.uapi_watchdog_deinit
                0x0000000000a229fe       0x3a driver/watchdog/libwatchdog.a(watchdog.c.obj)
                0x0000000000a229fe                uapi_watchdog_deinit
 .text.uapi_watchdog_kick
                0x0000000000a22a38       0x2c driver/watchdog/libwatchdog.a(watchdog.c.obj)
                0x0000000000a22a38                uapi_watchdog_kick
 .text.uapi_efuse_init
                0x0000000000a22a64       0x10 driver/efuse/libefuse.a(efuse.c.obj)
                0x0000000000a22a64                uapi_efuse_init
 .text.uapi_efuse_read_bit
                0x0000000000a22a74       0x56 driver/efuse/libefuse.a(efuse.c.obj)
                0x0000000000a22a74                uapi_efuse_read_bit
 .text.uapi_efuse_read_buffer
                0x0000000000a22aca       0x5a driver/efuse/libefuse.a(efuse.c.obj)
                0x0000000000a22aca                uapi_efuse_read_buffer
 .text.uapi_efuse_write_bit
                0x0000000000a22b24       0x7a driver/efuse/libefuse.a(efuse.c.obj)
                0x0000000000a22b24                uapi_efuse_write_bit
 .text.hal_efuse_register_funcs
                0x0000000000a22b9e       0x16 hal/efuse/libhal_efuse_v151.a(hal_efuse.c.obj)
                0x0000000000a22b9e                hal_efuse_register_funcs
 .text.hal_efuse_get_funcs
                0x0000000000a22bb4        0xa hal/efuse/libhal_efuse_v151.a(hal_efuse.c.obj)
                0x0000000000a22bb4                hal_efuse_get_funcs
 .text.hal_efuse_deinit
                0x0000000000a22bbe        0xc hal/efuse/libhal_efuse_v151.a(hal_efuse_v151.c.obj)
 .text.hal_efuse_get_writeread_addr
                0x0000000000a22bca       0x26 hal/efuse/libhal_efuse_v151.a(hal_efuse_v151.c.obj)
 .text.hal_efuse_init
                0x0000000000a22bf0       0x2e hal/efuse/libhal_efuse_v151.a(hal_efuse_v151.c.obj)
 .text.hal_efuse_read_byte
                0x0000000000a22c1e       0x60 hal/efuse/libhal_efuse_v151.a(hal_efuse_v151.c.obj)
 .text.hal_efuse_get_die_id
                0x0000000000a22c7e       0x34 hal/efuse/libhal_efuse_v151.a(hal_efuse_v151.c.obj)
 .text.hal_efuse_write_operation
                0x0000000000a22cb2       0x98 hal/efuse/libhal_efuse_v151.a(hal_efuse_v151.c.obj)
 .text.hal_efuse_write_buffer_operation
                0x0000000000a22d4a       0x3c hal/efuse/libhal_efuse_v151.a(hal_efuse_v151.c.obj)
 .text.hal_efuse_set_clock_period
                0x0000000000a22d86        0xa hal/efuse/libhal_efuse_v151.a(hal_efuse_v151.c.obj)
                0x0000000000a22d86                hal_efuse_set_clock_period
 .text.hal_efuse_funcs_get
                0x0000000000a22d90        0x8 hal/efuse/libhal_efuse_v151.a(hal_efuse_v151.c.obj)
                0x0000000000a22d90                hal_efuse_funcs_get
 .text.hal_efuse_regs_init
                0x0000000000a22d98       0x32 hal/efuse/libhal_efuse_v151.a(hal_efuse_v151_reg_op.c.obj)
                0x0000000000a22d98                hal_efuse_regs_init
 .text.hal_reboot_chip
                0x0000000000a22dca       0x10 hal/reboot/libhal_reboot.a(hal_reboot.c.obj)
                0x0000000000a22dca                hal_reboot_chip
 .text.crypto_cache_flush
                0x0000000000a22dda        0x2 hal/security_unified/libhal_security_unified.a(crypto_osal_lib.c.obj)
                0x0000000000a22dda                crypto_cache_flush
 .text.crypto_wait_func_is_support
                0x0000000000a22ddc        0x4 hal/security_unified/libhal_security_unified.a(crypto_osal_lib.c.obj)
                0x0000000000a22ddc                crypto_wait_func_is_support
 .text.hal_pke_init
                0x0000000000a22de0       0x14 hal/security_unified/libhal_security_unified.a(hal_pke.c.obj)
                0x0000000000a22de0                hal_pke_init
 .text.hal_pke_deinit
                0x0000000000a22df4       0x1c hal/security_unified/libhal_security_unified.a(hal_pke.c.obj)
                0x0000000000a22df4                hal_pke_deinit
 .text.hal_pke_unlock
                0x0000000000a22e10       0x16 hal/security_unified/libhal_security_unified.a(hal_pke.c.obj)
                0x0000000000a22e10                hal_pke_unlock
 .text.hal_hash_condition
                0x0000000000a22e26       0x1e hal/security_unified/libhal_security_unified.a(hal_hash.c.obj)
 .text.hal_cipher_hash_init
                0x0000000000a22e44       0x5a hal/security_unified/libhal_security_unified.a(hal_hash.c.obj)
                0x0000000000a22e44                hal_cipher_hash_init
 .text.hal_hash_unlock
                0x0000000000a22e9e       0x20 hal/security_unified/libhal_security_unified.a(hal_hash.c.obj)
                0x0000000000a22e9e                hal_hash_unlock
 .text.hal_cipher_hash_deinit
                0x0000000000a22ebe       0x38 hal/security_unified/libhal_security_unified.a(hal_hash.c.obj)
                0x0000000000a22ebe                hal_cipher_hash_deinit
 .text.hal_cipher_hash_config
                0x0000000000a22ef6       0xe2 hal/security_unified/libhal_security_unified.a(hal_hash.c.obj)
                0x0000000000a22ef6                hal_cipher_hash_config
 .text.hal_cipher_hash_add_in_node
                0x0000000000a22fd8       0x74 hal/security_unified/libhal_security_unified.a(hal_hash.c.obj)
                0x0000000000a22fd8                hal_cipher_hash_add_in_node
 .text.hal_cipher_hash_start
                0x0000000000a2304c       0xa8 hal/security_unified/libhal_security_unified.a(hal_hash.c.obj)
                0x0000000000a2304c                hal_cipher_hash_start
 .text.hal_cipher_hash_done_try
                0x0000000000a230f4       0x1a hal/security_unified/libhal_security_unified.a(hal_hash.c.obj)
                0x0000000000a230f4                hal_cipher_hash_done_try
 .text.hal_hash_lock
                0x0000000000a2310e      0x108 hal/security_unified/libhal_security_unified.a(hal_hash.c.obj)
                0x0000000000a2310e                hal_hash_lock
 .text.hal_hash_debug_chn
                0x0000000000a23216       0x20 hal/security_unified/libhal_security_unified.a(hal_hash.c.obj)
                0x0000000000a23216                hal_hash_debug_chn
 .text.hal_cipher_hash_wait_done
                0x0000000000a23236      0x152 hal/security_unified/libhal_security_unified.a(hal_hash.c.obj)
                0x0000000000a23236                hal_cipher_hash_wait_done
 .text.hal_cipher_trng_init
                0x0000000000a23388        0xe hal/security_unified/libhal_security_unified.a(hal_trng.c.obj)
                0x0000000000a23388                hal_cipher_trng_init
 .text.hal_cipher_trng_deinit
                0x0000000000a23396        0xe hal/security_unified/libhal_security_unified.a(hal_trng.c.obj)
                0x0000000000a23396                hal_cipher_trng_deinit
 .text.hal_tcxo_init
                0x0000000000a233a4       0x2c hal/tcxo/libhal_tcxo.a(hal_tcxo_v150.c.obj)
                0x0000000000a233a4                hal_tcxo_init
 .text.hal_tcxo_get
                0x0000000000a233d0       0x30 hal/tcxo/libhal_tcxo.a(hal_tcxo_v150.c.obj)
                0x0000000000a233d0                hal_tcxo_get
 .text.hal_tcxo_v150_regs_init
                0x0000000000a23400       0x20 hal/tcxo/libhal_tcxo.a(hal_tcxo_v150_regs_op.c.obj)
                0x0000000000a23400                hal_tcxo_v150_regs_init
 .text.hal_tcxo_reg_count_get
                0x0000000000a23420        0xe hal/tcxo/libhal_tcxo.a(hal_tcxo_v150_regs_op.c.obj)
                0x0000000000a23420                hal_tcxo_reg_count_get
 .text.hal_uart_register_funcs
                0x0000000000a2342e       0x1e hal/uart/libhal_uart.a(hal_uart.c.obj)
                0x0000000000a2342e                hal_uart_register_funcs
 .text.hal_uart_init
                0x0000000000a2344c       0x3e hal/uart/libhal_uart.a(hal_uart.c.obj)
                0x0000000000a2344c                hal_uart_init
 .text.hal_uart_deinit
                0x0000000000a2348a       0x12 hal/uart/libhal_uart.a(hal_uart.c.obj)
                0x0000000000a2348a                hal_uart_deinit
 .text.hal_uart_write
                0x0000000000a2349c       0x12 hal/uart/libhal_uart.a(hal_uart.c.obj)
                0x0000000000a2349c                hal_uart_write
 .text.hal_uart_read
                0x0000000000a234ae       0x12 hal/uart/libhal_uart.a(hal_uart.c.obj)
                0x0000000000a234ae                hal_uart_read
 .text.hal_uart_ctrl
                0x0000000000a234c0       0x1c hal/uart/libhal_uart.a(hal_uart.c.obj)
                0x0000000000a234c0                hal_uart_ctrl
 .text.hal_uart_v151_ctrl_get_rxfifo_passnum
                0x0000000000a234dc       0x12 hal/uart/libhal_uart.a(hal_uart_v151.c.obj)
 .text.hal_uart_v151_get_uart_rxfifo_threshold
                0x0000000000a234ee       0x22 hal/uart/libhal_uart.a(hal_uart_v151.c.obj)
 .text.hal_uart_v151_deinit
                0x0000000000a23510       0x12 hal/uart/libhal_uart.a(hal_uart_v151.c.obj)
 .text.hal_uart_set_diven
                0x0000000000a23522       0x18 hal/uart/libhal_uart.a(hal_uart_v151.c.obj)
 .text.hal_uart_is_tx_fifo_full
                0x0000000000a2353a       0x16 hal/uart/libhal_uart.a(hal_uart_v151.c.obj)
 .text.hal_uart_is_tx_fifo_empty
                0x0000000000a23550       0x18 hal/uart/libhal_uart.a(hal_uart_v151.c.obj)
 .text.hal_uart_is_busy
                0x0000000000a23568       0x1e hal/uart/libhal_uart.a(hal_uart_v151.c.obj)
 .text.hal_uart_is_rx_fifo_empty
                0x0000000000a23586       0x18 hal/uart/libhal_uart.a(hal_uart_v151.c.obj)
 .text.hal_uart_v151_write
                0x0000000000a2359e       0x26 hal/uart/libhal_uart.a(hal_uart_v151.c.obj)
 .text.hal_uart_v151_read
                0x0000000000a235c4       0x28 hal/uart/libhal_uart.a(hal_uart_v151.c.obj)
 .text.hal_uart_v151_ctrl
                0x0000000000a235ec       0x1c hal/uart/libhal_uart.a(hal_uart_v151.c.obj)
 .text.hal_uart_init_fifo
                0x0000000000a23608       0x3c hal/uart/libhal_uart.a(hal_uart_v151.c.obj)
                0x0000000000a23608                hal_uart_init_fifo
 .text.hal_uart_v151_ctrl_set_txfifo_int_level
                0x0000000000a23644       0x20 hal/uart/libhal_uart.a(hal_uart_v151.c.obj)
 .text.hal_uart_v151_ctrl_set_rxfifo_int_level
                0x0000000000a23664       0x22 hal/uart/libhal_uart.a(hal_uart_v151.c.obj)
 .text.hal_uart_set_baud_rate
                0x0000000000a23686       0x42 hal/uart/libhal_uart.a(hal_uart_v151.c.obj)
                0x0000000000a23686                hal_uart_set_baud_rate
 .text.hal_uart_set_data_bits
                0x0000000000a236c8       0x1a hal/uart/libhal_uart.a(hal_uart_v151.c.obj)
                0x0000000000a236c8                hal_uart_set_data_bits
 .text.hal_uart_set_stop_bits
                0x0000000000a236e2       0x1c hal/uart/libhal_uart.a(hal_uart_v151.c.obj)
                0x0000000000a236e2                hal_uart_set_stop_bits
 .text.hal_uart_auto_flow_ctl_en
                0x0000000000a236fe       0x1c hal/uart/libhal_uart.a(hal_uart_v151.c.obj)
                0x0000000000a236fe                hal_uart_auto_flow_ctl_en
 .text.hal_uart_enable_interrupt
                0x0000000000a2371a       0x4a hal/uart/libhal_uart.a(hal_uart_v151.c.obj)
                0x0000000000a2371a                hal_uart_enable_interrupt
 .text.hal_uart_en_para_err_int
                0x0000000000a23764        0xe hal/uart/libhal_uart.a(hal_uart_v151.c.obj)
 .text.hal_uart_en_idle_int
                0x0000000000a23772        0xe hal/uart/libhal_uart.a(hal_uart_v151.c.obj)
 .text.hal_uart_en_rx_int
                0x0000000000a23780        0xe hal/uart/libhal_uart.a(hal_uart_v151.c.obj)
 .text.hal_uart_en_tx_int
                0x0000000000a2378e        0xe hal/uart/libhal_uart.a(hal_uart_v151.c.obj)
 .text.hal_uart_check_en
                0x0000000000a2379c       0x1c hal/uart/libhal_uart.a(hal_uart_v151.c.obj)
                0x0000000000a2379c                hal_uart_check_en
 .text.hal_uart_parity_en
                0x0000000000a237b8       0x1a hal/uart/libhal_uart.a(hal_uart_v151.c.obj)
                0x0000000000a237b8                hal_uart_parity_en
 .text.hal_uart_set_parity
                0x0000000000a237d2       0x26 hal/uart/libhal_uart.a(hal_uart_v151.c.obj)
                0x0000000000a237d2                hal_uart_set_parity
 .text.hal_uart_v151_ctrl_set_attr
                0x0000000000a237f8       0x2e hal/uart/libhal_uart.a(hal_uart_v151.c.obj)
 .text.hal_uart_tx_pause_en
                0x0000000000a23826       0x18 hal/uart/libhal_uart.a(hal_uart_v151.c.obj)
                0x0000000000a23826                hal_uart_tx_pause_en
 .text.hal_uart_v151_init
                0x0000000000a2383e       0x9e hal/uart/libhal_uart.a(hal_uart_v151.c.obj)
 .text.hal_uart_v151_funcs_get
                0x0000000000a238dc        0x8 hal/uart/libhal_uart.a(hal_uart_v151.c.obj)
                0x0000000000a238dc                hal_uart_v151_funcs_get
 .text.hal_watchdog_register_funcs
                0x0000000000a238e4       0x16 hal/watchdog/libhal_watchdog.a(hal_watchdog.c.obj)
                0x0000000000a238e4                hal_watchdog_register_funcs
 .text.hal_watchdog_unregister_funcs
                0x0000000000a238fa        0xe hal/watchdog/libhal_watchdog.a(hal_watchdog.c.obj)
                0x0000000000a238fa                hal_watchdog_unregister_funcs
 .text.hal_watchdog_get_funcs
                0x0000000000a23908        0xa hal/watchdog/libhal_watchdog.a(hal_watchdog.c.obj)
                0x0000000000a23908                hal_watchdog_get_funcs
 .text.hal_watchdog_regs_init
                0x0000000000a23912       0x1e hal/watchdog/libhal_watchdog.a(hal_watchdog.c.obj)
                0x0000000000a23912                hal_watchdog_regs_init
 .text.hal_watchdog_regs_deinit
                0x0000000000a23930        0xc hal/watchdog/libhal_watchdog.a(hal_watchdog.c.obj)
                0x0000000000a23930                hal_watchdog_regs_deinit
 .text.hal_watchdog_v151_kick
                0x0000000000a2393c       0x12 hal/watchdog/libhal_watchdog.a(hal_watchdog_v151.c.obj)
 .text.hal_watchdog_v151_get_attr
                0x0000000000a2394e        0xa hal/watchdog/libhal_watchdog.a(hal_watchdog_v151.c.obj)
 .text.hal_register_watchdog_v151_callback
                0x0000000000a23958        0xa hal/watchdog/libhal_watchdog.a(hal_watchdog_v151.c.obj)
 .text.hal_watchdog_v151_deinit
                0x0000000000a23962        0x2 hal/watchdog/libhal_watchdog.a(hal_watchdog_v151.c.obj)
 .text.hal_watchdog_v151_init
                0x0000000000a23964        0x2 hal/watchdog/libhal_watchdog.a(hal_watchdog_v151.c.obj)
 .text.hal_watchdog_v151_get_left_time
                0x0000000000a23966       0x50 hal/watchdog/libhal_watchdog.a(hal_watchdog_v151.c.obj)
 .text.hal_watchdog_v151_clear_interrupt
                0x0000000000a239b6       0x12 hal/watchdog/libhal_watchdog.a(hal_watchdog_v151.c.obj)
 .text.hal_watchdog_v151_disable
                0x0000000000a239c8       0x14 hal/watchdog/libhal_watchdog.a(hal_watchdog_v151.c.obj)
 .text.hal_watchdog_v151_set_attr
                0x0000000000a239dc       0x70 hal/watchdog/libhal_watchdog.a(hal_watchdog_v151.c.obj)
 .text.hal_watchdog_v151_enable
                0x0000000000a23a4c       0x3e hal/watchdog/libhal_watchdog.a(hal_watchdog_v151.c.obj)
 .text.hal_watchdog_v151_funcs_get
                0x0000000000a23a8a        0x8 hal/watchdog/libhal_watchdog.a(hal_watchdog_v151.c.obj)
                0x0000000000a23a8a                hal_watchdog_v151_funcs_get
 .text.hal_sfc_regs_init
                0x0000000000a23a92       0x5a hal/sfc/libhal_sfc.a(hal_sfc.c.obj)
                0x0000000000a23a92                hal_sfc_regs_init
 .text.hal_sfc_regs_set_cmd_addr
                0x0000000000a23aec       0x1e hal/sfc/libhal_sfc.a(hal_sfc_v150.c.obj)
 .text.hal_sfc_regs_wait_ready.constprop.3
                0x0000000000a23b0a       0x60 hal/sfc/libhal_sfc.a(hal_sfc_v150.c.obj)
 .text.hal_sfc_execute_type_cmd
                0x0000000000a23b6a       0x5c hal/sfc/libhal_sfc.a(hal_sfc_v150.c.obj)
 .text.hal_sfc_write_enable
                0x0000000000a23bc6       0x1a hal/sfc/libhal_sfc.a(hal_sfc_v150.c.obj)
 .text.hal_sfc_reg_write_once
                0x0000000000a23be0       0x7c hal/sfc/libhal_sfc.a(hal_sfc_v150.c.obj)
 .text.hal_sfc_get_flash_id
                0x0000000000a23c5c       0x44 hal/sfc/libhal_sfc.a(hal_sfc_v150.c.obj)
                0x0000000000a23c5c                hal_sfc_get_flash_id
 .text.hal_sfc_init
                0x0000000000a23ca0       0xe2 hal/sfc/libhal_sfc.a(hal_sfc_v150.c.obj)
                0x0000000000a23ca0                hal_sfc_init
 .text.hal_sfc_reg_read
                0x0000000000a23d82       0x8c hal/sfc/libhal_sfc.a(hal_sfc_v150.c.obj)
                0x0000000000a23d82                hal_sfc_reg_read
 .text.hal_sfc_reg_write
                0x0000000000a23e0e       0x60 hal/sfc/libhal_sfc.a(hal_sfc_v150.c.obj)
                0x0000000000a23e0e                hal_sfc_reg_write
 .text.hal_sfc_reg_erase
                0x0000000000a23e6e       0x32 hal/sfc/libhal_sfc.a(hal_sfc_v150.c.obj)
                0x0000000000a23e6e                hal_sfc_reg_erase
 .text.hal_sfc_regs_set_opt
                0x0000000000a23ea0       0x38 hal/sfc/libhal_sfc.a(hal_sfc_v150_regs_op.c.obj)
                0x0000000000a23ea0                hal_sfc_regs_set_opt
 .text.hal_sfc_regs_set_opt_attr
                0x0000000000a23ed8       0x2e hal/sfc/libhal_sfc.a(hal_sfc_v150_regs_op.c.obj)
                0x0000000000a23ed8                hal_sfc_regs_set_opt_attr
 .text.hal_sfc_regs_wait_config
                0x0000000000a23f06       0x10 hal/sfc/libhal_sfc.a(hal_sfc_v150_regs_op.c.obj)
                0x0000000000a23f06                hal_sfc_regs_wait_config
 .text.hal_sfc_regs_set_bus_read
                0x0000000000a23f16       0x3c hal/sfc/libhal_sfc.a(hal_sfc_v150_regs_op.c.obj)
                0x0000000000a23f16                hal_sfc_regs_set_bus_read
 .text.hal_sfc_regs_set_bus_write
                0x0000000000a23f52       0x36 hal/sfc/libhal_sfc.a(hal_sfc_v150_regs_op.c.obj)
                0x0000000000a23f52                hal_sfc_regs_set_bus_write
 .text.uart_port_register_hal_funcs
                0x0000000000a23f88       0x12 drivers/chips/ws63/porting/uart/libuart_port.a(uart_porting.c.obj)
                0x0000000000a23f88                uart_port_register_hal_funcs
 .text.uart_port_set_clock_value
                0x0000000000a23f9a        0xa drivers/chips/ws63/porting/uart/libuart_port.a(uart_porting.c.obj)
                0x0000000000a23f9a                uart_port_set_clock_value
 .text.uart_port_get_clock_value
                0x0000000000a23fa4        0xa drivers/chips/ws63/porting/uart/libuart_port.a(uart_porting.c.obj)
                0x0000000000a23fa4                uart_port_get_clock_value
 .text.uart_port_config_pinmux
                0x0000000000a23fae       0x10 drivers/chips/ws63/porting/uart/libuart_port.a(uart_porting.c.obj)
                0x0000000000a23fae                uart_port_config_pinmux
 .text.uart_port_register_irq
                0x0000000000a23fbe        0x2 drivers/chips/ws63/porting/uart/libuart_port.a(uart_porting.c.obj)
                0x0000000000a23fbe                uart_port_register_irq
 .text.uart_port_unregister_irq
                0x0000000000a23fc0        0x2 drivers/chips/ws63/porting/uart/libuart_port.a(uart_porting.c.obj)
                0x0000000000a23fc0                uart_port_unregister_irq
 .text.print_str
                0x0000000000a23fc2       0x66 drivers/chips/ws63/porting/uart/libuart_port.a(uart_porting.c.obj)
                0x0000000000a23fc2                print_str
 .text.uart_porting_lock
                0x0000000000a24028        0x4 drivers/chips/ws63/porting/uart/libuart_port.a(uart_porting.c.obj)
                0x0000000000a24028                uart_porting_lock
 .text.uart_porting_unlock
                0x0000000000a2402c        0x6 drivers/chips/ws63/porting/uart/libuart_port.a(uart_porting.c.obj)
                0x0000000000a2402c                uart_porting_unlock
 .text.hal_systick_get_count
                0x0000000000a24032       0x10 drivers/chips/ws63/porting/systick/libsystick_port.a(hal_systick_ws63.c.obj)
                0x0000000000a24032                hal_systick_get_count
 .text.systick_clock_get
                0x0000000000a24042        0xa drivers/chips/ws63/porting/systick/libsystick_port.a(systick_porting.c.obj)
                0x0000000000a24042                systick_clock_get
 .text.tcxo_porting_base_addr_get
                0x0000000000a2404c        0x8 drivers/chips/ws63/porting/tcxo/libtcxo_port.a(tcxo_porting.c.obj)
                0x0000000000a2404c                tcxo_porting_base_addr_get
 .text.tcxo_porting_ticks_per_usec_get
                0x0000000000a24054        0xa drivers/chips/ws63/porting/tcxo/libtcxo_port.a(tcxo_porting.c.obj)
                0x0000000000a24054                tcxo_porting_ticks_per_usec_get
 .text.tcxo_porting_ticks_per_usec_set
                0x0000000000a2405e        0xa drivers/chips/ws63/porting/tcxo/libtcxo_port.a(tcxo_porting.c.obj)
                0x0000000000a2405e                tcxo_porting_ticks_per_usec_set
 .text.watchdog_port_register_hal_funcs
                0x0000000000a24068        0xc drivers/chips/ws63/porting/watchdog/libwatchdog_port.a(watchdog_porting.c.obj)
                0x0000000000a24068                watchdog_port_register_hal_funcs
 .text.watchdog_port_unregister_hal_funcs
                0x0000000000a24074        0x4 drivers/chips/ws63/porting/watchdog/libwatchdog_port.a(watchdog_porting.c.obj)
                0x0000000000a24074                watchdog_port_unregister_hal_funcs
 .text.watchdog_port_register_irq
                0x0000000000a24078        0x2 drivers/chips/ws63/porting/watchdog/libwatchdog_port.a(watchdog_porting.c.obj)
                0x0000000000a24078                watchdog_port_register_irq
 .text.watchdog_port_set_clock
                0x0000000000a2407a       0x16 drivers/chips/ws63/porting/watchdog/libwatchdog_port.a(watchdog_porting.c.obj)
                0x0000000000a2407a                watchdog_port_set_clock
 .text.watchdog_port_get_clock
                0x0000000000a24090        0xa drivers/chips/ws63/porting/watchdog/libwatchdog_port.a(watchdog_porting.c.obj)
                0x0000000000a24090                watchdog_port_get_clock
 .text.sfc_port_get_flash_spi_infos
                0x0000000000a2409a        0x8 drivers/chips/ws63/porting/sfc/flash_config/libsfc_flash_config_ws63.a(flash_config_info.c.obj)
                0x0000000000a2409a                sfc_port_get_flash_spi_infos
 .text.sfc_port_get_flash_num
                0x0000000000a240a2        0x4 drivers/chips/ws63/porting/sfc/flash_config/libsfc_flash_config_ws63.a(flash_config_info.c.obj)
                0x0000000000a240a2                sfc_port_get_flash_num
 .text.sfc_port_get_unknown_flash_info
                0x0000000000a240a6        0x8 drivers/chips/ws63/porting/sfc/flash_config/libsfc_flash_config_ws63.a(flash_config_info.c.obj)
                0x0000000000a240a6                sfc_port_get_unknown_flash_info
 .text.sfc_port_get_sfc_start_addr
                0x0000000000a240ae        0x6 drivers/chips/ws63/porting/sfc/porting/libsfc_port_ws63.a(sfc_porting.c.obj)
                0x0000000000a240ae                sfc_port_get_sfc_start_addr
 .text.sfc_port_get_sfc_end_addr
                0x0000000000a240b4        0x8 drivers/chips/ws63/porting/sfc/porting/libsfc_port_ws63.a(sfc_porting.c.obj)
                0x0000000000a240b4                sfc_port_get_sfc_end_addr
 .text.sfc_port_get_sfc_global_conf_base_addr
                0x0000000000a240bc        0x8 drivers/chips/ws63/porting/sfc/porting/libsfc_port_ws63.a(sfc_porting.c.obj)
                0x0000000000a240bc                sfc_port_get_sfc_global_conf_base_addr
 .text.sfc_port_get_sfc_bus_regs_base_addr
                0x0000000000a240c4        0x8 drivers/chips/ws63/porting/sfc/porting/libsfc_port_ws63.a(sfc_porting.c.obj)
                0x0000000000a240c4                sfc_port_get_sfc_bus_regs_base_addr
 .text.sfc_port_get_sfc_bus_dma_regs_base_addr
                0x0000000000a240cc        0x8 drivers/chips/ws63/porting/sfc/porting/libsfc_port_ws63.a(sfc_porting.c.obj)
                0x0000000000a240cc                sfc_port_get_sfc_bus_dma_regs_base_addr
 .text.sfc_port_get_sfc_cmd_regs_base_addr
                0x0000000000a240d4        0x8 drivers/chips/ws63/porting/sfc/porting/libsfc_port_ws63.a(sfc_porting.c.obj)
                0x0000000000a240d4                sfc_port_get_sfc_cmd_regs_base_addr
 .text.sfc_port_get_sfc_cmd_databuf_base_addr
                0x0000000000a240dc        0x8 drivers/chips/ws63/porting/sfc/porting/libsfc_port_ws63.a(sfc_porting.c.obj)
                0x0000000000a240dc                sfc_port_get_sfc_cmd_databuf_base_addr
 .text.sfc_port_get_delay_once_time
                0x0000000000a240e4        0xa drivers/chips/ws63/porting/sfc/porting/libsfc_port_ws63.a(sfc_porting.c.obj)
                0x0000000000a240e4                sfc_port_get_delay_once_time
 .text.sfc_port_get_delay_times
                0x0000000000a240ee        0xa drivers/chips/ws63/porting/sfc/porting/libsfc_port_ws63.a(sfc_porting.c.obj)
                0x0000000000a240ee                sfc_port_get_delay_times
 .text.sfc_port_lock_init
                0x0000000000a240f8        0x2 drivers/chips/ws63/porting/sfc/porting/libsfc_port_ws63.a(sfc_porting.c.obj)
                0x0000000000a240f8                sfc_port_lock_init
 .text.sfc_port_lock
                0x0000000000a240fa        0x4 drivers/chips/ws63/porting/sfc/porting/libsfc_port_ws63.a(sfc_porting.c.obj)
                0x0000000000a240fa                sfc_port_lock
 .text.sfc_port_unlock
                0x0000000000a240fe        0x2 drivers/chips/ws63/porting/sfc/porting/libsfc_port_ws63.a(sfc_porting.c.obj)
                0x0000000000a240fe                sfc_port_unlock
 .text.hal_sfc_regs_wait_ready.constprop.0
                0x0000000000a24100       0x5c drivers/chips/ws63/porting/sfc/porting/libsfc_port_ws63.a(sfc_protect.c.obj)
 .text.sfc_port_write_sr
                0x0000000000a2415c       0x76 drivers/chips/ws63/porting/sfc/porting/libsfc_port_ws63.a(sfc_protect.c.obj)
                0x0000000000a2415c                sfc_port_write_sr
 .text.sfc_port_read_sr
                0x0000000000a241d2       0x32 drivers/chips/ws63/porting/sfc/porting/libsfc_port_ws63.a(sfc_protect.c.obj)
                0x0000000000a241d2                sfc_port_read_sr
 .text.sfc_port_write_lock
                0x0000000000a24204       0x58 drivers/chips/ws63/porting/sfc/porting/libsfc_port_ws63.a(sfc_protect.c.obj)
                0x0000000000a24204                sfc_port_write_lock
 .text.sfc_port_write_unlock
                0x0000000000a2425c       0x1a drivers/chips/ws63/porting/sfc/porting/libsfc_port_ws63.a(sfc_protect.c.obj)
                0x0000000000a2425c                sfc_port_write_unlock
 .text.sfc_port_fix_sr
                0x0000000000a24276       0x24 drivers/chips/ws63/porting/sfc/porting/libsfc_port_ws63.a(sfc_protect.c.obj)
                0x0000000000a24276                sfc_port_fix_sr
 .text.sfc_port_gd25q32_read_sr
                0x0000000000a2429a       0x82 drivers/chips/ws63/porting/sfc/porting/libsfc_port_ws63.a(sfc_protect_gd25q32.c.obj)
 .text.sfc_port_fix_sr_gd25q32
                0x0000000000a2431c       0x7e drivers/chips/ws63/porting/sfc/porting/libsfc_port_ws63.a(sfc_protect_gd25q32.c.obj)
                0x0000000000a2431c                sfc_port_fix_sr_gd25q32
 .text.build_flash_ctrl
                0x0000000000a2439a       0x52 drivers/chips/ws63/porting/sfc/driver/libsfc_boot.a(sfc.c.obj)
 .text.check_opt_param
                0x0000000000a243ec       0x36 drivers/chips/ws63/porting/sfc/driver/libsfc_boot.a(sfc.c.obj)
 .text.check_init_param
                0x0000000000a24422       0x46 drivers/chips/ws63/porting/sfc/driver/libsfc_boot.a(sfc.c.obj)
 .text.uapi_sfc_init
                0x0000000000a24468       0xaa drivers/chips/ws63/porting/sfc/driver/libsfc_boot.a(sfc.c.obj)
                0x0000000000a24468                uapi_sfc_init
 .text.uapi_sfc_reg_read
                0x0000000000a24512       0xd4 drivers/chips/ws63/porting/sfc/driver/libsfc_boot.a(sfc.c.obj)
                0x0000000000a24512                uapi_sfc_reg_read
 .text.uapi_sfc_reg_write
                0x0000000000a245e6       0xfe drivers/chips/ws63/porting/sfc/driver/libsfc_boot.a(sfc.c.obj)
                0x0000000000a245e6                uapi_sfc_reg_write
 .text.uapi_sfc_reg_erase
                0x0000000000a246e4       0xbe drivers/chips/ws63/porting/sfc/driver/libsfc_boot.a(sfc.c.obj)
                0x0000000000a246e4                uapi_sfc_reg_erase
 .text.uapi_sfc_reg_erase_chip
                0x0000000000a247a2       0x3e drivers/chips/ws63/porting/sfc/driver/libsfc_boot.a(sfc.c.obj)
                0x0000000000a247a2                uapi_sfc_reg_erase_chip
 .text.efuse_read_item.part.1
                0x0000000000a247e0       0x98 drivers/chips/ws63/porting/efuse/libefuse_port.a(efuse_porting.c.obj)
 .text.efuse_port_register_hal_funcs
                0x0000000000a24878        0xc drivers/chips/ws63/porting/efuse/libefuse_port.a(efuse_porting.c.obj)
                0x0000000000a24878                efuse_port_register_hal_funcs
 .text.hal_efuse_get_region
                0x0000000000a24884        0x6 drivers/chips/ws63/porting/efuse/libefuse_port.a(efuse_porting.c.obj)
                0x0000000000a24884                hal_efuse_get_region
 .text.hal_efuse_get_byte_offset
                0x0000000000a2488a        0x4 drivers/chips/ws63/porting/efuse/libefuse_port.a(efuse_porting.c.obj)
                0x0000000000a2488a                hal_efuse_get_byte_offset
 .text.efuse_read_item
                0x0000000000a2488e        0xe drivers/chips/ws63/porting/efuse/libefuse_port.a(efuse_porting.c.obj)
                0x0000000000a2488e                efuse_read_item
 .text.set_efuse_period
                0x0000000000a2489c       0x16 drivers/chips/ws63/porting/efuse/libefuse_port.a(efuse_porting.c.obj)
                0x0000000000a2489c                set_efuse_period
 .text.malloc_port
                0x0000000000a248b2        0x4 drivers/chips/ws63/porting/mem/libnonos_malloc_port.a(malloc_porting.c.obj)
 .text.malloc_port_init
                0x0000000000a248b6       0x3a drivers/chips/ws63/porting/mem/libnonos_malloc_port.a(malloc_porting.c.obj)
                0x0000000000a248b6                malloc_port_init
 .text.reboot_port_reboot_chip
                0x0000000000a248f0       0x22 drivers/chips/ws63/porting/reboot/libreboot_port.a(reboot_porting.c.obj)
                0x0000000000a248f0                reboot_port_reboot_chip
 .text.get_tcxo_freq
                0x0000000000a24912        0xa drivers/chips/ws63/porting/soc/libsoc_port.a(soc_porting.c.obj)
                0x0000000000a24912                get_tcxo_freq
 .text.boot_clock_adapt
                0x0000000000a2491c       0x44 drivers/chips/ws63/porting/soc/libsoc_port.a(soc_porting.c.obj)
                0x0000000000a2491c                boot_clock_adapt
 .text.switch_flash_clock_to_pll
                0x0000000000a24960       0x2c drivers/chips/ws63/porting/soc/libsoc_port.a(soc_porting.c.obj)
                0x0000000000a24960                switch_flash_clock_to_pll
 .text.config_sfc_ctrl_ds
                0x0000000000a2498c       0x66 drivers/chips/ws63/porting/soc/libsoc_port.a(soc_porting.c.obj)
                0x0000000000a2498c                config_sfc_ctrl_ds
 .text.udelay   0x0000000000a249f2        0x4 drivers/chips/ws63/boot/boot_porting/libchip_boot_port.a(delay.c.obj)
                0x0000000000a249f2                udelay
 .text.mdelay   0x0000000000a249f6        0x4 drivers/chips/ws63/boot/boot_porting/libchip_boot_port.a(delay.c.obj)
                0x0000000000a249f6                mdelay
 .text.serial_putc
                0x0000000000a249fa       0x20 drivers/chips/ws63/boot/boot_porting/libchip_boot_port.a(serial.c.obj)
                0x0000000000a249fa                serial_putc
 .text.serial_puts
                0x0000000000a24a1a       0x24 drivers/chips/ws63/boot/boot_porting/libchip_boot_port.a(serial.c.obj)
                0x0000000000a24a1a                serial_puts
 .text.serial_put_buf
                0x0000000000a24a3e       0x1a drivers/chips/ws63/boot/boot_porting/libchip_boot_port.a(serial.c.obj)
                0x0000000000a24a3e                serial_put_buf
 .text.serial_getc
                0x0000000000a24a58       0x1a drivers/chips/ws63/boot/boot_porting/libchip_boot_port.a(serial.c.obj)
                0x0000000000a24a58                serial_getc
 .text.serial_puthex
                0x0000000000a24a72       0x64 drivers/chips/ws63/boot/boot_porting/libchip_boot_port.a(serial.c.obj)
                0x0000000000a24a72                serial_puthex
 .text.serial_getc_timeout
                0x0000000000a24ad6       0x28 drivers/chips/ws63/boot/boot_porting/libchip_boot_port.a(serial.c.obj)
                0x0000000000a24ad6                serial_getc_timeout
 .text.boot_put_errno
                0x0000000000a24afe       0x2a drivers/chips/ws63/boot/boot_porting/libchip_boot_port.a(serial.c.obj)
                0x0000000000a24afe                boot_put_errno
 .text.boot_msg0
                0x0000000000a24b28       0x12 drivers/chips/ws63/boot/boot_porting/libchip_boot_port.a(serial.c.obj)
                0x0000000000a24b28                boot_msg0
 .text.boot_msg1
                0x0000000000a24b3a       0x1c drivers/chips/ws63/boot/boot_porting/libchip_boot_port.a(serial.c.obj)
                0x0000000000a24b3a                boot_msg1
 .text.hiburn_uart_init
                0x0000000000a24b56       0x7c drivers/chips/ws63/boot/boot_porting/libchip_boot_port.a(serial.c.obj)
                0x0000000000a24b56                hiburn_uart_init
 .text.hiburn_uart_deinit
                0x0000000000a24bd2       0x1a drivers/chips/ws63/boot/boot_porting/libchip_boot_port.a(serial.c.obj)
                0x0000000000a24bd2                hiburn_uart_deinit
 .text.boot_wdt_kick
                0x0000000000a24bec        0x4 drivers/chips/ws63/boot/boot_porting/libchip_boot_port.a(boot_watchdog.c.obj)
                0x0000000000a24bec                boot_wdt_kick
 .text.set_reset_count
                0x0000000000a24bf0       0x14 drivers/chips/ws63/boot/boot_porting/libchip_boot_port.a(reset_porting.c.obj)
                0x0000000000a24bf0                set_reset_count
 .text.update_reset_count
                0x0000000000a24c04       0x3a drivers/chips/ws63/boot/boot_porting/libchip_boot_port.a(reset_porting.c.obj)
                0x0000000000a24c04                update_reset_count
 .text.boot_malloc_init
                0x0000000000a24c3e        0x4 drivers/chips/ws63/boot/boot_porting/libboot_port_malloc.a(boot_malloc.c.obj)
                0x0000000000a24c3e                boot_malloc_init
 .text.boot_malloc
                0x0000000000a24c42        0x4 drivers/chips/ws63/boot/boot_porting/libboot_port_malloc.a(boot_malloc.c.obj)
                0x0000000000a24c42                boot_malloc
 .text.interrupt0_handler
                0x0000000000a24c46       0x40 drivers/chips/ws63/libchip_ws63.a(interrupt_handler.c.obj)
                0x0000000000a24c46                interrupt0_handler
 .text.interrupt1_handler
                0x0000000000a24c86       0x40 drivers/chips/ws63/libchip_ws63.a(interrupt_handler.c.obj)
                0x0000000000a24c86                interrupt1_handler
 .text.interrupt2_handler
                0x0000000000a24cc6       0x40 drivers/chips/ws63/libchip_ws63.a(interrupt_handler.c.obj)
                0x0000000000a24cc6                interrupt2_handler
 .text.interrupt3_handler
                0x0000000000a24d06       0x40 drivers/chips/ws63/libchip_ws63.a(interrupt_handler.c.obj)
                0x0000000000a24d06                interrupt3_handler
 .text.interrupt4_handler
                0x0000000000a24d46       0x40 drivers/chips/ws63/libchip_ws63.a(interrupt_handler.c.obj)
                0x0000000000a24d46                interrupt4_handler
 .text.interrupt5_handler
                0x0000000000a24d86       0x40 drivers/chips/ws63/libchip_ws63.a(interrupt_handler.c.obj)
                0x0000000000a24d86                interrupt5_handler
 .text.local_interrupt_handler
                0x0000000000a24dc6       0x50 drivers/chips/ws63/libchip_ws63.a(interrupt_handler.c.obj)
                0x0000000000a24dc6                local_interrupt_handler
 .text.interrupt_number_get
                0x0000000000a24e16        0xc drivers/chips/ws63/libchip_ws63.a(interrupt_handler.c.obj)
                0x0000000000a24e16                interrupt_number_get
 .text.isr_not_implemented
                0x0000000000a24e22        0x2 drivers/chips/ws63/libchip_ws63.a(vectors.c.obj)
                0x0000000000a24e22                usb_handler
                0x0000000000a24e22                pmu_cmu_interrupt_handler
                0x0000000000a24e22                pmu_sleep_handler
                0x0000000000a24e22                b_wdt_handler
                0x0000000000a24e22                i2c_2_handler
                0x0000000000a24e22                pmu_32k_cali_handler
                0x0000000000a24e22                hal_timer_isr
                0x0000000000a24e22                pwm_4_handler
                0x0000000000a24e22                irq_uarth0_handler
                0x0000000000a24e22                qspi0_2cs_handler
                0x0000000000a24e22                pwm_2_handler
                0x0000000000a24e22                pwm_0_handler
                0x0000000000a24e22                pmu_wakeup_handler
                0x0000000000a24e22                spi_m_s_1_handler
                0x0000000000a24e22                sec_int_handler
                0x0000000000a24e22                spi_m_handler
                0x0000000000a24e22                mcu_pclr_lock_handler
                0x0000000000a24e22                qdec_handler
                0x0000000000a24e22                eh2h_brg_int_handler
                0x0000000000a24e22                hal_rtc_timer_isr
                0x0000000000a24e22                mem_sub_monitor_handler
                0x0000000000a24e22                spi_m_s_0_handler
                0x0000000000a24e22                irq_uartl2_handler
                0x0000000000a24e22                spi3_m_s_handler
                0x0000000000a24e22                bt_int1_handler
                0x0000000000a24e22                b_sub_monitor_handler
                0x0000000000a24e22                pwm_3_handler
                0x0000000000a24e22                irq_uartl0_handler
                0x0000000000a24e22                i2c_0_handler
                0x0000000000a24e22                pwm_1_handler
                0x0000000000a24e22                pwm_5_handler
                0x0000000000a24e22                eflash_handler
                0x0000000000a24e22                irq_dma_handler
                0x0000000000a24e22                i2c_1_handler
                0x0000000000a24e22                reserve_handler
                0x0000000000a24e22                spi4_s_handler
                0x0000000000a24e22                bt_int0_handler
                0x0000000000a24e22                irq_shareram_monitor_handler
                0x0000000000a24e22                key_scan_handler
                0x0000000000a24e22                irq_tsensor_handler
                0x0000000000a24e22                irq_sdma_handler
                0x0000000000a24e22                qspi1_2cs_handler
                0x0000000000a24e22                irq_gpio_handler
 .text.isr_get_ramexceptiontable_addr
                0x0000000000a24e24        0x8 drivers/chips/ws63/libchip_ws63.a(vectors.c.obj)
                0x0000000000a24e24                isr_get_ramexceptiontable_addr
 .text.do_hard_fault_handler
                0x0000000000a24e2c       0x58 middleware/chips/ws63/exception/libdfx_exception.a(exception_riscv.c.obj)
                0x0000000000a24e2c                do_hard_fault_handler
 .text.exc_info_display.part.3
                0x0000000000a24e84      0x226 middleware/chips/ws63/exception/libdfx_exception.a(exception_riscv.c.obj)
 .text.do_process_exception
                0x0000000000a250aa       0x16 middleware/chips/ws63/exception/libdfx_exception.a(exception_riscv.c.obj)
 .text.do_trap_unknown
                0x0000000000a250c0       0x16 middleware/chips/ws63/exception/libdfx_exception.a(exception_riscv.c.obj)
                0x0000000000a250c0                do_trap_unknown
 .text.do_trap_insn_misaligned
                0x0000000000a250d6       0x16 middleware/chips/ws63/exception/libdfx_exception.a(exception_riscv.c.obj)
                0x0000000000a250d6                do_trap_insn_misaligned
 .text.do_trap_insn_fault
                0x0000000000a250ec       0x16 middleware/chips/ws63/exception/libdfx_exception.a(exception_riscv.c.obj)
                0x0000000000a250ec                do_trap_insn_fault
 .text.do_trap_insn_illegal
                0x0000000000a25102       0x16 middleware/chips/ws63/exception/libdfx_exception.a(exception_riscv.c.obj)
                0x0000000000a25102                do_trap_insn_illegal
 .text.do_trap_load_misaligned
                0x0000000000a25118       0x16 middleware/chips/ws63/exception/libdfx_exception.a(exception_riscv.c.obj)
                0x0000000000a25118                do_trap_load_misaligned
 .text.do_trap_load_fault
                0x0000000000a2512e       0x16 middleware/chips/ws63/exception/libdfx_exception.a(exception_riscv.c.obj)
                0x0000000000a2512e                do_trap_load_fault
 .text.do_trap_store_misaligned
                0x0000000000a25144       0x16 middleware/chips/ws63/exception/libdfx_exception.a(exception_riscv.c.obj)
                0x0000000000a25144                do_trap_store_misaligned
 .text.do_trap_store_fault
                0x0000000000a2515a       0x16 middleware/chips/ws63/exception/libdfx_exception.a(exception_riscv.c.obj)
                0x0000000000a2515a                do_trap_store_fault
 .text.do_trap_ecall_u
                0x0000000000a25170       0x16 middleware/chips/ws63/exception/libdfx_exception.a(exception_riscv.c.obj)
                0x0000000000a25170                do_trap_ecall_u
 .text.do_trap_ecall_s
                0x0000000000a25186       0x16 middleware/chips/ws63/exception/libdfx_exception.a(exception_riscv.c.obj)
                0x0000000000a25186                do_trap_ecall_s
 .text.do_trap_ecall_m
                0x0000000000a2519c       0x16 middleware/chips/ws63/exception/libdfx_exception.a(exception_riscv.c.obj)
                0x0000000000a2519c                do_trap_ecall_m
 .text.do_trap_break
                0x0000000000a251b2       0x16 middleware/chips/ws63/exception/libdfx_exception.a(exception_riscv.c.obj)
                0x0000000000a251b2                do_trap_break
 .text.do_insn_page_fault
                0x0000000000a251c8       0x16 middleware/chips/ws63/exception/libdfx_exception.a(exception_riscv.c.obj)
                0x0000000000a251c8                do_insn_page_fault
 .text.do_load_page_fault
                0x0000000000a251de       0x16 middleware/chips/ws63/exception/libdfx_exception.a(exception_riscv.c.obj)
                0x0000000000a251de                do_load_page_fault
 .text.do_store_page_fault
                0x0000000000a251f4       0x16 middleware/chips/ws63/exception/libdfx_exception.a(exception_riscv.c.obj)
                0x0000000000a251f4                do_store_page_fault
 .text.do_hard_fault
                0x0000000000a2520a       0x16 middleware/chips/ws63/exception/libdfx_exception.a(exception_riscv.c.obj)
                0x0000000000a2520a                do_hard_fault
 .text.do_lockup
                0x0000000000a25220       0x16 middleware/chips/ws63/exception/libdfx_exception.a(exception_riscv.c.obj)
                0x0000000000a25220                do_lockup
 .text.default_handler
                0x0000000000a25236       0x14 middleware/chips/ws63/exception/libdfx_exception.a(exception_riscv.c.obj)
                0x0000000000a25236                default_handler
 .text.nmi_handler
                0x0000000000a2524a       0x14 middleware/chips/ws63/exception/libdfx_exception.a(exception_riscv.c.obj)
                0x0000000000a2524a                nmi_handler
 .text.cpu_utils_set_system_status_by_cause
                0x0000000000a2525e        0x8 utils/dfx/dfx_reboot/cpu_utils/libcpu_utils.a(cpu_utils.c.obj)
                0x0000000000a2525e                cpu_utils_set_system_status_by_cause
 .text.cpu_utils_reset_chip_with_log
                0x0000000000a25266       0x16 utils/dfx/dfx_reboot/cpu_utils/libcpu_utils.a(cpu_utils.c.obj)
                0x0000000000a25266                cpu_utils_reset_chip_with_log
 .text.panic_deal
                0x0000000000a2527c       0x84 utils/dfx/libdfx_panic.a(panic.c.obj)
                0x0000000000a2527c                panic_deal
 .text.panic    0x0000000000a25300       0x26 utils/dfx/libdfx_panic.a(panic_rom.c.obj)
                0x0000000000a25300                panic
 .text.duplicate_preserve_mem
                0x0000000000a25326       0x16 utils/dfx/libdfx_preserve.a(preserve.c.obj)
 .text.set_cpu_utils_system_boot_magic
                0x0000000000a2533c       0x50 utils/dfx/libdfx_preserve.a(preserve.c.obj)
                0x0000000000a2533c                set_cpu_utils_system_boot_magic
 .text.set_cpu_utils_reset_cause
                0x0000000000a2538c       0x12 utils/dfx/libdfx_preserve.a(preserve.c.obj)
                0x0000000000a2538c                set_cpu_utils_reset_cause
 .text.set_update_reset_cause_on_boot
                0x0000000000a2539e        0xc utils/dfx/libdfx_preserve.a(preserve.c.obj)
                0x0000000000a2539e                set_update_reset_cause_on_boot
 .text.set_last_panic
                0x0000000000a253aa       0x1a utils/dfx/libdfx_preserve.a(preserve.c.obj)
                0x0000000000a253aa                set_last_panic
 .text.set_exception_info_riscv
                0x0000000000a253c4       0x1a utils/dfx/libdfx_preserve.a(preserve.c.obj)
                0x0000000000a253c4                set_exception_info_riscv
 .text.set_exception_info
                0x0000000000a253de       0x1e utils/dfx/libdfx_preserve.a(preserve.c.obj)
                0x0000000000a253de                set_exception_info
 .text.set_exception_stack_frame
                0x0000000000a253fc       0x14 utils/dfx/libdfx_preserve.a(preserve.c.obj)
                0x0000000000a253fc                set_exception_stack_frame
 .text.SecMemcpyError
                0x0000000000a25410       0x5e open_source/libboundscheck/liblibboundscheck.a(memcpy_s.c.obj)
 .text.memcpy_s
                0x0000000000a2546e       0x38 open_source/libboundscheck/liblibboundscheck.a(memcpy_s.c.obj)
                0x0000000000a2546e                memcpy_s
 .text.memset_s
                0x0000000000a254a6       0x42 open_source/libboundscheck/liblibboundscheck.a(memset_s.c.obj)
                0x0000000000a254a6                memset_s
 .text.SecWriteMultiChar
                0x0000000000a254e8       0x2c open_source/libboundscheck/liblibboundscheck.a(secureprintoutput_a.c.obj)
 .text.SecOutput
                0x0000000000a25514      0x892 open_source/libboundscheck/liblibboundscheck.a(secureprintoutput_a.c.obj)
 .text.SecVsnprintfImpl
                0x0000000000a25da6       0x42 open_source/libboundscheck/liblibboundscheck.a(secureprintoutput_a.c.obj)
                0x0000000000a25da6                SecVsnprintfImpl
 .text.vsnprintf_s
                0x0000000000a25de8       0x50 open_source/libboundscheck/liblibboundscheck.a(vsnprintf_s.c.obj)
                0x0000000000a25de8                vsnprintf_s
 *(.rodata)
 .rodata        0x0000000000a25e38        0xc hal/sfc/libhal_sfc.a(hal_sfc_v150.c.obj)
 *fill*         0x0000000000a25e44        0xc 
 .rodata        0x0000000000a25e50      0x886 drivers/chips/ws63/libchip_ws63.a(vectors.s.obj)
                0x0000000000a25ea0                trap_entry
                0x0000000000a25f9c                trap_vector
                0x0000000000a2613c                nmi_vector
                0x0000000000a266b8                global_interrupt_lock
                0x0000000000a266c4                global_interrupt_unlock
                0x0000000000a266d0                global_interrupt_restore
 *fill*         0x0000000000a266d6        0x2 
 .rodata        0x0000000000a266d8      0x100 d:/hisparkstudio/bearpi-pico_h3863-master/tools/bin/compiler/riscv/cc_riscv32_musl_105/cc_riscv32_musl_win/bin/../lib/gcc/riscv32-linux-musl/7.3.0\libgcc.a(_clz.o)
                0x0000000000a266d8                __clz_tab
 *(.rodata*)
 .rodata.upload_data
                0x0000000000a267d8       0x18 bootloader/commonboot/libcommon_boot.a(boot_transfer.c.obj)
 .rodata.download_image.str1.4
                0x0000000000a267f0       0x13 bootloader/commonboot/libcommon_boot.a(boot_transfer.c.obj)
 *fill*         0x0000000000a26803        0x1 
 .rodata.upload_data.str1.4
                0x0000000000a26804        0xb bootloader/commonboot/libcommon_boot.a(boot_transfer.c.obj)
 *fill*         0x0000000000a2680f        0x1 
 .rodata.cmd_loop.str1.4
                0x0000000000a26810       0x42 bootloader/commonboot/libcommon_boot.a(boot_cmd_loop.c.obj)
 *fill*         0x0000000000a26852        0x2 
 .rodata.g_loader_cmdtable
                0x0000000000a26854       0x38 bootloader/commonboot/libcommon_boot.a(boot_cmd_loop.c.obj)
                0x0000000000a26854                g_loader_cmdtable
 .rodata.loader_download_image.str1.4
                0x0000000000a2688c       0x4d bootloader/commonboot/libcommon_boot.a(boot_cmd_loop.c.obj)
                                         0x53 (size before relaxing)
 *fill*         0x0000000000a268d9        0x3 
 .rodata.loader_reset.str1.4
                0x0000000000a268dc       0x12 bootloader/commonboot/libcommon_boot.a(boot_cmd_loop.c.obj)
 *fill*         0x0000000000a268ee        0x2 
 .rodata.loader_upload_data.str1.4
                0x0000000000a268f0       0x4b bootloader/commonboot/libcommon_boot.a(boot_cmd_loop.c.obj)
 *fill*         0x0000000000a2693b        0x1 
 .rodata.g_crc16_tab
                0x0000000000a2693c      0x200 bootloader/commonboot/libcommon_boot.a(boot_crc16.c.obj)
                0x0000000000a2693c                g_crc16_tab
 .rodata.loader_serial_ymodem.str1.4
                0x0000000000a26b3c       0x4c bootloader/commonboot/libcommon_boot.a(boot_load.c.obj)
 .rodata.loader_burn_efuse.str1.4
                0x0000000000a26b88      0x11c bootloader/commonboot/libcommon_boot.a(boot_efuse_opt.c.obj)
                                        0x11e (size before relaxing)
 .rodata.loader_read_efuse.str1.4
                0x0000000000a26ca4       0x1b bootloader/commonboot/libcommon_boot.a(boot_efuse_opt.c.obj)
                                         0x1f (size before relaxing)
 *fill*         0x0000000000a26cbf        0x1 
 .rodata.sfc_cfg
                0x0000000000a26cc0        0xc bootloader/provision_ws63/libloaderboot_common.a(main.c.obj)
                0x0000000000a26cc0                sfc_cfg
 .rodata.start_loaderboot.str1.4
                0x0000000000a26ccc       0x8e bootloader/provision_ws63/libloaderboot_common.a(main.c.obj)
 *fill*         0x0000000000a26d5a        0x2 
 .rodata.g_sha256_ival
                0x0000000000a26d5c       0x20 driver/security_unified/libdrv_security_unified.a(hash_romable.c.obj)
 .rodata.g_sm3_ival
                0x0000000000a26d7c       0x20 driver/security_unified/libdrv_security_unified.a(hash_romable.c.obj)
 .rodata.g_crypto_ecc_num
                0x0000000000a26d9c        0x4 driver/security_unified/libdrv_security_unified.a(crypto_curve_param.c.obj)
                0x0000000000a26d9c                g_crypto_ecc_num
 .rodata.g_crypto_ecc_params
                0x0000000000a26da0        0x0 driver/security_unified/libdrv_security_unified.a(crypto_curve_param.c.obj)
                0x0000000000a26da0                g_crypto_ecc_params
 .rodata.uart_evt_callback
                0x0000000000a26da0       0x14 driver/uart/libuart.a(uart.c.obj)
 .rodata.hal_cipher_hash_config
                0x0000000000a26db4       0x40 hal/security_unified/libhal_security_unified.a(hal_hash.c.obj)
 .rodata.hal_uart_enable_interrupt
                0x0000000000a26df4       0x38 hal/uart/libhal_uart.a(hal_uart_v151.c.obj)
 .rodata.CSWTCH.8
                0x0000000000a26e2c        0x3 hal/uart/libhal_uart.a(hal_uart_v151.c.obj)
 *fill*         0x0000000000a26e2f        0x1 
 .rodata.g_hal_uart_ctrl_func_array
                0x0000000000a26e30       0x54 hal/uart/libhal_uart.a(hal_uart_v151.c.obj)
 .rodata.g_uart_base_addrs
                0x0000000000a26e84        0xc drivers/chips/ws63/porting/uart/libuart_port.a(uart_porting.c.obj)
                0x0000000000a26e84                g_uart_base_addrs
 .rodata.g_default_erase_cmds
                0x0000000000a26e90        0xc drivers/chips/ws63/porting/sfc/flash_config/libsfc_flash_config_ws63.a(flash_config_info.c.obj)
 .rodata.g_default_quad_enable
                0x0000000000a26e9c        0x6 drivers/chips/ws63/porting/sfc/flash_config/libsfc_flash_config_ws63.a(flash_config_info.c.obj)
 *fill*         0x0000000000a26ea2        0x2 
 .rodata.g_default_read_cmds
                0x0000000000a26ea4        0x4 drivers/chips/ws63/porting/sfc/flash_config/libsfc_flash_config_ws63.a(flash_config_info.c.obj)
 .rodata.g_default_write_cmds
                0x0000000000a26ea8        0x8 drivers/chips/ws63/porting/sfc/flash_config/libsfc_flash_config_ws63.a(flash_config_info.c.obj)
 .rodata.g_flash_common_erase_cmds
                0x0000000000a26eb0       0x10 drivers/chips/ws63/porting/sfc/flash_config/libsfc_flash_config_ws63.a(flash_config_info.c.obj)
 .rodata.g_flash_common_read_cmds
                0x0000000000a26ec0       0x18 drivers/chips/ws63/porting/sfc/flash_config/libsfc_flash_config_ws63.a(flash_config_info.c.obj)
 .rodata.g_flash_common_write_cmds
                0x0000000000a26ed8       0x18 drivers/chips/ws63/porting/sfc/flash_config/libsfc_flash_config_ws63.a(flash_config_info.c.obj)
 .rodata.g_flash_gd_bus_enable
                0x0000000000a26ef0       0x12 drivers/chips/ws63/porting/sfc/flash_config/libsfc_flash_config_ws63.a(flash_config_info.c.obj)
 *fill*         0x0000000000a26f02        0x2 
 .rodata.g_flash_spi_info_list
                0x0000000000a26f04       0x1c drivers/chips/ws63/porting/sfc/flash_config/libsfc_flash_config_ws63.a(flash_config_info.c.obj)
 .rodata.g_flash_spi_unknown_info
                0x0000000000a26f20       0x1c drivers/chips/ws63/porting/sfc/flash_config/libsfc_flash_config_ws63.a(flash_config_info.c.obj)
 .rodata.g_sfc_protect_cfg
                0x0000000000a26f3c       0x24 drivers/chips/ws63/porting/sfc/porting/libsfc_port_ws63.a(sfc_protect.c.obj)
 .rodata.sfc_port_fix_sr_gd25q32.str1.4
                0x0000000000a26f60       0x25 drivers/chips/ws63/porting/sfc/porting/libsfc_port_ws63.a(sfc_protect_gd25q32.c.obj)
 *fill*         0x0000000000a26f85        0x3 
 .rodata.sfc_port_gd25q32_read_sr.str1.4
                0x0000000000a26f88       0x28 drivers/chips/ws63/porting/sfc/porting/libsfc_port_ws63.a(sfc_protect_gd25q32.c.obj)
 .rodata.g_efuse_cfg
                0x0000000000a26fb0       0x72 drivers/chips/ws63/porting/efuse/libefuse_port.a(efuse_porting.c.obj)
 .rodata.boot_msg0.str1.4
                0x0000000000a27022        0x3 drivers/chips/ws63/boot/boot_porting/libchip_boot_port.a(serial.c.obj)
 *fill*         0x0000000000a27022        0x2 
 .rodata.boot_put_errno.str1.4
                0x0000000000a27024        0x8 drivers/chips/ws63/boot/boot_porting/libchip_boot_port.a(serial.c.obj)
                                          0xa (size before relaxing)
 .rodata.serial_puthex.str1.4
                0x0000000000a2702c        0x3 drivers/chips/ws63/boot/boot_porting/libchip_boot_port.a(serial.c.obj)
 *fill*         0x0000000000a2702f        0x1 
 .rodata.update_reset_count.str1.4
                0x0000000000a27030       0x14 drivers/chips/ws63/boot/boot_porting/libchip_boot_port.a(reset_porting.c.obj)
 .rodata.default_handler.str1.4
                0x0000000000a27044       0x29 middleware/chips/ws63/exception/libdfx_exception.a(exception_riscv.c.obj)
 *fill*         0x0000000000a2706d        0x3 
 .rodata.do_hard_fault.str1.4
                0x0000000000a27070       0x18 middleware/chips/ws63/exception/libdfx_exception.a(exception_riscv.c.obj)
 .rodata.do_hard_fault_handler.str1.4
                0x0000000000a27088       0x22 middleware/chips/ws63/exception/libdfx_exception.a(exception_riscv.c.obj)
 *fill*         0x0000000000a270aa        0x2 
 .rodata.do_insn_page_fault.str1.4
                0x0000000000a270ac       0x1d middleware/chips/ws63/exception/libdfx_exception.a(exception_riscv.c.obj)
 *fill*         0x0000000000a270c9        0x3 
 .rodata.do_load_page_fault.str1.4
                0x0000000000a270cc       0x1d middleware/chips/ws63/exception/libdfx_exception.a(exception_riscv.c.obj)
 *fill*         0x0000000000a270e9        0x3 
 .rodata.do_lockup.str1.4
                0x0000000000a270ec       0x15 middleware/chips/ws63/exception/libdfx_exception.a(exception_riscv.c.obj)
 *fill*         0x0000000000a27101        0x3 
 .rodata.do_store_page_fault.str1.4
                0x0000000000a27104       0x1e middleware/chips/ws63/exception/libdfx_exception.a(exception_riscv.c.obj)
 *fill*         0x0000000000a27122        0x2 
 .rodata.do_trap_break.str1.4
                0x0000000000a27124       0x14 middleware/chips/ws63/exception/libdfx_exception.a(exception_riscv.c.obj)
 .rodata.do_trap_ecall_m.str1.4
                0x0000000000a27138       0x2a middleware/chips/ws63/exception/libdfx_exception.a(exception_riscv.c.obj)
 *fill*         0x0000000000a27162        0x2 
 .rodata.do_trap_ecall_s.str1.4
                0x0000000000a27164       0x2a middleware/chips/ws63/exception/libdfx_exception.a(exception_riscv.c.obj)
 *fill*         0x0000000000a2718e        0x2 
 .rodata.do_trap_ecall_u.str1.4
                0x0000000000a27190       0x2a middleware/chips/ws63/exception/libdfx_exception.a(exception_riscv.c.obj)
 *fill*         0x0000000000a271ba        0x2 
 .rodata.do_trap_insn_fault.str1.4
                0x0000000000a271bc       0x26 middleware/chips/ws63/exception/libdfx_exception.a(exception_riscv.c.obj)
 *fill*         0x0000000000a271e2        0x2 
 .rodata.do_trap_insn_illegal.str1.4
                0x0000000000a271e4       0x21 middleware/chips/ws63/exception/libdfx_exception.a(exception_riscv.c.obj)
 *fill*         0x0000000000a27205        0x3 
 .rodata.do_trap_insn_misaligned.str1.4
                0x0000000000a27208       0x2c middleware/chips/ws63/exception/libdfx_exception.a(exception_riscv.c.obj)
 .rodata.do_trap_load_fault.str1.4
                0x0000000000a27234       0x1f middleware/chips/ws63/exception/libdfx_exception.a(exception_riscv.c.obj)
 *fill*         0x0000000000a27253        0x1 
 .rodata.do_trap_load_misaligned.str1.4
                0x0000000000a27254       0x25 middleware/chips/ws63/exception/libdfx_exception.a(exception_riscv.c.obj)
 *fill*         0x0000000000a27279        0x3 
 .rodata.do_trap_store_fault.str1.4
                0x0000000000a2727c       0x29 middleware/chips/ws63/exception/libdfx_exception.a(exception_riscv.c.obj)
 *fill*         0x0000000000a272a5        0x3 
 .rodata.do_trap_store_misaligned.str1.4
                0x0000000000a272a8       0x2f middleware/chips/ws63/exception/libdfx_exception.a(exception_riscv.c.obj)
 *fill*         0x0000000000a272d7        0x1 
 .rodata.do_trap_unknown.str1.4
                0x0000000000a272d8       0x1f middleware/chips/ws63/exception/libdfx_exception.a(exception_riscv.c.obj)
 *fill*         0x0000000000a272f7        0x1 
 .rodata.exc_info_display.part.3.str1.4
                0x0000000000a272f8      0x3ec middleware/chips/ws63/exception/libdfx_exception.a(exception_riscv.c.obj)
 .rodata.nmi_handler.str1.4
                0x0000000000a276e4       0x25 middleware/chips/ws63/exception/libdfx_exception.a(exception_riscv.c.obj)
 *fill*         0x0000000000a27709        0x3 
 .rodata.panic_deal.str1.4
                0x0000000000a2770c       0x25 utils/dfx/libdfx_panic.a(panic.c.obj)
 *fill*         0x0000000000a27731        0x3 
 .rodata.SecOutput
                0x0000000000a27734       0x20 open_source/libboundscheck/liblibboundscheck.a(secureprintoutput_a.c.obj)
 .rodata.g_itoaLowerDigits
                0x0000000000a27754       0x14 open_source/libboundscheck/liblibboundscheck.a(secureprintoutput_a.c.obj)
 .rodata.g_itoaUpperDigits
                0x0000000000a27768       0x14 open_source/libboundscheck/liblibboundscheck.a(secureprintoutput_a.c.obj)
 .rodata.stateTable.1749
                0x0000000000a2777c      0x151 open_source/libboundscheck/liblibboundscheck.a(secureprintoutput_a.c.obj)
 *(.srodata)
 *(.srodata*)
 *(.flashtext)
 *(.flashtext*)
                0x0000000000a278d0                . = ALIGN (0x4)
 *fill*         0x0000000000a278cd        0x3 

.rela.dyn       0x0000000000a278d0        0x0
 .rela.text.entry
                0x0000000000a278d0        0x0 bootloader/commonboot/libc/libcommon_boot_libc.a(memset.c.obj)
 .rela.text.malloc_port_init
                0x0000000000a278d0        0x0 bootloader/commonboot/libc/libcommon_boot_libc.a(memset.c.obj)
 .rela.text.local_interrupt_handler
                0x0000000000a278d0        0x0 bootloader/commonboot/libc/libcommon_boot_libc.a(memset.c.obj)
 .rela.rodata   0x0000000000a278d0        0x0 bootloader/commonboot/libc/libcommon_boot_libc.a(memset.c.obj)
 .rela.isr_vector
                0x0000000000a278d0        0x0 bootloader/commonboot/libc/libcommon_boot_libc.a(memset.c.obj)
 .rela.got      0x0000000000a278d0        0x0 bootloader/commonboot/libc/libcommon_boot_libc.a(memset.c.obj)

.data           0x0000000000a02400       0xdc load address 0x0000000000a278d0
 FILL mask 0xff
                0x0000000000a02400                . = ALIGN (0x4)
                0x0000000000a278d0                __data_load__ = LOADADDR (.data)
                0x0000000000a02400                . = ALIGN (0x4)
                0x0000000000a02400                __data_begin__ = .
 *(.data)
 *(.data*)
 .data.g_efuse_clock_period
                0x0000000000a02400        0x4 hal/efuse/libhal_efuse_v151.a(hal_efuse_v151.c.obj)
 .data.g_hal_efuse_funcs
                0x0000000000a02404       0x2c hal/efuse/libhal_efuse_v151.a(hal_efuse_v151.c.obj)
                0x0000000000a02404                g_hal_efuse_funcs
 .data.g_hal_uart_v51_funcs
                0x0000000000a02430       0x18 hal/uart/libhal_uart.a(hal_uart_v151.c.obj)
 .data.g_hal_watchdog_v151_funcs
                0x0000000000a02448       0x24 hal/watchdog/libhal_watchdog.a(hal_watchdog_v151.c.obj)
 .data.g_uart_clock_value
                0x0000000000a0246c        0x4 drivers/chips/ws63/porting/uart/libuart_port.a(uart_porting.c.obj)
 .data.g_systick_clock
                0x0000000000a02470        0x4 drivers/chips/ws63/porting/systick/libsystick_port.a(systick_porting.c.obj)
 .data.g_tcxo_ticks_per_usec
                0x0000000000a02474        0x4 drivers/chips/ws63/porting/tcxo/libtcxo_port.a(tcxo_porting.c.obj)
 .data.g_watchdog_base_addr
                0x0000000000a02478        0x4 drivers/chips/ws63/porting/watchdog/libwatchdog_port.a(watchdog_porting.c.obj)
                0x0000000000a02478                g_watchdog_base_addr
 .data.g_watchdog_clock
                0x0000000000a0247c        0x4 drivers/chips/ws63/porting/watchdog/libwatchdog_port.a(watchdog_porting.c.obj)
 .data.g_sfc_delay_once_us
                0x0000000000a02480        0x4 drivers/chips/ws63/porting/sfc/porting/libsfc_port_ws63.a(sfc_porting.c.obj)
                0x0000000000a02480                g_sfc_delay_once_us
 .data.g_sfc_delay_times
                0x0000000000a02484        0x4 drivers/chips/ws63/porting/sfc/porting/libsfc_port_ws63.a(sfc_porting.c.obj)
                0x0000000000a02484                g_sfc_delay_times
 .data.g_efuse_base_addr
                0x0000000000a02488        0x4 drivers/chips/ws63/porting/efuse/libefuse_port.a(efuse_porting.c.obj)
                0x0000000000a02488                g_efuse_base_addr
 .data.g_efuse_boot_done_addr
                0x0000000000a0248c        0x4 drivers/chips/ws63/porting/efuse/libefuse_port.a(efuse_porting.c.obj)
                0x0000000000a0248c                g_efuse_boot_done_addr
 .data.g_efuse_region_read_address
                0x0000000000a02490        0x4 drivers/chips/ws63/porting/efuse/libefuse_port.a(efuse_porting.c.obj)
                0x0000000000a02490                g_efuse_region_read_address
 .data.g_hiburn_uart
                0x0000000000a02494        0x1 drivers/chips/ws63/boot/boot_porting/libchip_boot_port.a(serial.c.obj)
                0x0000000000a02494                g_hiburn_uart
 *fill*         0x0000000000a02495        0x3 ff
 .data.g_panic_deal
                0x0000000000a02498        0x4 utils/dfx/libdfx_panic.a(panic_rom.c.obj)
 .data.strNullPointer.1869
                0x0000000000a0249c        0x8 open_source/libboundscheck/liblibboundscheck.a(secureprintoutput_a.c.obj)
 .data.strNullString.1791
                0x0000000000a024a4        0x8 open_source/libboundscheck/liblibboundscheck.a(secureprintoutput_a.c.obj)
 .data.wStrNullString.1801
                0x0000000000a024ac       0x20 open_source/libboundscheck/liblibboundscheck.a(secureprintoutput_a.c.obj)
 *(.got)
 .got           0x0000000000a024cc        0x8 bootloader/commonboot/libc/libcommon_boot_libc.a(memset.c.obj)
                0x0000000000a024cc                _GLOBAL_OFFSET_TABLE_
 *(.got*)
 .got.plt       0x0000000000a024d4        0x8 bootloader/commonboot/libc/libcommon_boot_libc.a(memset.c.obj)
 *(.igot)
 *(.igot*)
                0x0000000000a02cdc                _gp_ = (. + 0x800)
 *(.sdata)
 *(.sdata*)
                0x0000000000a024dc                . = ALIGN (0x4)
                0x0000000000a024dc                __data_end__ = .
                0x00000000000000dc                __data_size__ = (__data_end__ - __data_begin__)

preserve        0x0000000000a024dc       0xfc load address 0x0000000000a279ac
 preserve       0x0000000000a024dc       0xfc utils/dfx/libdfx_preserve.a(preserve.c.obj)
                0x0000000000a024dc                g_preserve_data_lib

.bss            0x0000000000a025d8     0x44bc load address 0x0000000000a27aa8
                0x0000000000a025d8                . = ALIGN (0x4)
                0x0000000000a025d8                __bss_begin__ = .
 *(.bss)
 *(.bss*)
 .bss.g_flash_cmd_funcs
                0x0000000000a025d8       0x14 bootloader/commonboot/libcommon_boot.a(boot_flash.c.obj)
 .bss.g_upload_ctx
                0x0000000000a025ec        0x4 bootloader/commonboot/libcommon_boot.a(boot_transfer.c.obj)
                0x0000000000a025ec                g_upload_ctx
 .bss.g_ymodem  0x0000000000a025f0     0x2010 bootloader/commonboot/libcommon_boot.a(boot_ymodem.c.obj)
 .bss.g_ymodem_buf
                0x0000000000a04600     0x2000 bootloader/commonboot/libcommon_boot.a(boot_load.c.obj)
 .bss.g_uart_param
                0x0000000000a06600        0xc bootloader/provision_ws63/libloaderboot_common.a(boot_uart_auth.c.obj)
                0x0000000000a06600                g_uart_param
 .bss.g_flash_all_erased
                0x0000000000a0660c        0x1 bootloader/provision_ws63/libloaderboot_common.a(boot_erase.c.obj)
 *fill*         0x0000000000a0660d        0x3 
 .bss.g_cs_record_handler
                0x0000000000a06610        0x4 kernel/non_os/non_os/libnon_os.a(non_os_utils.c.obj)
 .bss.g_cs_stat_handler
                0x0000000000a06614        0x4 kernel/non_os/non_os/libnon_os.a(non_os_utils.c.obj)
 .bss.g_lock_stat
                0x0000000000a06618        0x4 kernel/non_os/non_os/libnon_os.a(non_os_utils.c.obj)
 .bss.g_non_os_critical_nesting
                0x0000000000a0661c        0x2 kernel/non_os/non_os/libnon_os.a(non_os_utils.c.obj)
 *fill*         0x0000000000a0661e        0x2 
 .bss.g_malloc_func
                0x0000000000a06620        0xc kernel/non_os/malloc/libnonos_malloc.a(malloc.c.obj)
                0x0000000000a06620                g_malloc_func
 .bss.g_st_dfx  0x0000000000a0662c       0x18 kernel/non_os/malloc/libnonos_malloc.a(malloc.c.obj)
                0x0000000000a0662c                g_st_dfx
 .bss.g_drv_func
                0x0000000000a06644       0x24 driver/security_unified/libdrv_security_unified.a(crypto_drv_common.c.obj)
 .bss.g_systick_hw_inited
                0x0000000000a06668        0x1 driver/systick/libsystick.a(systick.c.obj)
 .bss.g_tcxo_inited
                0x0000000000a06669        0x1 driver/tcxo/libtcxo.a(tcxo.c.obj)
 *fill*         0x0000000000a0666a        0x2 
 .bss.g_uart_inited
                0x0000000000a0666c        0x3 driver/uart/libuart.a(uart.c.obj)
 *fill*         0x0000000000a0666f        0x1 
 .bss.g_uart_rx_state_array
                0x0000000000a06670       0x48 driver/uart/libuart.a(uart.c.obj)
 .bss.g_uart_tx_state_array
                0x0000000000a066b8       0xe4 driver/uart/libuart.a(uart.c.obj)
 .bss.g_hal_funcs
                0x0000000000a0679c        0x4 driver/watchdog/libwatchdog.a(watchdog.c.obj)
 .bss.g_watchdog_enabled
                0x0000000000a067a0        0x1 driver/watchdog/libwatchdog.a(watchdog.c.obj)
 .bss.g_watchdog_inited
                0x0000000000a067a1        0x1 driver/watchdog/libwatchdog.a(watchdog.c.obj)
 *fill*         0x0000000000a067a2        0x2 
 .bss.g_hal_efuses_funcs
                0x0000000000a067a4        0x4 hal/efuse/libhal_efuse_v151.a(hal_efuse.c.obj)
                0x0000000000a067a4                g_hal_efuses_funcs
 .bss.g_efuse_is_init
                0x0000000000a067a8        0x1 hal/efuse/libhal_efuse_v151.a(hal_efuse_v151.c.obj)
 *fill*         0x0000000000a067a9        0x3 
 .bss.g_efuse_boot_done_regs
                0x0000000000a067ac        0x4 hal/efuse/libhal_efuse_v151.a(hal_efuse_v151_reg_op.c.obj)
                0x0000000000a067ac                g_efuse_boot_done_regs
 .bss.g_efuse_regs
                0x0000000000a067b0        0x4 hal/efuse/libhal_efuse_v151.a(hal_efuse_v151_reg_op.c.obj)
                0x0000000000a067b0                g_efuse_regs
 .bss.g_ecc_num
                0x0000000000a067b4        0x4 hal/security_unified/libhal_security_unified.a(drv_common_pke.c.obj)
                0x0000000000a067b4                g_ecc_num
 .bss.g_ecc_params
                0x0000000000a067b8        0x4 hal/security_unified/libhal_security_unified.a(drv_common_pke.c.obj)
                0x0000000000a067b8                g_ecc_params
 .bss.g_pke_initialize
                0x0000000000a067bc        0x4 hal/security_unified/libhal_security_unified.a(hal_pke.c.obj)
                0x0000000000a067bc                g_pke_initialize
 .bss.g_hal_hash_initialize
                0x0000000000a067c0        0x1 hal/security_unified/libhal_security_unified.a(hal_hash.c.obj)
 *fill*         0x0000000000a067c1        0x3 
 .bss.g_hash_hard_ctx
                0x0000000000a067c4       0x54 hal/security_unified/libhal_security_unified.a(hal_hash.c.obj)
 .bss.g_node_buffer
                0x0000000000a06818       0x60 hal/security_unified/libhal_security_unified.a(hal_hash.c.obj)
 .bss.g_hal_trng_init_flag
                0x0000000000a06878        0x1 hal/security_unified/libhal_security_unified.a(hal_trng.c.obj)
 *fill*         0x0000000000a06879        0x3 
 .bss.g_tcxo_regs
                0x0000000000a0687c        0x4 hal/tcxo/libhal_tcxo.a(hal_tcxo_v150_regs_op.c.obj)
                0x0000000000a0687c                g_tcxo_regs
 .bss.g_hal_uarts_funcs
                0x0000000000a06880        0xc hal/uart/libhal_uart.a(hal_uart.c.obj)
                0x0000000000a06880                g_hal_uarts_funcs
 .bss.g_hal_uart_callback
                0x0000000000a0688c        0xc hal/uart/libhal_uart.a(hal_uart_v151.c.obj)
 .bss.g_hal_uart_force_isr_flags
                0x0000000000a06898        0x3 hal/uart/libhal_uart.a(hal_uart_v151.c.obj)
 *fill*         0x0000000000a0689b        0x1 
 .bss.g_hal_uart_reg
                0x0000000000a0689c        0xc hal/uart/libhal_uart.a(hal_uart_v151.c.obj)
                0x0000000000a0689c                g_hal_uart_reg
 .bss.g_hal_uart_rx_fifo_level
                0x0000000000a068a8        0x3 hal/uart/libhal_uart.a(hal_uart_v151.c.obj)
                0x0000000000a068a8                g_hal_uart_rx_fifo_level
 *fill*         0x0000000000a068ab        0x1 
 .bss.g_hal_uart_tx_fifo_level
                0x0000000000a068ac        0x3 hal/uart/libhal_uart.a(hal_uart_v151.c.obj)
                0x0000000000a068ac                g_hal_uart_tx_fifo_level
 *fill*         0x0000000000a068af        0x1 
 .bss.g_hal_watchdogs_funcs
                0x0000000000a068b0        0x4 hal/watchdog/libhal_watchdog.a(hal_watchdog.c.obj)
                0x0000000000a068b0                g_hal_watchdogs_funcs
 .bss.g_watchdog_regs
                0x0000000000a068b4        0x4 hal/watchdog/libhal_watchdog.a(hal_watchdog.c.obj)
                0x0000000000a068b4                g_watchdog_regs
 .bss.g_hal_watchdog_callback
                0x0000000000a068b8        0x4 hal/watchdog/libhal_watchdog.a(hal_watchdog_v151.c.obj)
 .bss.g_timeout
                0x0000000000a068bc        0x4 hal/watchdog/libhal_watchdog.a(hal_watchdog_v151.c.obj)
 .bss.g_sfc_bus_dma_regs
                0x0000000000a068c0        0x4 hal/sfc/libhal_sfc.a(hal_sfc.c.obj)
                0x0000000000a068c0                g_sfc_bus_dma_regs
 .bss.g_sfc_bus_regs
                0x0000000000a068c4        0x4 hal/sfc/libhal_sfc.a(hal_sfc.c.obj)
                0x0000000000a068c4                g_sfc_bus_regs
 .bss.g_sfc_cmd_databuf
                0x0000000000a068c8        0x4 hal/sfc/libhal_sfc.a(hal_sfc.c.obj)
                0x0000000000a068c8                g_sfc_cmd_databuf
 .bss.g_sfc_cmd_regs
                0x0000000000a068cc        0x4 hal/sfc/libhal_sfc.a(hal_sfc.c.obj)
                0x0000000000a068cc                g_sfc_cmd_regs
 .bss.g_sfc_global_conf_regs
                0x0000000000a068d0        0x4 hal/sfc/libhal_sfc.a(hal_sfc.c.obj)
                0x0000000000a068d0                g_sfc_global_conf_regs
 .bss.g_sw_debug_uart
                0x0000000000a068d4        0x1 drivers/chips/ws63/porting/uart/libuart_port.a(uart_porting.c.obj)
 *fill*         0x0000000000a068d5        0x3 
 .bss.str_buf.2993
                0x0000000000a068d8       0x80 drivers/chips/ws63/porting/uart/libuart_port.a(uart_porting.c.obj)
 .bss.g_flash_ctrl
                0x0000000000a06958       0x18 drivers/chips/ws63/porting/sfc/driver/libsfc_boot.a(sfc.c.obj)
 .bss.g_sfc_inited
                0x0000000000a06970        0x1 drivers/chips/ws63/porting/sfc/driver/libsfc_boot.a(sfc.c.obj)
 .bss.g_sfc_unknown_flash
                0x0000000000a06971        0x1 drivers/chips/ws63/porting/sfc/driver/libsfc_boot.a(sfc.c.obj)
 .bss.g_hiburn_uart_enabled
                0x0000000000a06972        0x1 drivers/chips/ws63/boot/boot_porting/libchip_boot_port.a(serial.c.obj)
                0x0000000000a06972                g_hiburn_uart_enabled
 .bss.g_uart_mute
                0x0000000000a06973        0x1 drivers/chips/ws63/boot/boot_porting/libchip_boot_port.a(serial.c.obj)